[0.018s] Invoking command in '/workspaces/isaac_ros-dev/src/isaac_ros_nvblox/build/nvblox_image_padding': AMENT_PREFIX_PATH=/workspaces/isaac_ros-dev/src/isaac_ros_nvblox/install/nvblox_ros_common:${AMENT_PREFIX_PATH} CMAKE_PREFIX_PATH=/workspaces/isaac_ros-dev/src/isaac_ros_nvblox/install/nvblox_ros_common:/opt/ros/humble LD_LIBRARY_PATH=/workspaces/isaac_ros-dev/src/isaac_ros_nvblox/install/nvblox_ros_common/lib:${LD_LIBRARY_PATH} _=/usr/bin/env /usr/bin/cmake /workspaces/isaac_ros-dev/src/isaac_ros_nvblox/nvblox_examples/nvblox_image_padding -DAMENT_CMAKE_SYMLINK_INSTALL=1 -DCMAKE_INSTALL_PREFIX=/workspaces/isaac_ros-dev/src/isaac_ros_nvblox/install/nvblox_image_padding
[0.089s] -- The C compiler identification is GNU 11.4.0
[0.144s] -- The CXX compiler identification is GNU 11.4.0
[0.151s] -- Detecting C compiler ABI info
[0.258s] -- Detecting C compiler ABI info - done
[0.266s] -- Check for working C compiler: /usr/bin/cc - skipped
[0.266s] -- Detecting C compile features
[0.266s] -- Detecting C compile features - done
[0.270s] -- Detecting CXX compiler ABI info
[0.380s] -- Detecting CXX compiler ABI info - done
[0.389s] -- Check for working CXX compiler: /usr/bin/c++ - skipped
[0.390s] -- Detecting CXX compile features
[0.390s] -- Detecting CXX compile features - done
[0.396s] -- Found ament_cmake: 1.3.10 (/opt/ros/humble/share/ament_cmake/cmake)
[0.978s] -- Found Python3: /usr/bin/python3 (found version "3.10.12") found components: Interpreter 
[1.033s] -- Override CMake install command with custom implementation using symlinks instead of copying resources
[1.110s] -- Found rclcpp: 16.0.10 (/opt/ros/humble/share/rclcpp/cmake)
[1.165s] -- Found rosidl_generator_c: 3.1.5 (/opt/ros/humble/share/rosidl_generator_c/cmake)
[1.172s] -- Found rosidl_adapter: 3.1.5 (/opt/ros/humble/share/rosidl_adapter/cmake)
[1.183s] -- Found rosidl_generator_cpp: 3.1.5 (/opt/ros/humble/share/rosidl_generator_cpp/cmake)
[1.196s] -- Using all available rosidl_typesupport_c: rosidl_typesupport_fastrtps_c;rosidl_typesupport_introspection_c
[1.216s] -- Using all available rosidl_typesupport_cpp: rosidl_typesupport_fastrtps_cpp;rosidl_typesupport_introspection_cpp
[1.266s] -- Found rmw_implementation_cmake: 6.1.2 (/opt/ros/humble/share/rmw_implementation_cmake/cmake)
[1.270s] -- Found rmw_fastrtps_cpp: 6.2.7 (/opt/ros/humble/share/rmw_fastrtps_cpp/cmake)
[1.385s] -- Found OpenSSL: /usr/lib/x86_64-linux-gnu/libcrypto.so (found version "3.0.2")  
[1.423s] -- Found FastRTPS: /opt/ros/humble/include  
[1.484s] -- Using RMW implementation 'rmw_fastrtps_cpp' as default
[1.498s] -- Looking for pthread.h
[1.592s] -- Looking for pthread.h - found
[1.593s] -- Performing Test CMAKE_HAVE_LIBC_PTHREAD
[1.693s] -- Performing Test CMAKE_HAVE_LIBC_PTHREAD - Success
[1.694s] -- Found Threads: TRUE  
[1.772s] -- Found rclcpp_components: 16.0.10 (/opt/ros/humble/share/rclcpp_components/cmake)
[1.811s] -- Found sensor_msgs: 4.2.4 (/opt/ros/humble/share/sensor_msgs/cmake)
[1.844s] -- Found cv_bridge: 3.2.1 (/opt/ros/humble/share/cv_bridge/cmake)
[1.858s] -- Found nvblox_ros_common: 3.0.1 (/workspaces/isaac_ros-dev/src/isaac_ros_nvblox/install/nvblox_ros_common/share/nvblox_ros_common/cmake)
[1.878s] -- Found CUDAToolkit: /usr/local/cuda/include (found version "12.2.140") 
[1.953s] -- Found isaac_ros_common: 3.1.0 (/opt/ros/humble/share/isaac_ros_common/cmake)
[1.953s] -- Loading isaac_ros_common extras
[1.953s] -- CMAKE_BUILD_TYPE: Release
[1.977s] -- Found CUDA: /usr/local/cuda (found version "12.2") 
[1.978s] -- Loading isaac_ros_common extras (modules)
[2.038s] -- Configuring done
[2.059s] -- Generating done
[2.061s] -- Build files have been written to: /workspaces/isaac_ros-dev/src/isaac_ros_nvblox/build/nvblox_image_padding
[2.070s] Invoked command in '/workspaces/isaac_ros-dev/src/isaac_ros_nvblox/build/nvblox_image_padding' returned '0': AMENT_PREFIX_PATH=/workspaces/isaac_ros-dev/src/isaac_ros_nvblox/install/nvblox_ros_common:${AMENT_PREFIX_PATH} CMAKE_PREFIX_PATH=/workspaces/isaac_ros-dev/src/isaac_ros_nvblox/install/nvblox_ros_common:/opt/ros/humble LD_LIBRARY_PATH=/workspaces/isaac_ros-dev/src/isaac_ros_nvblox/install/nvblox_ros_common/lib:${LD_LIBRARY_PATH} _=/usr/bin/env /usr/bin/cmake /workspaces/isaac_ros-dev/src/isaac_ros_nvblox/nvblox_examples/nvblox_image_padding -DAMENT_CMAKE_SYMLINK_INSTALL=1 -DCMAKE_INSTALL_PREFIX=/workspaces/isaac_ros-dev/src/isaac_ros_nvblox/install/nvblox_image_padding
[2.072s] Invoking command in '/workspaces/isaac_ros-dev/src/isaac_ros_nvblox/build/nvblox_image_padding': AMENT_PREFIX_PATH=/workspaces/isaac_ros-dev/src/isaac_ros_nvblox/install/nvblox_ros_common:${AMENT_PREFIX_PATH} CMAKE_PREFIX_PATH=/workspaces/isaac_ros-dev/src/isaac_ros_nvblox/install/nvblox_ros_common:/opt/ros/humble LD_LIBRARY_PATH=/workspaces/isaac_ros-dev/src/isaac_ros_nvblox/install/nvblox_ros_common/lib:${LD_LIBRARY_PATH} _=/usr/bin/env /usr/bin/cmake --build /workspaces/isaac_ros-dev/src/isaac_ros_nvblox/build/nvblox_image_padding -- -j48 -l48
[2.147s] [ 25%] [32mBuilding CXX object CMakeFiles/nvblox_image_padding_lib.dir/src/image_padding_cropping_node.cpp.o[0m
[10.398s] [ 50%] [32m[1mLinking CXX shared library libnvblox_image_padding_lib.so[0m
[10.555s] [ 50%] Built target nvblox_image_padding_lib
[10.596s] [ 75%] [32mBuilding CXX object CMakeFiles/image_padding_cropping_node.dir/src/image_padding_cropping_node_main.cpp.o[0m
[13.231s] [100%] [32m[1mLinking CXX executable image_padding_cropping_node[0m
[13.548s] [100%] Built target image_padding_cropping_node
[13.561s] Invoked command in '/workspaces/isaac_ros-dev/src/isaac_ros_nvblox/build/nvblox_image_padding' returned '0': AMENT_PREFIX_PATH=/workspaces/isaac_ros-dev/src/isaac_ros_nvblox/install/nvblox_ros_common:${AMENT_PREFIX_PATH} CMAKE_PREFIX_PATH=/workspaces/isaac_ros-dev/src/isaac_ros_nvblox/install/nvblox_ros_common:/opt/ros/humble LD_LIBRARY_PATH=/workspaces/isaac_ros-dev/src/isaac_ros_nvblox/install/nvblox_ros_common/lib:${LD_LIBRARY_PATH} _=/usr/bin/env /usr/bin/cmake --build /workspaces/isaac_ros-dev/src/isaac_ros_nvblox/build/nvblox_image_padding -- -j48 -l48
[13.753s] Invoking command in '/workspaces/isaac_ros-dev/src/isaac_ros_nvblox/build/nvblox_image_padding': AMENT_PREFIX_PATH=/workspaces/isaac_ros-dev/src/isaac_ros_nvblox/install/nvblox_ros_common:${AMENT_PREFIX_PATH} CMAKE_PREFIX_PATH=/workspaces/isaac_ros-dev/src/isaac_ros_nvblox/install/nvblox_ros_common:/opt/ros/humble LD_LIBRARY_PATH=/workspaces/isaac_ros-dev/src/isaac_ros_nvblox/install/nvblox_ros_common/lib:${LD_LIBRARY_PATH} _=/usr/bin/env /usr/bin/cmake --install /workspaces/isaac_ros-dev/src/isaac_ros_nvblox/build/nvblox_image_padding
[13.762s] -- Install configuration: "Release"
[13.762s] -- Execute custom install script
[13.763s] -- Symlinking: /workspaces/isaac_ros-dev/src/isaac_ros_nvblox/install/nvblox_image_padding/include/nvblox_image_padding/image_padding_cropping_node.hpp
[13.772s] -- Symlinking: /workspaces/isaac_ros-dev/src/isaac_ros_nvblox/install/nvblox_image_padding/lib/nvblox_image_padding/image_padding_cropping_node
[13.780s] -- Symlinking: /workspaces/isaac_ros-dev/src/isaac_ros_nvblox/install/nvblox_image_padding/share/nvblox_image_padding/environment/library_path.sh
[13.788s] -- Symlinking: /workspaces/isaac_ros-dev/src/isaac_ros_nvblox/install/nvblox_image_padding/share/nvblox_image_padding/environment/library_path.dsv
[13.797s] -- Symlinking: /workspaces/isaac_ros-dev/src/isaac_ros_nvblox/install/nvblox_image_padding/share/ament_index/resource_index/package_run_dependencies/nvblox_image_padding
[13.805s] -- Symlinking: /workspaces/isaac_ros-dev/src/isaac_ros_nvblox/install/nvblox_image_padding/share/ament_index/resource_index/parent_prefix_path/nvblox_image_padding
[13.813s] -- Symlinking: /workspaces/isaac_ros-dev/src/isaac_ros_nvblox/install/nvblox_image_padding/share/nvblox_image_padding/environment/ament_prefix_path.sh
[13.821s] -- Symlinking: /workspaces/isaac_ros-dev/src/isaac_ros_nvblox/install/nvblox_image_padding/share/nvblox_image_padding/environment/ament_prefix_path.dsv
[13.829s] -- Symlinking: /workspaces/isaac_ros-dev/src/isaac_ros_nvblox/install/nvblox_image_padding/share/nvblox_image_padding/environment/path.sh
[13.838s] -- Symlinking: /workspaces/isaac_ros-dev/src/isaac_ros_nvblox/install/nvblox_image_padding/share/nvblox_image_padding/environment/path.dsv
[13.846s] -- Symlinking: /workspaces/isaac_ros-dev/src/isaac_ros_nvblox/install/nvblox_image_padding/share/nvblox_image_padding/local_setup.bash
[13.854s] -- Symlinking: /workspaces/isaac_ros-dev/src/isaac_ros_nvblox/install/nvblox_image_padding/share/nvblox_image_padding/local_setup.sh
[13.867s] -- Symlinking: /workspaces/isaac_ros-dev/src/isaac_ros_nvblox/install/nvblox_image_padding/share/nvblox_image_padding/local_setup.zsh
[13.876s] -- Symlinking: /workspaces/isaac_ros-dev/src/isaac_ros_nvblox/install/nvblox_image_padding/share/nvblox_image_padding/local_setup.dsv
[13.885s] -- Symlinking: /workspaces/isaac_ros-dev/src/isaac_ros_nvblox/install/nvblox_image_padding/share/nvblox_image_padding/package.dsv
[13.894s] -- Symlinking: /workspaces/isaac_ros-dev/src/isaac_ros_nvblox/install/nvblox_image_padding/share/ament_index/resource_index/packages/nvblox_image_padding
[13.903s] -- Symlinking: /workspaces/isaac_ros-dev/src/isaac_ros_nvblox/install/nvblox_image_padding/share/ament_index/resource_index/rclcpp_components/nvblox_image_padding
[13.913s] -- Symlinking: /workspaces/isaac_ros-dev/src/isaac_ros_nvblox/install/nvblox_image_padding/share/nvblox_image_padding/cmake/ament_cmake_export_include_directories-extras.cmake
[13.922s] -- Symlinking: /workspaces/isaac_ros-dev/src/isaac_ros_nvblox/install/nvblox_image_padding/share/nvblox_image_padding/cmake/ament_cmake_export_libraries-extras.cmake
[13.931s] -- Symlinking: /workspaces/isaac_ros-dev/src/isaac_ros_nvblox/install/nvblox_image_padding/share/nvblox_image_padding/cmake/ament_cmake_export_targets-extras.cmake
[13.942s] -- Symlinking: /workspaces/isaac_ros-dev/src/isaac_ros_nvblox/install/nvblox_image_padding/share/nvblox_image_padding/cmake/ament_cmake_export_dependencies-extras.cmake
[13.952s] -- Symlinking: /workspaces/isaac_ros-dev/src/isaac_ros_nvblox/install/nvblox_image_padding/share/nvblox_image_padding/cmake/nvblox_image_paddingConfig.cmake
[13.962s] -- Symlinking: /workspaces/isaac_ros-dev/src/isaac_ros_nvblox/install/nvblox_image_padding/share/nvblox_image_padding/cmake/nvblox_image_paddingConfig-version.cmake
[13.972s] -- Symlinking: /workspaces/isaac_ros-dev/src/isaac_ros_nvblox/install/nvblox_image_padding/share/nvblox_image_padding/package.xml
[13.980s] -- Installing: /workspaces/isaac_ros-dev/src/isaac_ros_nvblox/install/nvblox_image_padding/lib/libnvblox_image_padding_lib.so
[13.982s] -- Set runtime path of "/workspaces/isaac_ros-dev/src/isaac_ros_nvblox/install/nvblox_image_padding/lib/libnvblox_image_padding_lib.so" to ""
[13.982s] -- Installing: /workspaces/isaac_ros-dev/src/isaac_ros_nvblox/install/nvblox_image_padding/share/nvblox_image_padding/cmake/nvblox_image_paddingTargetsExport.cmake
[13.982s] -- Installing: /workspaces/isaac_ros-dev/src/isaac_ros_nvblox/install/nvblox_image_padding/share/nvblox_image_padding/cmake/nvblox_image_paddingTargetsExport-release.cmake
[13.985s] Invoked command in '/workspaces/isaac_ros-dev/src/isaac_ros_nvblox/build/nvblox_image_padding' returned '0': AMENT_PREFIX_PATH=/workspaces/isaac_ros-dev/src/isaac_ros_nvblox/install/nvblox_ros_common:${AMENT_PREFIX_PATH} CMAKE_PREFIX_PATH=/workspaces/isaac_ros-dev/src/isaac_ros_nvblox/install/nvblox_ros_common:/opt/ros/humble LD_LIBRARY_PATH=/workspaces/isaac_ros-dev/src/isaac_ros_nvblox/install/nvblox_ros_common/lib:${LD_LIBRARY_PATH} _=/usr/bin/env /usr/bin/cmake --install /workspaces/isaac_ros-dev/src/isaac_ros_nvblox/build/nvblox_image_padding
