[0.019s] Invoking command in '/workspaces/isaac_ros-dev/src/isaac_ros_nvblox/build/nvblox_rviz_plugin': AMENT_PREFIX_PATH=/workspaces/isaac_ros-dev/src/isaac_ros_nvblox/install/nvblox_msgs:${AMENT_PREFIX_PATH} CMAKE_PREFIX_PATH=/workspaces/isaac_ros-dev/src/isaac_ros_nvblox/install/nvblox_msgs:/opt/ros/humble LD_LIBRARY_PATH=/workspaces/isaac_ros-dev/src/isaac_ros_nvblox/install/nvblox_msgs/lib:${LD_LIBRARY_PATH} PYTHONPATH=/workspaces/isaac_ros-dev/src/isaac_ros_nvblox/install/nvblox_msgs/local/lib/python3.10/dist-packages:${PYTHONPATH} _=/usr/bin/env /usr/bin/cmake /workspaces/isaac_ros-dev/src/isaac_ros_nvblox/nvblox_rviz_plugin -DAMENT_CMAKE_SYMLINK_INSTALL=1 -DCMAKE_INSTALL_PREFIX=/workspaces/isaac_ros-dev/src/isaac_ros_nvblox/install/nvblox_rviz_plugin
[0.089s] -- The C compiler identification is GNU 11.4.0
[0.140s] -- The CXX compiler identification is GNU 11.4.0
[0.147s] -- Detecting C compiler ABI info
[0.235s] -- Detecting C compiler ABI info - done
[0.247s] -- Check for working C compiler: /usr/bin/cc - skipped
[0.248s] -- Detecting C compile features
[0.249s] -- Detecting C compile features - done
[0.255s] -- Detecting CXX compiler ABI info
[0.357s] -- Detecting CXX compiler ABI info - done
[0.365s] -- Check for working CXX compiler: /usr/bin/c++ - skipped
[0.366s] -- Detecting CXX compile features
[0.366s] -- Detecting CXX compile features - done
[0.367s] -- CMAKE_BUILD_TYPE: Release
[0.371s] -- Found ament_cmake: 1.3.10 (/opt/ros/humble/share/ament_cmake/cmake)
[0.909s] -- Found Python3: /usr/bin/python3 (found version "3.10.12") found components: Interpreter 
[0.961s] -- Override CMake install command with custom implementation using symlinks instead of copying resources
[1.080s] -- Found rviz_common: 11.2.13 (/opt/ros/humble/share/rviz_common/cmake)
[1.126s] -- Setting assimp_DIR to: '/opt/ros/humble/share/rviz_assimp_vendor/cmake/../../../opt/rviz_assimp_vendor/lib/cmake/assimp-4.1'
[1.143s] -- Setting OGRE_DIR to: '/opt/ros/humble/share/rviz_ogre_vendor/cmake/../../../opt/rviz_ogre_vendor/lib/OGRE/cmake'
[1.144s] -- Found OGRE
[1.145s] --   static     : OFF
[1.145s] --   components : HLMS;MeshLodGenerator;Overlay;Paging;Property;RTShaderSystem;Terrain;Volume
[1.145s] --   plugins    : Plugin_BSPSceneManager;Plugin_OctreeSceneManager;Plugin_PCZSceneManager;Plugin_ParticleFX;RenderSystem_GL;RenderSystem_GL3Plus;Codec_STBI
[1.145s] --   media      : /opt/ros/humble/opt/rviz_ogre_vendor/share/OGRE/Media
[1.145s] -- OGRE_LIBRARIES: OgreHLMS;OgreMeshLodGenerator;OgreOverlay;OgrePaging;OgreProperty;OgreRTShaderSystem;OgreTerrain;OgreVolume;OgreMain
[1.145s] -- OGRE_LIBRARY_DIRS: /opt/ros/humble/opt/rviz_ogre_vendor/lib
[1.145s] -- OGRE_PLUGINS: Plugin_BSPSceneManager;Plugin_OctreeSceneManager;Plugin_PCZSceneManager;Plugin_ParticleFX;RenderSystem_GL;RenderSystem_GL3Plus;Codec_STBI
[1.145s] -- OGRE_PLUGIN_DIR: /opt/ros/humble/opt/rviz_ogre_vendor/lib/OGRE
[1.146s] -- rviz_ogre_vendor::OgreOverlay for IMPORTED_LOCATION_RELEASE: /opt/ros/humble/opt/rviz_ogre_vendor/lib/libOgreOverlay.so
[1.146s] -- rviz_ogre_vendor::OgreOverlay for IMPORTED_LOCATION_DEBUG: /opt/ros/humble/opt/rviz_ogre_vendor/lib/libOgreOverlay.so
[1.146s] -- rviz_ogre_vendor::OgreMain for IMPORTED_LOCATION_RELEASE: /opt/ros/humble/opt/rviz_ogre_vendor/lib/libOgreMain.so
[1.146s] -- rviz_ogre_vendor::OgreMain for IMPORTED_LOCATION_DEBUG: /opt/ros/humble/opt/rviz_ogre_vendor/lib/libOgreMain.so
[1.150s] -- Could not find freeimage library
[1.168s] -- Found ZLIB: /usr/lib/x86_64-linux-gnu/libz.so (found version "1.2.11") 
[1.177s] -- Found OpenGL: /usr/lib/x86_64-linux-gnu/libOpenGL.so   
[1.273s] -- Found X11: /usr/include   
[1.273s] -- Looking for XOpenDisplay in /usr/lib/x86_64-linux-gnu/libX11.so;/usr/lib/x86_64-linux-gnu/libXext.so
[1.366s] -- Looking for XOpenDisplay in /usr/lib/x86_64-linux-gnu/libX11.so;/usr/lib/x86_64-linux-gnu/libXext.so - found
[1.366s] -- Looking for gethostbyname
[1.454s] -- Looking for gethostbyname - found
[1.454s] -- Looking for connect
[1.551s] -- Looking for connect - found
[1.551s] -- Looking for remove
[1.638s] -- Looking for remove - found
[1.638s] -- Looking for shmat
[1.725s] -- Looking for shmat - found
[1.725s] -- Looking for IceConnectionNumber in ICE
[1.823s] -- Looking for IceConnectionNumber in ICE - found
[1.979s] -- library: /usr/lib/x86_64-linux-gnu/libcurl.so
[2.027s] -- Found rosidl_generator_c: 3.1.5 (/opt/ros/humble/share/rosidl_generator_c/cmake)
[2.035s] -- Found rosidl_adapter: 3.1.5 (/opt/ros/humble/share/rosidl_adapter/cmake)
[2.046s] -- Found rosidl_generator_cpp: 3.1.5 (/opt/ros/humble/share/rosidl_generator_cpp/cmake)
[2.058s] -- Using all available rosidl_typesupport_c: rosidl_typesupport_fastrtps_c;rosidl_typesupport_introspection_c
[2.077s] -- Using all available rosidl_typesupport_cpp: rosidl_typesupport_fastrtps_cpp;rosidl_typesupport_introspection_cpp
[2.202s] -- Found rmw_implementation_cmake: 6.1.2 (/opt/ros/humble/share/rmw_implementation_cmake/cmake)
[2.206s] -- Found rmw_fastrtps_cpp: 6.2.7 (/opt/ros/humble/share/rmw_fastrtps_cpp/cmake)
[2.234s] -- Found TinyXML2 via Config file: TinyXML2_DIR-NOTFOUND
[2.305s] -- Found OpenSSL: /usr/lib/x86_64-linux-gnu/libcrypto.so (found version "3.0.2")  
[2.308s] -- Found TinyXML2 via Config file: TinyXML2_DIR-NOTFOUND
[2.317s] -- Found FastRTPS: /opt/ros/humble/include  
[2.320s] -- Found TinyXML2 via Config file: TinyXML2_DIR-NOTFOUND
[2.327s] -- Found TinyXML2 via Config file: TinyXML2_DIR-NOTFOUND
[2.336s] -- Using RMW implementation 'rmw_fastrtps_cpp' as default
[2.351s] -- Looking for pthread.h
[2.447s] -- Looking for pthread.h - found
[2.447s] -- Performing Test CMAKE_HAVE_LIBC_PTHREAD
[2.541s] -- Performing Test CMAKE_HAVE_LIBC_PTHREAD - Success
[2.542s] -- Found Threads: TRUE  
[2.621s] -- Found Eigen3: TRUE (found version "3.4.0") 
[2.621s] -- Ensuring Eigen3 include directory is part of orocos-kdl CMake target
[2.747s] -- Found rviz_default_plugins: 11.2.13 (/opt/ros/humble/share/rviz_default_plugins/cmake)
[2.828s] -- Found nvblox_msgs: 3.0.1 (/workspaces/isaac_ros-dev/src/isaac_ros_nvblox/install/nvblox_msgs/share/nvblox_msgs/cmake)
[2.902s] -- Configuring done
[2.957s] -- Generating done
[2.959s] -- Build files have been written to: /workspaces/isaac_ros-dev/src/isaac_ros_nvblox/build/nvblox_rviz_plugin
[2.972s] Invoked command in '/workspaces/isaac_ros-dev/src/isaac_ros_nvblox/build/nvblox_rviz_plugin' returned '0': AMENT_PREFIX_PATH=/workspaces/isaac_ros-dev/src/isaac_ros_nvblox/install/nvblox_msgs:${AMENT_PREFIX_PATH} CMAKE_PREFIX_PATH=/workspaces/isaac_ros-dev/src/isaac_ros_nvblox/install/nvblox_msgs:/opt/ros/humble LD_LIBRARY_PATH=/workspaces/isaac_ros-dev/src/isaac_ros_nvblox/install/nvblox_msgs/lib:${LD_LIBRARY_PATH} PYTHONPATH=/workspaces/isaac_ros-dev/src/isaac_ros_nvblox/install/nvblox_msgs/local/lib/python3.10/dist-packages:${PYTHONPATH} _=/usr/bin/env /usr/bin/cmake /workspaces/isaac_ros-dev/src/isaac_ros_nvblox/nvblox_rviz_plugin -DAMENT_CMAKE_SYMLINK_INSTALL=1 -DCMAKE_INSTALL_PREFIX=/workspaces/isaac_ros-dev/src/isaac_ros_nvblox/install/nvblox_rviz_plugin
[2.974s] Invoking command in '/workspaces/isaac_ros-dev/src/isaac_ros_nvblox/build/nvblox_rviz_plugin': AMENT_PREFIX_PATH=/workspaces/isaac_ros-dev/src/isaac_ros_nvblox/install/nvblox_msgs:${AMENT_PREFIX_PATH} CMAKE_PREFIX_PATH=/workspaces/isaac_ros-dev/src/isaac_ros_nvblox/install/nvblox_msgs:/opt/ros/humble LD_LIBRARY_PATH=/workspaces/isaac_ros-dev/src/isaac_ros_nvblox/install/nvblox_msgs/lib:${LD_LIBRARY_PATH} PYTHONPATH=/workspaces/isaac_ros-dev/src/isaac_ros_nvblox/install/nvblox_msgs/local/lib/python3.10/dist-packages:${PYTHONPATH} _=/usr/bin/env /usr/bin/cmake --build /workspaces/isaac_ros-dev/src/isaac_ros_nvblox/build/nvblox_rviz_plugin -- -j48 -l48
[3.052s] [ 20%] [34m[1mAutomatic MOC for target nvblox_rviz_plugin[0m
[3.483s] [ 20%] Built target nvblox_rviz_plugin_autogen
[3.524s] [ 40%] [32mBuilding CXX object CMakeFiles/nvblox_rviz_plugin.dir/nvblox_rviz_plugin_autogen/mocs_compilation.cpp.o[0m
[3.525s] [ 60%] [32mBuilding CXX object CMakeFiles/nvblox_rviz_plugin.dir/src/nvblox_mesh_display.cpp.o[0m
[3.527s] [ 80%] [32mBuilding CXX object CMakeFiles/nvblox_rviz_plugin.dir/src/nvblox_mesh_visual.cpp.o[0m
[14.491s] [100%] [32m[1mLinking CXX shared library libnvblox_rviz_plugin.so[0m
[15.033s] [100%] Built target nvblox_rviz_plugin
[15.046s] Invoked command in '/workspaces/isaac_ros-dev/src/isaac_ros_nvblox/build/nvblox_rviz_plugin' returned '0': AMENT_PREFIX_PATH=/workspaces/isaac_ros-dev/src/isaac_ros_nvblox/install/nvblox_msgs:${AMENT_PREFIX_PATH} CMAKE_PREFIX_PATH=/workspaces/isaac_ros-dev/src/isaac_ros_nvblox/install/nvblox_msgs:/opt/ros/humble LD_LIBRARY_PATH=/workspaces/isaac_ros-dev/src/isaac_ros_nvblox/install/nvblox_msgs/lib:${LD_LIBRARY_PATH} PYTHONPATH=/workspaces/isaac_ros-dev/src/isaac_ros_nvblox/install/nvblox_msgs/local/lib/python3.10/dist-packages:${PYTHONPATH} _=/usr/bin/env /usr/bin/cmake --build /workspaces/isaac_ros-dev/src/isaac_ros_nvblox/build/nvblox_rviz_plugin -- -j48 -l48
[15.287s] Invoking command in '/workspaces/isaac_ros-dev/src/isaac_ros_nvblox/build/nvblox_rviz_plugin': AMENT_PREFIX_PATH=/workspaces/isaac_ros-dev/src/isaac_ros_nvblox/install/nvblox_msgs:${AMENT_PREFIX_PATH} CMAKE_PREFIX_PATH=/workspaces/isaac_ros-dev/src/isaac_ros_nvblox/install/nvblox_msgs:/opt/ros/humble LD_LIBRARY_PATH=/workspaces/isaac_ros-dev/src/isaac_ros_nvblox/install/nvblox_msgs/lib:${LD_LIBRARY_PATH} PYTHONPATH=/workspaces/isaac_ros-dev/src/isaac_ros_nvblox/install/nvblox_msgs/local/lib/python3.10/dist-packages:${PYTHONPATH} _=/usr/bin/env /usr/bin/cmake --install /workspaces/isaac_ros-dev/src/isaac_ros_nvblox/build/nvblox_rviz_plugin
[15.296s] -- Install configuration: "Release"
[15.296s] -- Execute custom install script
[15.296s] -- Symlinking: /workspaces/isaac_ros-dev/src/isaac_ros_nvblox/install/nvblox_rviz_plugin/share/nvblox_rviz_plugin/environment/library_path.sh
[15.306s] -- Symlinking: /workspaces/isaac_ros-dev/src/isaac_ros_nvblox/install/nvblox_rviz_plugin/share/nvblox_rviz_plugin/environment/library_path.dsv
[15.314s] -- Symlinking: /workspaces/isaac_ros-dev/src/isaac_ros_nvblox/install/nvblox_rviz_plugin/include/nvblox_rviz_plugin/nvblox_hash_utils.h
[15.323s] -- Symlinking: /workspaces/isaac_ros-dev/src/isaac_ros_nvblox/install/nvblox_rviz_plugin/include/nvblox_rviz_plugin/nvblox_mesh_display.h
[15.331s] -- Symlinking: /workspaces/isaac_ros-dev/src/isaac_ros_nvblox/install/nvblox_rviz_plugin/include/nvblox_rviz_plugin/nvblox_mesh_visual.h
[15.339s] -- Symlinking: /workspaces/isaac_ros-dev/src/isaac_ros_nvblox/install/nvblox_rviz_plugin/share/nvblox_rviz_plugin/icons/classes/NvbloxMesh.png
[15.347s] -- Symlinking: /workspaces/isaac_ros-dev/src/isaac_ros_nvblox/install/nvblox_rviz_plugin/share/nvblox_rviz_plugin//plugins_description.xml
[15.356s] -- Symlinking: /workspaces/isaac_ros-dev/src/isaac_ros_nvblox/install/nvblox_rviz_plugin/share/ament_index/resource_index/package_run_dependencies/nvblox_rviz_plugin
[15.364s] -- Symlinking: /workspaces/isaac_ros-dev/src/isaac_ros_nvblox/install/nvblox_rviz_plugin/share/ament_index/resource_index/parent_prefix_path/nvblox_rviz_plugin
[15.372s] -- Symlinking: /workspaces/isaac_ros-dev/src/isaac_ros_nvblox/install/nvblox_rviz_plugin/share/nvblox_rviz_plugin/environment/ament_prefix_path.sh
[15.380s] -- Symlinking: /workspaces/isaac_ros-dev/src/isaac_ros_nvblox/install/nvblox_rviz_plugin/share/nvblox_rviz_plugin/environment/ament_prefix_path.dsv
[15.388s] -- Symlinking: /workspaces/isaac_ros-dev/src/isaac_ros_nvblox/install/nvblox_rviz_plugin/share/nvblox_rviz_plugin/environment/path.sh
[15.396s] -- Symlinking: /workspaces/isaac_ros-dev/src/isaac_ros_nvblox/install/nvblox_rviz_plugin/share/nvblox_rviz_plugin/environment/path.dsv
[15.406s] -- Symlinking: /workspaces/isaac_ros-dev/src/isaac_ros_nvblox/install/nvblox_rviz_plugin/share/nvblox_rviz_plugin/local_setup.bash
[15.415s] -- Symlinking: /workspaces/isaac_ros-dev/src/isaac_ros_nvblox/install/nvblox_rviz_plugin/share/nvblox_rviz_plugin/local_setup.sh
[15.423s] -- Symlinking: /workspaces/isaac_ros-dev/src/isaac_ros_nvblox/install/nvblox_rviz_plugin/share/nvblox_rviz_plugin/local_setup.zsh
[15.431s] -- Symlinking: /workspaces/isaac_ros-dev/src/isaac_ros_nvblox/install/nvblox_rviz_plugin/share/nvblox_rviz_plugin/local_setup.dsv
[15.439s] -- Symlinking: /workspaces/isaac_ros-dev/src/isaac_ros_nvblox/install/nvblox_rviz_plugin/share/nvblox_rviz_plugin/package.dsv
[15.447s] -- Symlinking: /workspaces/isaac_ros-dev/src/isaac_ros_nvblox/install/nvblox_rviz_plugin/share/ament_index/resource_index/packages/nvblox_rviz_plugin
[15.458s] -- Symlinking: /workspaces/isaac_ros-dev/src/isaac_ros_nvblox/install/nvblox_rviz_plugin/share/ament_index/resource_index/rviz_common__pluginlib__plugin/nvblox_rviz_plugin
[15.466s] -- Symlinking: /workspaces/isaac_ros-dev/src/isaac_ros_nvblox/install/nvblox_rviz_plugin/share/nvblox_rviz_plugin/cmake/ament_cmake_export_include_directories-extras.cmake
[15.474s] -- Symlinking: /workspaces/isaac_ros-dev/src/isaac_ros_nvblox/install/nvblox_rviz_plugin/share/nvblox_rviz_plugin/cmake/ament_cmake_export_targets-extras.cmake
[15.483s] -- Symlinking: /workspaces/isaac_ros-dev/src/isaac_ros_nvblox/install/nvblox_rviz_plugin/share/nvblox_rviz_plugin/cmake/ament_cmake_export_dependencies-extras.cmake
[15.491s] -- Symlinking: /workspaces/isaac_ros-dev/src/isaac_ros_nvblox/install/nvblox_rviz_plugin/share/nvblox_rviz_plugin/cmake/nvblox_rviz_pluginConfig.cmake
[15.499s] -- Symlinking: /workspaces/isaac_ros-dev/src/isaac_ros_nvblox/install/nvblox_rviz_plugin/share/nvblox_rviz_plugin/cmake/nvblox_rviz_pluginConfig-version.cmake
[15.507s] -- Symlinking: /workspaces/isaac_ros-dev/src/isaac_ros_nvblox/install/nvblox_rviz_plugin/share/nvblox_rviz_plugin/package.xml
[15.517s] -- Installing: /workspaces/isaac_ros-dev/src/isaac_ros_nvblox/install/nvblox_rviz_plugin/lib/libnvblox_rviz_plugin.so
[15.519s] -- Set runtime path of "/workspaces/isaac_ros-dev/src/isaac_ros_nvblox/install/nvblox_rviz_plugin/lib/libnvblox_rviz_plugin.so" to ""
[15.519s] -- Installing: /workspaces/isaac_ros-dev/src/isaac_ros_nvblox/install/nvblox_rviz_plugin/share/nvblox_rviz_plugin/cmake/nvblox_rviz_pluginExport.cmake
[15.519s] -- Installing: /workspaces/isaac_ros-dev/src/isaac_ros_nvblox/install/nvblox_rviz_plugin/share/nvblox_rviz_plugin/cmake/nvblox_rviz_pluginExport-release.cmake
[15.523s] Invoked command in '/workspaces/isaac_ros-dev/src/isaac_ros_nvblox/build/nvblox_rviz_plugin' returned '0': AMENT_PREFIX_PATH=/workspaces/isaac_ros-dev/src/isaac_ros_nvblox/install/nvblox_msgs:${AMENT_PREFIX_PATH} CMAKE_PREFIX_PATH=/workspaces/isaac_ros-dev/src/isaac_ros_nvblox/install/nvblox_msgs:/opt/ros/humble LD_LIBRARY_PATH=/workspaces/isaac_ros-dev/src/isaac_ros_nvblox/install/nvblox_msgs/lib:${LD_LIBRARY_PATH} PYTHONPATH=/workspaces/isaac_ros-dev/src/isaac_ros_nvblox/install/nvblox_msgs/local/lib/python3.10/dist-packages:${PYTHONPATH} _=/usr/bin/env /usr/bin/cmake --install /workspaces/isaac_ros-dev/src/isaac_ros_nvblox/build/nvblox_rviz_plugin
