[0.020s] Invoking command in '/workspaces/isaac_ros-dev/src/isaac_ros_nvblox/build/nvblox_nav2': AMENT_PREFIX_PATH=/workspaces/isaac_ros-dev/src/isaac_ros_nvblox/install/nvblox_msgs:${AMENT_PREFIX_PATH} CMAKE_PREFIX_PATH=/workspaces/isaac_ros-dev/src/isaac_ros_nvblox/install/nvblox_msgs:/opt/ros/humble LD_LIBRARY_PATH=/workspaces/isaac_ros-dev/src/isaac_ros_nvblox/install/nvblox_msgs/lib:${LD_LIBRARY_PATH} PYTHONPATH=/workspaces/isaac_ros-dev/src/isaac_ros_nvblox/install/nvblox_msgs/local/lib/python3.10/dist-packages:${PYTHONPATH} _=/usr/bin/env /usr/bin/cmake /workspaces/isaac_ros-dev/src/isaac_ros_nvblox/nvblox_nav2 -DAMENT_CMAKE_SYMLINK_INSTALL=1 -DCMAKE_INSTALL_PREFIX=/workspaces/isaac_ros-dev/src/isaac_ros_nvblox/install/nvblox_nav2
[0.089s] -- The C compiler identification is GNU 11.4.0
[0.140s] -- The CXX compiler identification is GNU 11.4.0
[0.147s] -- Detecting C compiler ABI info
[0.236s] -- Detecting C compiler ABI info - done
[0.241s] -- Check for working C compiler: /usr/bin/cc - skipped
[0.241s] -- Detecting C compile features
[0.242s] -- Detecting C compile features - done
[0.244s] -- Detecting CXX compiler ABI info
[0.338s] -- Detecting CXX compiler ABI info - done
[0.344s] -- Check for working CXX compiler: /usr/bin/c++ - skipped
[0.344s] -- Detecting CXX compile features
[0.344s] -- Detecting CXX compile features - done
[0.345s] -- CMAKE_BUILD_TYPE: Release
[0.348s] -- Found ament_cmake_auto: 1.3.10 (/opt/ros/humble/share/ament_cmake_auto/cmake)
[0.892s] -- Found Python3: /usr/bin/python3 (found version "3.10.12") found components: Interpreter 
[0.945s] -- Override CMake install command with custom implementation using symlinks instead of copying resources
[1.178s] -- Found rosidl_generator_c: 3.1.5 (/opt/ros/humble/share/rosidl_generator_c/cmake)
[1.185s] -- Found rosidl_adapter: 3.1.5 (/opt/ros/humble/share/rosidl_adapter/cmake)
[1.195s] -- Found rosidl_generator_cpp: 3.1.5 (/opt/ros/humble/share/rosidl_generator_cpp/cmake)
[1.208s] -- Using all available rosidl_typesupport_c: rosidl_typesupport_fastrtps_c;rosidl_typesupport_introspection_c
[1.226s] -- Using all available rosidl_typesupport_cpp: rosidl_typesupport_fastrtps_cpp;rosidl_typesupport_introspection_cpp
[1.363s] -- Found rmw_implementation_cmake: 6.1.2 (/opt/ros/humble/share/rmw_implementation_cmake/cmake)
[1.367s] -- Found rmw_fastrtps_cpp: 6.2.7 (/opt/ros/humble/share/rmw_fastrtps_cpp/cmake)
[1.485s] -- Found OpenSSL: /usr/lib/x86_64-linux-gnu/libcrypto.so (found version "3.0.2")  
[1.523s] -- Found FastRTPS: /opt/ros/humble/include  
[1.584s] -- Using RMW implementation 'rmw_fastrtps_cpp' as default
[1.598s] -- Looking for pthread.h
[1.689s] -- Looking for pthread.h - found
[1.689s] -- Performing Test CMAKE_HAVE_LIBC_PTHREAD
[1.778s] -- Performing Test CMAKE_HAVE_LIBC_PTHREAD - Success
[1.779s] -- Found Threads: TRUE  
[2.017s] -- Found Eigen3: TRUE (found version "3.4.0") 
[2.017s] -- Ensuring Eigen3 include directory is part of orocos-kdl CMake target
[2.192s] -- Found ament_lint_auto: 0.12.11 (/opt/ros/humble/share/ament_lint_auto/cmake)
[2.231s] -- Added test 'copyright' to check source files copyright and LICENSE
[2.232s] -- Added test 'cppcheck' to perform static code analysis on C / C++ code
[2.232s] -- Configured cppcheck include dirs: /workspaces/isaac_ros-dev/src/isaac_ros_nvblox/nvblox_nav2/include
[2.232s] -- Configured cppcheck exclude dirs and/or files: 
[2.233s] -- Added test 'cpplint' to check C / C++ code against the Google style
[2.233s] -- Configured cpplint exclude dirs and/or files: 
[2.234s] -- Added test 'lint_cmake' to check CMake code style
[2.235s] -- Added test 'uncrustify' to check C / C++ code style
[2.235s] -- Configured uncrustify additional arguments: 
[2.235s] -- Added test 'xmllint' to check XML markup files
[2.237s] -- Configuring done
[2.304s] -- Generating done
[2.306s] -- Build files have been written to: /workspaces/isaac_ros-dev/src/isaac_ros_nvblox/build/nvblox_nav2
[2.317s] Invoked command in '/workspaces/isaac_ros-dev/src/isaac_ros_nvblox/build/nvblox_nav2' returned '0': AMENT_PREFIX_PATH=/workspaces/isaac_ros-dev/src/isaac_ros_nvblox/install/nvblox_msgs:${AMENT_PREFIX_PATH} CMAKE_PREFIX_PATH=/workspaces/isaac_ros-dev/src/isaac_ros_nvblox/install/nvblox_msgs:/opt/ros/humble LD_LIBRARY_PATH=/workspaces/isaac_ros-dev/src/isaac_ros_nvblox/install/nvblox_msgs/lib:${LD_LIBRARY_PATH} PYTHONPATH=/workspaces/isaac_ros-dev/src/isaac_ros_nvblox/install/nvblox_msgs/local/lib/python3.10/dist-packages:${PYTHONPATH} _=/usr/bin/env /usr/bin/cmake /workspaces/isaac_ros-dev/src/isaac_ros_nvblox/nvblox_nav2 -DAMENT_CMAKE_SYMLINK_INSTALL=1 -DCMAKE_INSTALL_PREFIX=/workspaces/isaac_ros-dev/src/isaac_ros_nvblox/install/nvblox_nav2
[2.319s] Invoking command in '/workspaces/isaac_ros-dev/src/isaac_ros_nvblox/build/nvblox_nav2': AMENT_PREFIX_PATH=/workspaces/isaac_ros-dev/src/isaac_ros_nvblox/install/nvblox_msgs:${AMENT_PREFIX_PATH} CMAKE_PREFIX_PATH=/workspaces/isaac_ros-dev/src/isaac_ros_nvblox/install/nvblox_msgs:/opt/ros/humble LD_LIBRARY_PATH=/workspaces/isaac_ros-dev/src/isaac_ros_nvblox/install/nvblox_msgs/lib:${LD_LIBRARY_PATH} PYTHONPATH=/workspaces/isaac_ros-dev/src/isaac_ros_nvblox/install/nvblox_msgs/local/lib/python3.10/dist-packages:${PYTHONPATH} _=/usr/bin/env /usr/bin/cmake --build /workspaces/isaac_ros-dev/src/isaac_ros_nvblox/build/nvblox_nav2 -- -j48 -l48
[2.396s] [ 50%] [32mBuilding CXX object CMakeFiles/nvblox_nav2.dir/src/nvblox_costmap_layer.cpp.o[0m
[12.220s] [100%] [32m[1mLinking CXX shared library libnvblox_nav2.so[0m
[12.460s] [100%] Built target nvblox_nav2
[12.472s] Invoked command in '/workspaces/isaac_ros-dev/src/isaac_ros_nvblox/build/nvblox_nav2' returned '0': AMENT_PREFIX_PATH=/workspaces/isaac_ros-dev/src/isaac_ros_nvblox/install/nvblox_msgs:${AMENT_PREFIX_PATH} CMAKE_PREFIX_PATH=/workspaces/isaac_ros-dev/src/isaac_ros_nvblox/install/nvblox_msgs:/opt/ros/humble LD_LIBRARY_PATH=/workspaces/isaac_ros-dev/src/isaac_ros_nvblox/install/nvblox_msgs/lib:${LD_LIBRARY_PATH} PYTHONPATH=/workspaces/isaac_ros-dev/src/isaac_ros_nvblox/install/nvblox_msgs/local/lib/python3.10/dist-packages:${PYTHONPATH} _=/usr/bin/env /usr/bin/cmake --build /workspaces/isaac_ros-dev/src/isaac_ros_nvblox/build/nvblox_nav2 -- -j48 -l48
[12.640s] Invoking command in '/workspaces/isaac_ros-dev/src/isaac_ros_nvblox/build/nvblox_nav2': AMENT_PREFIX_PATH=/workspaces/isaac_ros-dev/src/isaac_ros_nvblox/install/nvblox_msgs:${AMENT_PREFIX_PATH} CMAKE_PREFIX_PATH=/workspaces/isaac_ros-dev/src/isaac_ros_nvblox/install/nvblox_msgs:/opt/ros/humble LD_LIBRARY_PATH=/workspaces/isaac_ros-dev/src/isaac_ros_nvblox/install/nvblox_msgs/lib:${LD_LIBRARY_PATH} PYTHONPATH=/workspaces/isaac_ros-dev/src/isaac_ros_nvblox/install/nvblox_msgs/local/lib/python3.10/dist-packages:${PYTHONPATH} _=/usr/bin/env /usr/bin/cmake --install /workspaces/isaac_ros-dev/src/isaac_ros_nvblox/build/nvblox_nav2
[12.646s] -- Install configuration: "Release"
[12.646s] -- Execute custom install script
[12.647s] -- Symlinking: /workspaces/isaac_ros-dev/src/isaac_ros_nvblox/install/nvblox_nav2/lib/libnvblox_nav2.so
[12.655s] -- Symlinking: /workspaces/isaac_ros-dev/src/isaac_ros_nvblox/install/nvblox_nav2/share/nvblox_nav2//nvblox_costmap_layer.xml
[12.664s] -- Symlinking: /workspaces/isaac_ros-dev/src/isaac_ros_nvblox/install/nvblox_nav2/share/ament_index/resource_index/package_run_dependencies/nvblox_nav2
[12.672s] -- Symlinking: /workspaces/isaac_ros-dev/src/isaac_ros_nvblox/install/nvblox_nav2/share/ament_index/resource_index/parent_prefix_path/nvblox_nav2
[12.680s] -- Symlinking: /workspaces/isaac_ros-dev/src/isaac_ros_nvblox/install/nvblox_nav2/share/nvblox_nav2/environment/ament_prefix_path.sh
[12.688s] -- Symlinking: /workspaces/isaac_ros-dev/src/isaac_ros_nvblox/install/nvblox_nav2/share/nvblox_nav2/environment/ament_prefix_path.dsv
[12.696s] -- Symlinking: /workspaces/isaac_ros-dev/src/isaac_ros_nvblox/install/nvblox_nav2/share/nvblox_nav2/environment/path.sh
[12.706s] -- Symlinking: /workspaces/isaac_ros-dev/src/isaac_ros_nvblox/install/nvblox_nav2/share/nvblox_nav2/environment/path.dsv
[12.714s] -- Symlinking: /workspaces/isaac_ros-dev/src/isaac_ros_nvblox/install/nvblox_nav2/share/nvblox_nav2/local_setup.bash
[12.723s] -- Symlinking: /workspaces/isaac_ros-dev/src/isaac_ros_nvblox/install/nvblox_nav2/share/nvblox_nav2/local_setup.sh
[12.731s] -- Symlinking: /workspaces/isaac_ros-dev/src/isaac_ros_nvblox/install/nvblox_nav2/share/nvblox_nav2/local_setup.zsh
[12.738s] -- Symlinking: /workspaces/isaac_ros-dev/src/isaac_ros_nvblox/install/nvblox_nav2/share/nvblox_nav2/local_setup.dsv
[12.746s] -- Symlinking: /workspaces/isaac_ros-dev/src/isaac_ros_nvblox/install/nvblox_nav2/share/nvblox_nav2/package.dsv
[12.754s] -- Symlinking: /workspaces/isaac_ros-dev/src/isaac_ros_nvblox/install/nvblox_nav2/share/ament_index/resource_index/packages/nvblox_nav2
[12.762s] -- Symlinking: /workspaces/isaac_ros-dev/src/isaac_ros_nvblox/install/nvblox_nav2/share/ament_index/resource_index/nav2_costmap_2d__pluginlib__plugin/nvblox_nav2
[12.770s] -- Symlinking: /workspaces/isaac_ros-dev/src/isaac_ros_nvblox/install/nvblox_nav2/share/nvblox_nav2/cmake/nvblox_nav2Config.cmake
[12.778s] -- Symlinking: /workspaces/isaac_ros-dev/src/isaac_ros_nvblox/install/nvblox_nav2/share/nvblox_nav2/cmake/nvblox_nav2Config-version.cmake
[12.786s] -- Symlinking: /workspaces/isaac_ros-dev/src/isaac_ros_nvblox/install/nvblox_nav2/share/nvblox_nav2/package.xml
[12.796s] Invoked command in '/workspaces/isaac_ros-dev/src/isaac_ros_nvblox/build/nvblox_nav2' returned '0': AMENT_PREFIX_PATH=/workspaces/isaac_ros-dev/src/isaac_ros_nvblox/install/nvblox_msgs:${AMENT_PREFIX_PATH} CMAKE_PREFIX_PATH=/workspaces/isaac_ros-dev/src/isaac_ros_nvblox/install/nvblox_msgs:/opt/ros/humble LD_LIBRARY_PATH=/workspaces/isaac_ros-dev/src/isaac_ros_nvblox/install/nvblox_msgs/lib:${LD_LIBRARY_PATH} PYTHONPATH=/workspaces/isaac_ros-dev/src/isaac_ros_nvblox/install/nvblox_msgs/local/lib/python3.10/dist-packages:${PYTHONPATH} _=/usr/bin/env /usr/bin/cmake --install /workspaces/isaac_ros-dev/src/isaac_ros_nvblox/build/nvblox_nav2
