[0.019s] Invoking command in '/workspaces/isaac_ros-dev/src/isaac_ros_nvblox/build/nvblox_ros_common': CMAKE_PREFIX_PATH=/opt/ros/humble _=/usr/bin/env /usr/bin/cmake /workspaces/isaac_ros-dev/src/isaac_ros_nvblox/nvblox_ros_common -DAMENT_CMAKE_SYMLINK_INSTALL=1 -DCMAKE_INSTALL_PREFIX=/workspaces/isaac_ros-dev/src/isaac_ros_nvblox/install/nvblox_ros_common
[0.182s] -- The C compiler identification is GNU 11.4.0
[0.279s] -- The CXX compiler identification is GNU 11.4.0
[0.288s] -- Detecting C compiler ABI info
[0.379s] -- Detecting C compiler ABI info - done
[0.384s] -- Check for working C compiler: /usr/bin/cc - skipped
[0.385s] -- Detecting C compile features
[0.385s] -- Detecting C compile features - done
[0.388s] -- Detecting CXX compiler ABI info
[0.487s] -- Detecting CXX compiler ABI info - done
[0.501s] -- Check for working CXX compiler: /usr/bin/c++ - skipped
[0.501s] -- Detecting CXX compile features
[0.502s] -- Detecting CXX compile features - done
[0.509s] -- Found ament_cmake: 1.3.10 (/opt/ros/humble/share/ament_cmake/cmake)
[1.059s] -- Found Python3: /usr/bin/python3 (found version "3.10.12") found components: Interpreter 
[1.112s] -- Override CMake install command with custom implementation using symlinks instead of copying resources
[1.201s] -- Found rclcpp: 16.0.10 (/opt/ros/humble/share/rclcpp/cmake)
[1.264s] -- Found rosidl_generator_c: 3.1.5 (/opt/ros/humble/share/rosidl_generator_c/cmake)
[1.272s] -- Found rosidl_adapter: 3.1.5 (/opt/ros/humble/share/rosidl_adapter/cmake)
[1.282s] -- Found rosidl_generator_cpp: 3.1.5 (/opt/ros/humble/share/rosidl_generator_cpp/cmake)
[1.295s] -- Using all available rosidl_typesupport_c: rosidl_typesupport_fastrtps_c;rosidl_typesupport_introspection_c
[1.313s] -- Using all available rosidl_typesupport_cpp: rosidl_typesupport_fastrtps_cpp;rosidl_typesupport_introspection_cpp
[1.371s] -- Found rmw_implementation_cmake: 6.1.2 (/opt/ros/humble/share/rmw_implementation_cmake/cmake)
[1.375s] -- Found rmw_fastrtps_cpp: 6.2.7 (/opt/ros/humble/share/rmw_fastrtps_cpp/cmake)
[1.548s] -- Found OpenSSL: /usr/lib/x86_64-linux-gnu/libcrypto.so (found version "3.0.2")  
[1.587s] -- Found FastRTPS: /opt/ros/humble/include  
[1.650s] -- Using RMW implementation 'rmw_fastrtps_cpp' as default
[1.666s] -- Looking for pthread.h
[1.769s] -- Looking for pthread.h - found
[1.769s] -- Performing Test CMAKE_HAVE_LIBC_PTHREAD
[1.867s] -- Performing Test CMAKE_HAVE_LIBC_PTHREAD - Success
[1.869s] -- Found Threads: TRUE  
[1.957s] -- Found CUDAToolkit: /usr/local/cuda/include (found version "12.2.140") 
[2.083s] -- Configuring done
[2.094s] -- Generating done
[2.095s] -- Build files have been written to: /workspaces/isaac_ros-dev/src/isaac_ros_nvblox/build/nvblox_ros_common
[2.104s] Invoked command in '/workspaces/isaac_ros-dev/src/isaac_ros_nvblox/build/nvblox_ros_common' returned '0': CMAKE_PREFIX_PATH=/opt/ros/humble _=/usr/bin/env /usr/bin/cmake /workspaces/isaac_ros-dev/src/isaac_ros_nvblox/nvblox_ros_common -DAMENT_CMAKE_SYMLINK_INSTALL=1 -DCMAKE_INSTALL_PREFIX=/workspaces/isaac_ros-dev/src/isaac_ros_nvblox/install/nvblox_ros_common
[2.106s] Invoking command in '/workspaces/isaac_ros-dev/src/isaac_ros_nvblox/build/nvblox_ros_common': CMAKE_PREFIX_PATH=/opt/ros/humble _=/usr/bin/env /usr/bin/cmake --build /workspaces/isaac_ros-dev/src/isaac_ros_nvblox/build/nvblox_ros_common -- -j48 -l48
[2.185s] [ 50%] [32mBuilding CXX object CMakeFiles/nvblox_ros_common_lib.dir/src/check_cuda_errors.cpp.o[0m
[2.490s] [100%] [32m[1mLinking CXX shared library libnvblox_ros_common_lib.so[0m
[2.585s] [100%] Built target nvblox_ros_common_lib
[2.598s] Invoked command in '/workspaces/isaac_ros-dev/src/isaac_ros_nvblox/build/nvblox_ros_common' returned '0': CMAKE_PREFIX_PATH=/opt/ros/humble _=/usr/bin/env /usr/bin/cmake --build /workspaces/isaac_ros-dev/src/isaac_ros_nvblox/build/nvblox_ros_common -- -j48 -l48
[2.774s] Invoking command in '/workspaces/isaac_ros-dev/src/isaac_ros_nvblox/build/nvblox_ros_common': CMAKE_PREFIX_PATH=/opt/ros/humble _=/usr/bin/env /usr/bin/cmake --install /workspaces/isaac_ros-dev/src/isaac_ros_nvblox/build/nvblox_ros_common
[2.781s] -- Install configuration: ""
[2.781s] -- Execute custom install script
[2.782s] -- Symlinking: /workspaces/isaac_ros-dev/src/isaac_ros_nvblox/install/nvblox_ros_common/include/nvblox_ros_common/check_cuda_errors.hpp
[2.791s] -- Symlinking: /workspaces/isaac_ros-dev/src/isaac_ros_nvblox/install/nvblox_ros_common/share/nvblox_ros_common/environment/library_path.sh
[2.801s] -- Symlinking: /workspaces/isaac_ros-dev/src/isaac_ros_nvblox/install/nvblox_ros_common/share/nvblox_ros_common/environment/library_path.dsv
[2.810s] -- Symlinking: /workspaces/isaac_ros-dev/src/isaac_ros_nvblox/install/nvblox_ros_common/share/ament_index/resource_index/package_run_dependencies/nvblox_ros_common
[2.819s] -- Symlinking: /workspaces/isaac_ros-dev/src/isaac_ros_nvblox/install/nvblox_ros_common/share/ament_index/resource_index/parent_prefix_path/nvblox_ros_common
[2.828s] -- Symlinking: /workspaces/isaac_ros-dev/src/isaac_ros_nvblox/install/nvblox_ros_common/share/nvblox_ros_common/environment/ament_prefix_path.sh
[2.837s] -- Symlinking: /workspaces/isaac_ros-dev/src/isaac_ros_nvblox/install/nvblox_ros_common/share/nvblox_ros_common/environment/ament_prefix_path.dsv
[2.845s] -- Symlinking: /workspaces/isaac_ros-dev/src/isaac_ros_nvblox/install/nvblox_ros_common/share/nvblox_ros_common/environment/path.sh
[2.854s] -- Symlinking: /workspaces/isaac_ros-dev/src/isaac_ros_nvblox/install/nvblox_ros_common/share/nvblox_ros_common/environment/path.dsv
[2.862s] -- Symlinking: /workspaces/isaac_ros-dev/src/isaac_ros_nvblox/install/nvblox_ros_common/share/nvblox_ros_common/local_setup.bash
[2.870s] -- Symlinking: /workspaces/isaac_ros-dev/src/isaac_ros_nvblox/install/nvblox_ros_common/share/nvblox_ros_common/local_setup.sh
[2.884s] -- Symlinking: /workspaces/isaac_ros-dev/src/isaac_ros_nvblox/install/nvblox_ros_common/share/nvblox_ros_common/local_setup.zsh
[2.893s] -- Symlinking: /workspaces/isaac_ros-dev/src/isaac_ros_nvblox/install/nvblox_ros_common/share/nvblox_ros_common/local_setup.dsv
[2.902s] -- Symlinking: /workspaces/isaac_ros-dev/src/isaac_ros_nvblox/install/nvblox_ros_common/share/nvblox_ros_common/package.dsv
[2.911s] -- Symlinking: /workspaces/isaac_ros-dev/src/isaac_ros_nvblox/install/nvblox_ros_common/share/ament_index/resource_index/packages/nvblox_ros_common
[2.922s] -- Symlinking: /workspaces/isaac_ros-dev/src/isaac_ros_nvblox/install/nvblox_ros_common/share/nvblox_ros_common/cmake/ament_cmake_export_include_directories-extras.cmake
[2.931s] -- Symlinking: /workspaces/isaac_ros-dev/src/isaac_ros_nvblox/install/nvblox_ros_common/share/nvblox_ros_common/cmake/ament_cmake_export_libraries-extras.cmake
[2.941s] -- Symlinking: /workspaces/isaac_ros-dev/src/isaac_ros_nvblox/install/nvblox_ros_common/share/nvblox_ros_common/cmake/ament_cmake_export_targets-extras.cmake
[2.950s] -- Symlinking: /workspaces/isaac_ros-dev/src/isaac_ros_nvblox/install/nvblox_ros_common/share/nvblox_ros_common/cmake/ament_cmake_export_dependencies-extras.cmake
[2.960s] -- Symlinking: /workspaces/isaac_ros-dev/src/isaac_ros_nvblox/install/nvblox_ros_common/share/nvblox_ros_common/cmake/nvblox_ros_commonConfig.cmake
[2.970s] -- Symlinking: /workspaces/isaac_ros-dev/src/isaac_ros_nvblox/install/nvblox_ros_common/share/nvblox_ros_common/cmake/nvblox_ros_commonConfig-version.cmake
[2.979s] -- Symlinking: /workspaces/isaac_ros-dev/src/isaac_ros_nvblox/install/nvblox_ros_common/share/nvblox_ros_common/package.xml
[2.989s] -- Installing: /workspaces/isaac_ros-dev/src/isaac_ros_nvblox/install/nvblox_ros_common/lib/libnvblox_ros_common_lib.so
[2.989s] -- Set runtime path of "/workspaces/isaac_ros-dev/src/isaac_ros_nvblox/install/nvblox_ros_common/lib/libnvblox_ros_common_lib.so" to ""
[2.989s] -- Installing: /workspaces/isaac_ros-dev/src/isaac_ros_nvblox/install/nvblox_ros_common/share/nvblox_ros_common/cmake/nvblox_ros_commonTargetsExport.cmake
[2.989s] -- Installing: /workspaces/isaac_ros-dev/src/isaac_ros_nvblox/install/nvblox_ros_common/share/nvblox_ros_common/cmake/nvblox_ros_commonTargetsExport-noconfig.cmake
[2.992s] Invoked command in '/workspaces/isaac_ros-dev/src/isaac_ros_nvblox/build/nvblox_ros_common' returned '0': CMAKE_PREFIX_PATH=/opt/ros/humble _=/usr/bin/env /usr/bin/cmake --install /workspaces/isaac_ros-dev/src/isaac_ros_nvblox/build/nvblox_ros_common
