[0.020s] Invoking command in '/workspaces/isaac_ros-dev/src/isaac_ros_nvblox/build/semantic_label_conversion': AMENT_PREFIX_PATH=/workspaces/isaac_ros-dev/src/isaac_ros_nvblox/install/nvblox_msgs:${AMENT_PREFIX_PATH} CMAKE_PREFIX_PATH=/workspaces/isaac_ros-dev/src/isaac_ros_nvblox/install/nvblox_msgs:/opt/ros/humble LD_LIBRARY_PATH=/workspaces/isaac_ros-dev/src/isaac_ros_nvblox/install/nvblox_msgs/lib:${LD_LIBRARY_PATH} PYTHONPATH=/workspaces/isaac_ros-dev/src/isaac_ros_nvblox/install/nvblox_msgs/local/lib/python3.10/dist-packages:${PYTHONPATH} _=/usr/bin/env /usr/bin/cmake --build /workspaces/isaac_ros-dev/src/isaac_ros_nvblox/build/semantic_label_conversion -- -j48 -l48
[0.062s] Invoked command in '/workspaces/isaac_ros-dev/src/isaac_ros_nvblox/build/semantic_label_conversion' returned '0': AMENT_PREFIX_PATH=/workspaces/isaac_ros-dev/src/isaac_ros_nvblox/install/nvblox_msgs:${AMENT_PREFIX_PATH} CMAKE_PREFIX_PATH=/workspaces/isaac_ros-dev/src/isaac_ros_nvblox/install/nvblox_msgs:/opt/ros/humble LD_LIBRARY_PATH=/workspaces/isaac_ros-dev/src/isaac_ros_nvblox/install/nvblox_msgs/lib:${LD_LIBRARY_PATH} PYTHONPATH=/workspaces/isaac_ros-dev/src/isaac_ros_nvblox/install/nvblox_msgs/local/lib/python3.10/dist-packages:${PYTHONPATH} _=/usr/bin/env /usr/bin/cmake --build /workspaces/isaac_ros-dev/src/isaac_ros_nvblox/build/semantic_label_conversion -- -j48 -l48
[0.201s] Invoking command in '/workspaces/isaac_ros-dev/src/isaac_ros_nvblox/build/semantic_label_conversion': AMENT_PREFIX_PATH=/workspaces/isaac_ros-dev/src/isaac_ros_nvblox/install/nvblox_msgs:${AMENT_PREFIX_PATH} CMAKE_PREFIX_PATH=/workspaces/isaac_ros-dev/src/isaac_ros_nvblox/install/nvblox_msgs:/opt/ros/humble LD_LIBRARY_PATH=/workspaces/isaac_ros-dev/src/isaac_ros_nvblox/install/nvblox_msgs/lib:${LD_LIBRARY_PATH} PYTHONPATH=/workspaces/isaac_ros-dev/src/isaac_ros_nvblox/install/nvblox_msgs/local/lib/python3.10/dist-packages:${PYTHONPATH} _=/usr/bin/env /usr/bin/cmake --install /workspaces/isaac_ros-dev/src/isaac_ros_nvblox/build/semantic_label_conversion
[0.208s] -- Install configuration: ""
[0.209s] -- Execute custom install script
[0.209s] -- Up-to-date symlink: /workspaces/isaac_ros-dev/src/isaac_ros_nvblox/install/semantic_label_conversion/lib/semantic_label_conversion/semantic_label_converter.py
[0.209s] -- Up-to-date symlink: /workspaces/isaac_ros-dev/src/isaac_ros_nvblox/install/semantic_label_conversion/lib/semantic_label_conversion/semantic_label_stamper.py
[0.209s] -- Up-to-date symlink: /workspaces/isaac_ros-dev/src/isaac_ros_nvblox/install/semantic_label_conversion/share/semantic_label_conversion/params/semantic_label_conversion.yaml
[0.209s] -- Up-to-date symlink: /workspaces/isaac_ros-dev/src/isaac_ros_nvblox/install/semantic_label_conversion/share/semantic_label_conversion/launch/semantic_label_conversion.launch.py
[0.209s] -- Up-to-date symlink: /workspaces/isaac_ros-dev/src/isaac_ros_nvblox/install/semantic_label_conversion/share/ament_index/resource_index/package_run_dependencies/semantic_label_conversion
[0.210s] -- Up-to-date symlink: /workspaces/isaac_ros-dev/src/isaac_ros_nvblox/install/semantic_label_conversion/share/ament_index/resource_index/parent_prefix_path/semantic_label_conversion
[0.210s] -- Up-to-date symlink: /workspaces/isaac_ros-dev/src/isaac_ros_nvblox/install/semantic_label_conversion/share/semantic_label_conversion/environment/ament_prefix_path.sh
[0.210s] -- Up-to-date symlink: /workspaces/isaac_ros-dev/src/isaac_ros_nvblox/install/semantic_label_conversion/share/semantic_label_conversion/environment/ament_prefix_path.dsv
[0.210s] -- Up-to-date symlink: /workspaces/isaac_ros-dev/src/isaac_ros_nvblox/install/semantic_label_conversion/share/semantic_label_conversion/environment/path.sh
[0.210s] -- Up-to-date symlink: /workspaces/isaac_ros-dev/src/isaac_ros_nvblox/install/semantic_label_conversion/share/semantic_label_conversion/environment/path.dsv
[0.210s] -- Up-to-date symlink: /workspaces/isaac_ros-dev/src/isaac_ros_nvblox/install/semantic_label_conversion/share/semantic_label_conversion/local_setup.bash
[0.210s] -- Up-to-date symlink: /workspaces/isaac_ros-dev/src/isaac_ros_nvblox/install/semantic_label_conversion/share/semantic_label_conversion/local_setup.sh
[0.210s] -- Up-to-date symlink: /workspaces/isaac_ros-dev/src/isaac_ros_nvblox/install/semantic_label_conversion/share/semantic_label_conversion/local_setup.zsh
[0.211s] -- Up-to-date symlink: /workspaces/isaac_ros-dev/src/isaac_ros_nvblox/install/semantic_label_conversion/share/semantic_label_conversion/local_setup.dsv
[0.211s] -- Symlinking: /workspaces/isaac_ros-dev/src/isaac_ros_nvblox/install/semantic_label_conversion/share/semantic_label_conversion/package.dsv
[0.220s] -- Up-to-date symlink: /workspaces/isaac_ros-dev/src/isaac_ros_nvblox/install/semantic_label_conversion/share/ament_index/resource_index/packages/semantic_label_conversion
[0.220s] -- Up-to-date symlink: /workspaces/isaac_ros-dev/src/isaac_ros_nvblox/install/semantic_label_conversion/share/semantic_label_conversion/cmake/semantic_label_conversionConfig.cmake
[0.220s] -- Up-to-date symlink: /workspaces/isaac_ros-dev/src/isaac_ros_nvblox/install/semantic_label_conversion/share/semantic_label_conversion/cmake/semantic_label_conversionConfig-version.cmake
[0.221s] -- Up-to-date symlink: /workspaces/isaac_ros-dev/src/isaac_ros_nvblox/install/semantic_label_conversion/share/semantic_label_conversion/package.xml
[0.223s] Invoked command in '/workspaces/isaac_ros-dev/src/isaac_ros_nvblox/build/semantic_label_conversion' returned '0': AMENT_PREFIX_PATH=/workspaces/isaac_ros-dev/src/isaac_ros_nvblox/install/nvblox_msgs:${AMENT_PREFIX_PATH} CMAKE_PREFIX_PATH=/workspaces/isaac_ros-dev/src/isaac_ros_nvblox/install/nvblox_msgs:/opt/ros/humble LD_LIBRARY_PATH=/workspaces/isaac_ros-dev/src/isaac_ros_nvblox/install/nvblox_msgs/lib:${LD_LIBRARY_PATH} PYTHONPATH=/workspaces/isaac_ros-dev/src/isaac_ros_nvblox/install/nvblox_msgs/local/lib/python3.10/dist-packages:${PYTHONPATH} _=/usr/bin/env /usr/bin/cmake --install /workspaces/isaac_ros-dev/src/isaac_ros_nvblox/build/semantic_label_conversion
