[0.834s] Invoking command in '/workspaces/isaac_ros-dev/src/isaac_ros_nvblox/build/nvblox_ros_python_utils': PYTHONPATH=/workspaces/isaac_ros-dev/src/isaac_ros_nvblox/build/nvblox_ros_python_utils/prefix_override:/usr/lib/python3/dist-packages/colcon_core/task/python/colcon_distutils_commands:/workspaces/isaac_ros-dev/src/isaac_ros_nvblox/install/nvblox_ros_python_utils/lib/python3.10/site-packages:${PYTHONPATH} _=/usr/bin/env /usr/bin/python3 -W ignore:setup.py install is deprecated setup.py develop --editable --build-directory /workspaces/isaac_ros-dev/src/isaac_ros_nvblox/build/nvblox_ros_python_utils/build --no-deps symlink_data
[1.123s] running develop
[1.302s] running egg_info
[1.302s] creating nvblox_ros_python_utils.egg-info
[1.313s] writing nvblox_ros_python_utils.egg-info/PKG-INFO
[1.313s] writing dependency_links to nvblox_ros_python_utils.egg-info/dependency_links.txt
[1.313s] writing requirements to nvblox_ros_python_utils.egg-info/requires.txt
[1.314s] writing top-level names to nvblox_ros_python_utils.egg-info/top_level.txt
[1.314s] writing manifest file 'nvblox_ros_python_utils.egg-info/SOURCES.txt'
[1.685s] reading manifest file 'nvblox_ros_python_utils.egg-info/SOURCES.txt'
[1.685s] writing manifest file 'nvblox_ros_python_utils.egg-info/SOURCES.txt'
[1.697s] running build_ext
[1.697s] Creating /workspaces/isaac_ros-dev/src/isaac_ros_nvblox/install/nvblox_ros_python_utils/lib/python3.10/site-packages/nvblox-ros-python-utils.egg-link (link to .)
[1.698s] 
[1.698s] Installed /workspaces/isaac_ros-dev/src/isaac_ros_nvblox/build/nvblox_ros_python_utils
[1.698s] running symlink_data
[1.698s] creating /workspaces/isaac_ros-dev/src/isaac_ros_nvblox/install/nvblox_ros_python_utils/share/ament_index
[1.698s] creating /workspaces/isaac_ros-dev/src/isaac_ros_nvblox/install/nvblox_ros_python_utils/share/ament_index/resource_index
[1.698s] creating /workspaces/isaac_ros-dev/src/isaac_ros_nvblox/install/nvblox_ros_python_utils/share/ament_index/resource_index/packages
[1.698s] symbolically linking /workspaces/isaac_ros-dev/src/isaac_ros_nvblox/build/nvblox_ros_python_utils/resource/nvblox_ros_python_utils -> /workspaces/isaac_ros-dev/src/isaac_ros_nvblox/install/nvblox_ros_python_utils/share/ament_index/resource_index/packages
[1.698s] symbolically linking /workspaces/isaac_ros-dev/src/isaac_ros_nvblox/build/nvblox_ros_python_utils/package.xml -> /workspaces/isaac_ros-dev/src/isaac_ros_nvblox/install/nvblox_ros_python_utils/share/nvblox_ros_python_utils
[1.737s] Invoked command in '/workspaces/isaac_ros-dev/src/isaac_ros_nvblox/build/nvblox_ros_python_utils' returned '0': PYTHONPATH=/workspaces/isaac_ros-dev/src/isaac_ros_nvblox/build/nvblox_ros_python_utils/prefix_override:/usr/lib/python3/dist-packages/colcon_core/task/python/colcon_distutils_commands:/workspaces/isaac_ros-dev/src/isaac_ros_nvblox/install/nvblox_ros_python_utils/lib/python3.10/site-packages:${PYTHONPATH} _=/usr/bin/env /usr/bin/python3 -W ignore:setup.py install is deprecated setup.py develop --editable --build-directory /workspaces/isaac_ros-dev/src/isaac_ros_nvblox/build/nvblox_ros_python_utils/build --no-deps symlink_data
