[0.022s] Invoking command in '/workspaces/isaac_ros-dev/src/isaac_ros_nvblox/build/semantic_label_conversion': AMENT_PREFIX_PATH=/workspaces/isaac_ros-dev/src/isaac_ros_nvblox/install/nvblox_msgs:${AMENT_PREFIX_PATH} CMAKE_PREFIX_PATH=/workspaces/isaac_ros-dev/src/isaac_ros_nvblox/install/nvblox_msgs:/opt/ros/humble LD_LIBRARY_PATH=/workspaces/isaac_ros-dev/src/isaac_ros_nvblox/install/nvblox_msgs/lib:${LD_LIBRARY_PATH} PYTHONPATH=/workspaces/isaac_ros-dev/src/isaac_ros_nvblox/install/nvblox_msgs/local/lib/python3.10/dist-packages:${PYTHONPATH} _=/usr/bin/env /usr/bin/cmake /workspaces/isaac_ros-dev/src/isaac_ros_nvblox/nvblox_examples/semantic_label_conversion -DAMENT_CMAKE_SYMLINK_INSTALL=1 -DCMAKE_INSTALL_PREFIX=/workspaces/isaac_ros-dev/src/isaac_ros_nvblox/install/semantic_label_conversion
[0.092s] -- The C compiler identification is GNU 11.4.0
[0.144s] -- The CXX compiler identification is GNU 11.4.0
[0.151s] -- Detecting C compiler ABI info
[0.241s] -- Detecting C compiler ABI info - done
[0.254s] -- Check for working C compiler: /usr/bin/cc - skipped
[0.255s] -- Detecting C compile features
[0.255s] -- Detecting C compile features - done
[0.262s] -- Detecting CXX compiler ABI info
[0.371s] -- Detecting CXX compiler ABI info - done
[0.384s] -- Check for working CXX compiler: /usr/bin/c++ - skipped
[0.385s] -- Detecting CXX compile features
[0.386s] -- Detecting CXX compile features - done
[0.395s] -- Found ament_cmake: 1.3.10 (/opt/ros/humble/share/ament_cmake/cmake)
[0.941s] -- Found Python3: /usr/bin/python3 (found version "3.10.12") found components: Interpreter 
[0.994s] -- Override CMake install command with custom implementation using symlinks instead of copying resources
[1.157s] -- Configuring done
[1.162s] -- Generating done
[1.164s] -- Build files have been written to: /workspaces/isaac_ros-dev/src/isaac_ros_nvblox/build/semantic_label_conversion
[1.171s] Invoked command in '/workspaces/isaac_ros-dev/src/isaac_ros_nvblox/build/semantic_label_conversion' returned '0': AMENT_PREFIX_PATH=/workspaces/isaac_ros-dev/src/isaac_ros_nvblox/install/nvblox_msgs:${AMENT_PREFIX_PATH} CMAKE_PREFIX_PATH=/workspaces/isaac_ros-dev/src/isaac_ros_nvblox/install/nvblox_msgs:/opt/ros/humble LD_LIBRARY_PATH=/workspaces/isaac_ros-dev/src/isaac_ros_nvblox/install/nvblox_msgs/lib:${LD_LIBRARY_PATH} PYTHONPATH=/workspaces/isaac_ros-dev/src/isaac_ros_nvblox/install/nvblox_msgs/local/lib/python3.10/dist-packages:${PYTHONPATH} _=/usr/bin/env /usr/bin/cmake /workspaces/isaac_ros-dev/src/isaac_ros_nvblox/nvblox_examples/semantic_label_conversion -DAMENT_CMAKE_SYMLINK_INSTALL=1 -DCMAKE_INSTALL_PREFIX=/workspaces/isaac_ros-dev/src/isaac_ros_nvblox/install/semantic_label_conversion
[1.173s] Invoking command in '/workspaces/isaac_ros-dev/src/isaac_ros_nvblox/build/semantic_label_conversion': AMENT_PREFIX_PATH=/workspaces/isaac_ros-dev/src/isaac_ros_nvblox/install/nvblox_msgs:${AMENT_PREFIX_PATH} CMAKE_PREFIX_PATH=/workspaces/isaac_ros-dev/src/isaac_ros_nvblox/install/nvblox_msgs:/opt/ros/humble LD_LIBRARY_PATH=/workspaces/isaac_ros-dev/src/isaac_ros_nvblox/install/nvblox_msgs/lib:${LD_LIBRARY_PATH} PYTHONPATH=/workspaces/isaac_ros-dev/src/isaac_ros_nvblox/install/nvblox_msgs/local/lib/python3.10/dist-packages:${PYTHONPATH} _=/usr/bin/env /usr/bin/cmake --build /workspaces/isaac_ros-dev/src/isaac_ros_nvblox/build/semantic_label_conversion -- -j48 -l48
[1.214s] Invoked command in '/workspaces/isaac_ros-dev/src/isaac_ros_nvblox/build/semantic_label_conversion' returned '0': AMENT_PREFIX_PATH=/workspaces/isaac_ros-dev/src/isaac_ros_nvblox/install/nvblox_msgs:${AMENT_PREFIX_PATH} CMAKE_PREFIX_PATH=/workspaces/isaac_ros-dev/src/isaac_ros_nvblox/install/nvblox_msgs:/opt/ros/humble LD_LIBRARY_PATH=/workspaces/isaac_ros-dev/src/isaac_ros_nvblox/install/nvblox_msgs/lib:${LD_LIBRARY_PATH} PYTHONPATH=/workspaces/isaac_ros-dev/src/isaac_ros_nvblox/install/nvblox_msgs/local/lib/python3.10/dist-packages:${PYTHONPATH} _=/usr/bin/env /usr/bin/cmake --build /workspaces/isaac_ros-dev/src/isaac_ros_nvblox/build/semantic_label_conversion -- -j48 -l48
[1.346s] Invoking command in '/workspaces/isaac_ros-dev/src/isaac_ros_nvblox/build/semantic_label_conversion': AMENT_PREFIX_PATH=/workspaces/isaac_ros-dev/src/isaac_ros_nvblox/install/nvblox_msgs:${AMENT_PREFIX_PATH} CMAKE_PREFIX_PATH=/workspaces/isaac_ros-dev/src/isaac_ros_nvblox/install/nvblox_msgs:/opt/ros/humble LD_LIBRARY_PATH=/workspaces/isaac_ros-dev/src/isaac_ros_nvblox/install/nvblox_msgs/lib:${LD_LIBRARY_PATH} PYTHONPATH=/workspaces/isaac_ros-dev/src/isaac_ros_nvblox/install/nvblox_msgs/local/lib/python3.10/dist-packages:${PYTHONPATH} _=/usr/bin/env /usr/bin/cmake --install /workspaces/isaac_ros-dev/src/isaac_ros_nvblox/build/semantic_label_conversion
[1.353s] -- Install configuration: ""
[1.353s] -- Execute custom install script
[1.353s] -- Symlinking: /workspaces/isaac_ros-dev/src/isaac_ros_nvblox/install/semantic_label_conversion/lib/semantic_label_conversion/semantic_label_converter.py
[1.362s] -- Symlinking: /workspaces/isaac_ros-dev/src/isaac_ros_nvblox/install/semantic_label_conversion/lib/semantic_label_conversion/semantic_label_stamper.py
[1.371s] -- Symlinking: /workspaces/isaac_ros-dev/src/isaac_ros_nvblox/install/semantic_label_conversion/share/semantic_label_conversion/params/semantic_label_conversion.yaml
[1.380s] -- Symlinking: /workspaces/isaac_ros-dev/src/isaac_ros_nvblox/install/semantic_label_conversion/share/semantic_label_conversion/launch/semantic_label_conversion.launch.py
[1.389s] -- Symlinking: /workspaces/isaac_ros-dev/src/isaac_ros_nvblox/install/semantic_label_conversion/share/ament_index/resource_index/package_run_dependencies/semantic_label_conversion
[1.398s] -- Symlinking: /workspaces/isaac_ros-dev/src/isaac_ros_nvblox/install/semantic_label_conversion/share/ament_index/resource_index/parent_prefix_path/semantic_label_conversion
[1.406s] -- Symlinking: /workspaces/isaac_ros-dev/src/isaac_ros_nvblox/install/semantic_label_conversion/share/semantic_label_conversion/environment/ament_prefix_path.sh
[1.416s] -- Symlinking: /workspaces/isaac_ros-dev/src/isaac_ros_nvblox/install/semantic_label_conversion/share/semantic_label_conversion/environment/ament_prefix_path.dsv
[1.425s] -- Symlinking: /workspaces/isaac_ros-dev/src/isaac_ros_nvblox/install/semantic_label_conversion/share/semantic_label_conversion/environment/path.sh
[1.436s] -- Symlinking: /workspaces/isaac_ros-dev/src/isaac_ros_nvblox/install/semantic_label_conversion/share/semantic_label_conversion/environment/path.dsv
[1.447s] -- Symlinking: /workspaces/isaac_ros-dev/src/isaac_ros_nvblox/install/semantic_label_conversion/share/semantic_label_conversion/local_setup.bash
[1.456s] -- Symlinking: /workspaces/isaac_ros-dev/src/isaac_ros_nvblox/install/semantic_label_conversion/share/semantic_label_conversion/local_setup.sh
[1.465s] -- Symlinking: /workspaces/isaac_ros-dev/src/isaac_ros_nvblox/install/semantic_label_conversion/share/semantic_label_conversion/local_setup.zsh
[1.475s] -- Symlinking: /workspaces/isaac_ros-dev/src/isaac_ros_nvblox/install/semantic_label_conversion/share/semantic_label_conversion/local_setup.dsv
[1.483s] -- Symlinking: /workspaces/isaac_ros-dev/src/isaac_ros_nvblox/install/semantic_label_conversion/share/semantic_label_conversion/package.dsv
[1.492s] -- Symlinking: /workspaces/isaac_ros-dev/src/isaac_ros_nvblox/install/semantic_label_conversion/share/ament_index/resource_index/packages/semantic_label_conversion
[1.501s] -- Symlinking: /workspaces/isaac_ros-dev/src/isaac_ros_nvblox/install/semantic_label_conversion/share/semantic_label_conversion/cmake/semantic_label_conversionConfig.cmake
[1.509s] -- Symlinking: /workspaces/isaac_ros-dev/src/isaac_ros_nvblox/install/semantic_label_conversion/share/semantic_label_conversion/cmake/semantic_label_conversionConfig-version.cmake
[1.518s] -- Symlinking: /workspaces/isaac_ros-dev/src/isaac_ros_nvblox/install/semantic_label_conversion/share/semantic_label_conversion/package.xml
[1.529s] Invoked command in '/workspaces/isaac_ros-dev/src/isaac_ros_nvblox/build/semantic_label_conversion' returned '0': AMENT_PREFIX_PATH=/workspaces/isaac_ros-dev/src/isaac_ros_nvblox/install/nvblox_msgs:${AMENT_PREFIX_PATH} CMAKE_PREFIX_PATH=/workspaces/isaac_ros-dev/src/isaac_ros_nvblox/install/nvblox_msgs:/opt/ros/humble LD_LIBRARY_PATH=/workspaces/isaac_ros-dev/src/isaac_ros_nvblox/install/nvblox_msgs/lib:${LD_LIBRARY_PATH} PYTHONPATH=/workspaces/isaac_ros-dev/src/isaac_ros_nvblox/install/nvblox_msgs/local/lib/python3.10/dist-packages:${PYTHONPATH} _=/usr/bin/env /usr/bin/cmake --install /workspaces/isaac_ros-dev/src/isaac_ros_nvblox/build/semantic_label_conversion
