[0.021s] Invoking command in '/workspaces/isaac_ros-dev/src/isaac_ros_nvblox/build/nvblox_msgs': CMAKE_PREFIX_PATH=/opt/ros/humble _=/usr/bin/env /usr/bin/cmake /workspaces/isaac_ros-dev/src/isaac_ros_nvblox/nvblox_msgs -DAMENT_CMAKE_SYMLINK_INSTALL=1 -DCMAKE_INSTALL_PREFIX=/workspaces/isaac_ros-dev/src/isaac_ros_nvblox/install/nvblox_msgs
[0.188s] -- The C compiler identification is GNU 11.4.0
[0.285s] -- The CXX compiler identification is GNU 11.4.0
[0.295s] -- Detecting C compiler ABI info
[0.389s] -- Detecting C compiler ABI info - done
[0.402s] -- Check for working C compiler: /usr/bin/cc - skipped
[0.403s] -- Detecting C compile features
[0.403s] -- Detecting C compile features - done
[0.409s] -- Detecting CXX compiler ABI info
[0.512s] -- Detecting CXX compiler ABI info - done
[0.518s] -- Check for working CXX compiler: /usr/bin/c++ - skipped
[0.518s] -- Detecting CXX compile features
[0.518s] -- Detecting CXX compile features - done
[0.519s] -- CMAKE_BUILD_TYPE: Release
[0.522s] -- Found ament_cmake: 1.3.10 (/opt/ros/humble/share/ament_cmake/cmake)
[1.056s] -- Found Python3: /usr/bin/python3 (found version "3.10.12") found components: Interpreter 
[1.109s] -- Override CMake install command with custom implementation using symlinks instead of copying resources
[1.170s] -- Found rosidl_default_generators: 1.2.0 (/opt/ros/humble/share/rosidl_default_generators/cmake)
[1.175s] -- Using all available rosidl_typesupport_c: rosidl_typesupport_fastrtps_c;rosidl_typesupport_introspection_c
[1.189s] -- Found rosidl_adapter: 3.1.5 (/opt/ros/humble/share/rosidl_adapter/cmake)
[1.249s] -- Using all available rosidl_typesupport_cpp: rosidl_typesupport_fastrtps_cpp;rosidl_typesupport_introspection_cpp
[1.293s] -- Found std_msgs: 4.2.4 (/opt/ros/humble/share/std_msgs/cmake)
[1.323s] -- Found geometry_msgs: 4.2.4 (/opt/ros/humble/share/geometry_msgs/cmake)
[1.604s] -- Found ament_cmake_ros: 0.10.0 (/opt/ros/humble/share/ament_cmake_ros/cmake)
[1.831s] -- Using all available rosidl_typesupport_c: rosidl_typesupport_fastrtps_c;rosidl_typesupport_introspection_c
[2.131s] -- Using all available rosidl_typesupport_cpp: rosidl_typesupport_fastrtps_cpp;rosidl_typesupport_introspection_cpp
[2.155s] -- Found PythonInterp: /usr/bin/python3 (found suitable version "3.10.12", minimum required is "3.6") 
[2.158s] -- Found python_cmake_module: 0.10.0 (/opt/ros/humble/share/python_cmake_module/cmake)
[2.189s] -- Found PythonLibs: /usr/lib/x86_64-linux-gnu/libpython3.10.so (found suitable version "3.10.12", minimum required is "3.5") 
[2.189s] -- Using PYTHON_EXECUTABLE: /usr/bin/python3
[2.189s] -- Using PYTHON_INCLUDE_DIRS: /usr/include/python3.10
[2.189s] -- Using PYTHON_LIBRARIES: /usr/lib/x86_64-linux-gnu/libpython3.10.so
[2.212s] -- Found PythonExtra: .so  
[2.286s] -- Found ament_lint_auto: 0.12.11 (/opt/ros/humble/share/ament_lint_auto/cmake)
[2.295s] -- Configuring done
[2.336s] -- Generating done
[2.338s] -- Build files have been written to: /workspaces/isaac_ros-dev/src/isaac_ros_nvblox/build/nvblox_msgs
[2.345s] Invoked command in '/workspaces/isaac_ros-dev/src/isaac_ros_nvblox/build/nvblox_msgs' returned '0': CMAKE_PREFIX_PATH=/opt/ros/humble _=/usr/bin/env /usr/bin/cmake /workspaces/isaac_ros-dev/src/isaac_ros_nvblox/nvblox_msgs -DAMENT_CMAKE_SYMLINK_INSTALL=1 -DCMAKE_INSTALL_PREFIX=/workspaces/isaac_ros-dev/src/isaac_ros_nvblox/install/nvblox_msgs
[2.347s] Invoking command in '/workspaces/isaac_ros-dev/src/isaac_ros_nvblox/build/nvblox_msgs': CMAKE_PREFIX_PATH=/opt/ros/humble _=/usr/bin/env /usr/bin/cmake --build /workspaces/isaac_ros-dev/src/isaac_ros_nvblox/build/nvblox_msgs -- -j48 -l48
[2.406s] [  1%] [34m[1mGenerating C code for ROS interfaces[0m
[2.424s] [  2%] [34m[1mGenerating C++ code for ROS interfaces[0m
[2.432s] [  2%] Built target ament_cmake_python_symlink_nvblox_msgs
[2.718s] running egg_info
[2.718s] creating nvblox_msgs.egg-info
[2.729s] writing nvblox_msgs.egg-info/PKG-INFO
[2.729s] writing dependency_links to nvblox_msgs.egg-info/dependency_links.txt
[2.729s] writing top-level names to nvblox_msgs.egg-info/top_level.txt
[2.729s] writing manifest file 'nvblox_msgs.egg-info/SOURCES.txt'
[2.916s] [  2%] Built target nvblox_msgs__cpp
[2.932s] [  3%] [32mBuilding C object CMakeFiles/nvblox_msgs__rosidl_generator_c.dir/rosidl_generator_c/nvblox_msgs/srv/detail/file_path__functions.c.o[0m
[2.933s] [  5%] [32mBuilding C object CMakeFiles/nvblox_msgs__rosidl_generator_c.dir/rosidl_generator_c/nvblox_msgs/msg/detail/mesh_block__functions.c.o[0m
[2.933s] [  6%] [32mBuilding C object CMakeFiles/nvblox_msgs__rosidl_generator_c.dir/rosidl_generator_c/nvblox_msgs/srv/detail/esdf_and_gradients__functions.c.o[0m
[2.933s] [  7%] [32mBuilding C object CMakeFiles/nvblox_msgs__rosidl_generator_c.dir/rosidl_generator_c/nvblox_msgs/msg/detail/index3_d__functions.c.o[0m
[2.933s] [  8%] [32mBuilding C object CMakeFiles/nvblox_msgs__rosidl_generator_c.dir/rosidl_generator_c/nvblox_msgs/msg/detail/semantic_labels_stamped__functions.c.o[0m
[2.934s] [ 10%] [32mBuilding C object CMakeFiles/nvblox_msgs__rosidl_generator_c.dir/rosidl_generator_c/nvblox_msgs/msg/detail/mesh__functions.c.o[0m
[2.934s] [ 11%] [32mBuilding C object CMakeFiles/nvblox_msgs__rosidl_generator_c.dir/rosidl_generator_c/nvblox_msgs/msg/detail/distance_map_slice__functions.c.o[0m
[2.937s] [ 13%] [34m[1mGenerating C++ introspection for ROS interfaces[0m
[2.937s] [ 13%] [34m[1mGenerating C++ type support for eProsima Fast-RTPS[0m
[2.937s] [ 15%] [34m[1mGenerating C++ type support dispatch for ROS interfaces[0m
[3.028s] reading manifest file 'nvblox_msgs.egg-info/SOURCES.txt'
[3.028s] writing manifest file 'nvblox_msgs.egg-info/SOURCES.txt'
[3.062s] [ 16%] [32m[1mLinking C shared library libnvblox_msgs__rosidl_generator_c.so[0m
[3.074s] [ 16%] Built target ament_cmake_python_build_nvblox_msgs_egg
[3.120s] [ 16%] Built target nvblox_msgs__rosidl_generator_c
[3.140s] [ 17%] [34m[1mGenerating C type support dispatch for ROS interfaces[0m
[3.142s] [ 18%] [34m[1mGenerating C type support for eProsima Fast-RTPS[0m
[3.143s] [ 20%] [34m[1mGenerating C introspection for ROS interfaces[0m
[3.333s] [ 25%] [32mBuilding CXX object CMakeFiles/nvblox_msgs__rosidl_typesupport_cpp.dir/rosidl_typesupport_cpp/nvblox_msgs/srv/file_path__type_support.cpp.o[0m
[3.333s] [ 25%] [32mBuilding CXX object CMakeFiles/nvblox_msgs__rosidl_typesupport_cpp.dir/rosidl_typesupport_cpp/nvblox_msgs/msg/index3_d__type_support.cpp.o[0m
[3.334s] [ 25%] [32mBuilding CXX object CMakeFiles/nvblox_msgs__rosidl_typesupport_cpp.dir/rosidl_typesupport_cpp/nvblox_msgs/msg/semantic_labels_stamped__type_support.cpp.o[0m
[3.334s] [ 25%] [32mBuilding CXX object CMakeFiles/nvblox_msgs__rosidl_typesupport_cpp.dir/rosidl_typesupport_cpp/nvblox_msgs/srv/esdf_and_gradients__type_support.cpp.o[0m
[3.334s] [ 26%] [32mBuilding CXX object CMakeFiles/nvblox_msgs__rosidl_typesupport_cpp.dir/rosidl_typesupport_cpp/nvblox_msgs/msg/mesh_block__type_support.cpp.o[0m
[3.334s] [ 29%] [32mBuilding CXX object CMakeFiles/nvblox_msgs__rosidl_typesupport_cpp.dir/rosidl_typesupport_cpp/nvblox_msgs/msg/distance_map_slice__type_support.cpp.o[0m
[3.334s] [ 29%] [32mBuilding CXX object CMakeFiles/nvblox_msgs__rosidl_typesupport_cpp.dir/rosidl_typesupport_cpp/nvblox_msgs/msg/mesh__type_support.cpp.o[0m
[3.362s] [ 31%] [32mBuilding CXX object CMakeFiles/nvblox_msgs__rosidl_typesupport_introspection_cpp.dir/rosidl_typesupport_introspection_cpp/nvblox_msgs/srv/detail/esdf_and_gradients__type_support.cpp.o[0m
[3.362s] [ 31%] [32mBuilding CXX object CMakeFiles/nvblox_msgs__rosidl_typesupport_introspection_cpp.dir/rosidl_typesupport_introspection_cpp/nvblox_msgs/msg/detail/mesh_block__type_support.cpp.o[0m
[3.362s] [ 35%] [32mBuilding CXX object CMakeFiles/nvblox_msgs__rosidl_typesupport_introspection_cpp.dir/rosidl_typesupport_introspection_cpp/nvblox_msgs/msg/detail/mesh__type_support.cpp.o[0m
[3.362s] [ 35%] [32mBuilding CXX object CMakeFiles/nvblox_msgs__rosidl_typesupport_introspection_cpp.dir/rosidl_typesupport_introspection_cpp/nvblox_msgs/msg/detail/semantic_labels_stamped__type_support.cpp.o[0m
[3.362s] [ 35%] [32mBuilding CXX object CMakeFiles/nvblox_msgs__rosidl_typesupport_introspection_cpp.dir/rosidl_typesupport_introspection_cpp/nvblox_msgs/srv/detail/file_path__type_support.cpp.o[0m
[3.362s] [ 37%] [32mBuilding CXX object CMakeFiles/nvblox_msgs__rosidl_typesupport_introspection_cpp.dir/rosidl_typesupport_introspection_cpp/nvblox_msgs/msg/detail/distance_map_slice__type_support.cpp.o[0m
[3.362s] [ 37%] [32mBuilding CXX object CMakeFiles/nvblox_msgs__rosidl_typesupport_introspection_cpp.dir/rosidl_typesupport_introspection_cpp/nvblox_msgs/msg/detail/index3_d__type_support.cpp.o[0m
[3.415s] [ 39%] [32mBuilding CXX object CMakeFiles/nvblox_msgs__rosidl_typesupport_fastrtps_cpp.dir/rosidl_typesupport_fastrtps_cpp/nvblox_msgs/msg/detail/dds_fastrtps/mesh_block__type_support.cpp.o[0m
[3.415s] [ 40%] [32mBuilding CXX object CMakeFiles/nvblox_msgs__rosidl_typesupport_fastrtps_cpp.dir/rosidl_typesupport_fastrtps_cpp/nvblox_msgs/srv/detail/dds_fastrtps/file_path__type_support.cpp.o[0m
[3.415s] [ 41%] [32mBuilding CXX object CMakeFiles/nvblox_msgs__rosidl_typesupport_fastrtps_cpp.dir/rosidl_typesupport_fastrtps_cpp/nvblox_msgs/msg/detail/dds_fastrtps/mesh__type_support.cpp.o[0m
[3.417s] [ 44%] [32mBuilding CXX object CMakeFiles/nvblox_msgs__rosidl_typesupport_fastrtps_cpp.dir/rosidl_typesupport_fastrtps_cpp/nvblox_msgs/msg/detail/dds_fastrtps/distance_map_slice__type_support.cpp.o[0m
[3.417s] [ 44%] [32mBuilding CXX object CMakeFiles/nvblox_msgs__rosidl_typesupport_fastrtps_cpp.dir/rosidl_typesupport_fastrtps_cpp/nvblox_msgs/msg/detail/dds_fastrtps/index3_d__type_support.cpp.o[0m
[3.417s] [ 45%] [32mBuilding CXX object CMakeFiles/nvblox_msgs__rosidl_typesupport_fastrtps_cpp.dir/rosidl_typesupport_fastrtps_cpp/nvblox_msgs/msg/detail/dds_fastrtps/semantic_labels_stamped__type_support.cpp.o[0m
[3.418s] [ 46%] [32mBuilding CXX object CMakeFiles/nvblox_msgs__rosidl_typesupport_fastrtps_cpp.dir/rosidl_typesupport_fastrtps_cpp/nvblox_msgs/srv/detail/dds_fastrtps/esdf_and_gradients__type_support.cpp.o[0m
[3.528s] [ 48%] [32mBuilding CXX object CMakeFiles/nvblox_msgs__rosidl_typesupport_c.dir/rosidl_typesupport_c/nvblox_msgs/srv/file_path__type_support.cpp.o[0m
[3.528s] [ 49%] [32mBuilding CXX object CMakeFiles/nvblox_msgs__rosidl_typesupport_c.dir/rosidl_typesupport_c/nvblox_msgs/msg/index3_d__type_support.cpp.o[0m
[3.531s] [ 51%] [32mBuilding CXX object CMakeFiles/nvblox_msgs__rosidl_typesupport_c.dir/rosidl_typesupport_c/nvblox_msgs/srv/esdf_and_gradients__type_support.cpp.o[0m
[3.531s] [ 54%] [32mBuilding CXX object CMakeFiles/nvblox_msgs__rosidl_typesupport_c.dir/rosidl_typesupport_c/nvblox_msgs/msg/mesh__type_support.cpp.o[0m
[3.531s] [ 54%] [32mBuilding CXX object CMakeFiles/nvblox_msgs__rosidl_typesupport_c.dir/rosidl_typesupport_c/nvblox_msgs/msg/semantic_labels_stamped__type_support.cpp.o[0m
[3.532s] [ 54%] [32mBuilding CXX object CMakeFiles/nvblox_msgs__rosidl_typesupport_c.dir/rosidl_typesupport_c/nvblox_msgs/msg/mesh_block__type_support.cpp.o[0m
[3.532s] [ 55%] [32mBuilding CXX object CMakeFiles/nvblox_msgs__rosidl_typesupport_c.dir/rosidl_typesupport_c/nvblox_msgs/msg/distance_map_slice__type_support.cpp.o[0m
[3.593s] [ 56%] [32m[1mLinking CXX shared library libnvblox_msgs__rosidl_typesupport_c.so[0m
[3.626s] [ 58%] [32mBuilding C object CMakeFiles/nvblox_msgs__rosidl_typesupport_introspection_c.dir/rosidl_typesupport_introspection_c/nvblox_msgs/srv/detail/file_path__type_support.c.o[0m
[3.626s] [ 59%] [32mBuilding C object CMakeFiles/nvblox_msgs__rosidl_typesupport_introspection_c.dir/rosidl_typesupport_introspection_c/nvblox_msgs/srv/detail/esdf_and_gradients__type_support.c.o[0m
[3.627s] [ 60%] [32mBuilding C object CMakeFiles/nvblox_msgs__rosidl_typesupport_introspection_c.dir/rosidl_typesupport_introspection_c/nvblox_msgs/msg/detail/semantic_labels_stamped__type_support.c.o[0m
[3.627s] [ 62%] [32mBuilding C object CMakeFiles/nvblox_msgs__rosidl_typesupport_introspection_c.dir/rosidl_typesupport_introspection_c/nvblox_msgs/msg/detail/mesh__type_support.c.o[0m
[3.628s] [ 63%] [32mBuilding C object CMakeFiles/nvblox_msgs__rosidl_typesupport_introspection_c.dir/rosidl_typesupport_introspection_c/nvblox_msgs/msg/detail/index3_d__type_support.c.o[0m
[3.628s] [ 64%] [32mBuilding C object CMakeFiles/nvblox_msgs__rosidl_typesupport_introspection_c.dir/rosidl_typesupport_introspection_c/nvblox_msgs/msg/detail/mesh_block__type_support.c.o[0m
[3.631s] [ 65%] [32mBuilding C object CMakeFiles/nvblox_msgs__rosidl_typesupport_introspection_c.dir/rosidl_typesupport_introspection_c/nvblox_msgs/msg/detail/distance_map_slice__type_support.c.o[0m
[3.639s] [ 67%] [32mBuilding CXX object CMakeFiles/nvblox_msgs__rosidl_typesupport_fastrtps_c.dir/rosidl_typesupport_fastrtps_c/nvblox_msgs/srv/detail/file_path__type_support_c.cpp.o[0m
[3.639s] [ 69%] [32mBuilding CXX object CMakeFiles/nvblox_msgs__rosidl_typesupport_fastrtps_c.dir/rosidl_typesupport_fastrtps_c/nvblox_msgs/msg/detail/semantic_labels_stamped__type_support_c.cpp.o[0m
[3.639s] [ 69%] [32mBuilding CXX object CMakeFiles/nvblox_msgs__rosidl_typesupport_fastrtps_c.dir/rosidl_typesupport_fastrtps_c/nvblox_msgs/srv/detail/esdf_and_gradients__type_support_c.cpp.o[0m
[3.640s] [ 70%] [32mBuilding CXX object CMakeFiles/nvblox_msgs__rosidl_typesupport_fastrtps_c.dir/rosidl_typesupport_fastrtps_c/nvblox_msgs/msg/detail/index3_d__type_support_c.cpp.o[0m
[3.641s] [ 72%] [32mBuilding CXX object CMakeFiles/nvblox_msgs__rosidl_typesupport_fastrtps_c.dir/rosidl_typesupport_fastrtps_c/nvblox_msgs/msg/detail/mesh__type_support_c.cpp.o[0m
[3.641s] [ 73%] [32mBuilding CXX object CMakeFiles/nvblox_msgs__rosidl_typesupport_fastrtps_c.dir/rosidl_typesupport_fastrtps_c/nvblox_msgs/msg/detail/distance_map_slice__type_support_c.cpp.o[0m
[3.643s] [ 74%] [32mBuilding CXX object CMakeFiles/nvblox_msgs__rosidl_typesupport_fastrtps_c.dir/rosidl_typesupport_fastrtps_c/nvblox_msgs/msg/detail/mesh_block__type_support_c.cpp.o[0m
[3.663s] [ 74%] Built target nvblox_msgs__rosidl_typesupport_c
[3.667s] [ 75%] [32m[1mLinking CXX shared library libnvblox_msgs__rosidl_typesupport_cpp.so[0m
[3.708s] [ 77%] [32m[1mLinking C shared library libnvblox_msgs__rosidl_typesupport_introspection_c.so[0m
[3.724s] [ 77%] Built target nvblox_msgs__rosidl_typesupport_cpp
[3.758s] [ 77%] Built target nvblox_msgs__rosidl_typesupport_introspection_c
[3.908s] [ 78%] [32m[1mLinking CXX shared library libnvblox_msgs__rosidl_typesupport_fastrtps_cpp.so[0m
[3.913s] [ 79%] [32m[1mLinking CXX shared library libnvblox_msgs__rosidl_typesupport_introspection_cpp.so[0m
[3.989s] [ 81%] [32m[1mLinking CXX shared library libnvblox_msgs__rosidl_typesupport_fastrtps_c.so[0m
[3.989s] [ 81%] Built target nvblox_msgs__rosidl_typesupport_fastrtps_cpp
[4.005s] [ 81%] Built target nvblox_msgs__rosidl_typesupport_introspection_cpp
[4.068s] [ 81%] Built target nvblox_msgs__rosidl_typesupport_fastrtps_c
[4.107s] [ 81%] Built target nvblox_msgs
[4.149s] [ 82%] [34m[1mGenerating Python code for ROS interfaces[0m
[4.957s] [ 82%] Built target nvblox_msgs__py
[4.997s] [ 83%] [32mBuilding C object CMakeFiles/nvblox_msgs__rosidl_generator_py.dir/rosidl_generator_py/nvblox_msgs/srv/_file_path_s.c.o[0m
[4.998s] [ 84%] [32mBuilding C object CMakeFiles/nvblox_msgs__rosidl_generator_py.dir/rosidl_generator_py/nvblox_msgs/msg/_index3_d_s.c.o[0m
[4.998s] [ 86%] [32mBuilding C object CMakeFiles/nvblox_msgs__rosidl_generator_py.dir/rosidl_generator_py/nvblox_msgs/msg/_semantic_labels_stamped_s.c.o[0m
[4.998s] [ 88%] [32mBuilding C object CMakeFiles/nvblox_msgs__rosidl_generator_py.dir/rosidl_generator_py/nvblox_msgs/srv/_esdf_and_gradients_s.c.o[0m
[4.998s] [ 88%] [32mBuilding C object CMakeFiles/nvblox_msgs__rosidl_generator_py.dir/rosidl_generator_py/nvblox_msgs/msg/_distance_map_slice_s.c.o[0m
[4.998s] [ 89%] [32mBuilding C object CMakeFiles/nvblox_msgs__rosidl_generator_py.dir/rosidl_generator_py/nvblox_msgs/msg/_mesh_block_s.c.o[0m
[4.999s] [ 91%] [32mBuilding C object CMakeFiles/nvblox_msgs__rosidl_generator_py.dir/rosidl_generator_py/nvblox_msgs/msg/_mesh_s.c.o[0m
[5.177s] [ 92%] [32m[1mLinking C shared library rosidl_generator_py/nvblox_msgs/libnvblox_msgs__rosidl_generator_py.so[0m
[5.231s] [ 92%] Built target nvblox_msgs__rosidl_generator_py
[5.273s] [ 94%] [32mBuilding C object CMakeFiles/nvblox_msgs__rosidl_typesupport_fastrtps_c__pyext.dir/rosidl_generator_py/nvblox_msgs/_nvblox_msgs_s.ep.rosidl_typesupport_fastrtps_c.c.o[0m
[5.273s] [ 94%] [32mBuilding C object CMakeFiles/nvblox_msgs__rosidl_typesupport_c__pyext.dir/rosidl_generator_py/nvblox_msgs/_nvblox_msgs_s.ep.rosidl_typesupport_c.c.o[0m
[5.273s] [ 96%] [32mBuilding C object CMakeFiles/nvblox_msgs__rosidl_typesupport_introspection_c__pyext.dir/rosidl_generator_py/nvblox_msgs/_nvblox_msgs_s.ep.rosidl_typesupport_introspection_c.c.o[0m
[5.459s] [ 97%] [32m[1mLinking C shared library rosidl_generator_py/nvblox_msgs/nvblox_msgs_s__rosidl_typesupport_c.cpython-310-x86_64-linux-gnu.so[0m
[5.460s] [ 98%] [32m[1mLinking C shared library rosidl_generator_py/nvblox_msgs/nvblox_msgs_s__rosidl_typesupport_introspection_c.cpython-310-x86_64-linux-gnu.so[0m
[5.462s] [100%] [32m[1mLinking C shared library rosidl_generator_py/nvblox_msgs/nvblox_msgs_s__rosidl_typesupport_fastrtps_c.cpython-310-x86_64-linux-gnu.so[0m
[5.509s] [100%] Built target nvblox_msgs__rosidl_typesupport_c__pyext
[5.513s] [100%] Built target nvblox_msgs__rosidl_typesupport_fastrtps_c__pyext
[5.515s] [100%] Built target nvblox_msgs__rosidl_typesupport_introspection_c__pyext
[5.529s] Invoked command in '/workspaces/isaac_ros-dev/src/isaac_ros_nvblox/build/nvblox_msgs' returned '0': CMAKE_PREFIX_PATH=/opt/ros/humble _=/usr/bin/env /usr/bin/cmake --build /workspaces/isaac_ros-dev/src/isaac_ros_nvblox/build/nvblox_msgs -- -j48 -l48
[7.460s] Invoking command in '/workspaces/isaac_ros-dev/src/isaac_ros_nvblox/build/nvblox_msgs': CMAKE_PREFIX_PATH=/opt/ros/humble _=/usr/bin/env /usr/bin/cmake --install /workspaces/isaac_ros-dev/src/isaac_ros_nvblox/build/nvblox_msgs
[7.467s] -- Install configuration: "Release"
[7.468s] -- Execute custom install script
[7.468s] -- Symlinking: /workspaces/isaac_ros-dev/src/isaac_ros_nvblox/install/nvblox_msgs/share/ament_index/resource_index/rosidl_interfaces/nvblox_msgs
[7.478s] -- Symlinking: /workspaces/isaac_ros-dev/src/isaac_ros_nvblox/install/nvblox_msgs/include/nvblox_msgs/nvblox_msgs/msg/detail/distance_map_slice__functions.h
[7.486s] -- Symlinking: /workspaces/isaac_ros-dev/src/isaac_ros_nvblox/install/nvblox_msgs/include/nvblox_msgs/nvblox_msgs/msg/detail/distance_map_slice__struct.h
[7.494s] -- Symlinking: /workspaces/isaac_ros-dev/src/isaac_ros_nvblox/install/nvblox_msgs/include/nvblox_msgs/nvblox_msgs/msg/detail/distance_map_slice__type_support.h
[7.502s] -- Symlinking: /workspaces/isaac_ros-dev/src/isaac_ros_nvblox/install/nvblox_msgs/include/nvblox_msgs/nvblox_msgs/msg/detail/index3_d__functions.h
[7.510s] -- Symlinking: /workspaces/isaac_ros-dev/src/isaac_ros_nvblox/install/nvblox_msgs/include/nvblox_msgs/nvblox_msgs/msg/detail/index3_d__struct.h
[7.520s] -- Symlinking: /workspaces/isaac_ros-dev/src/isaac_ros_nvblox/install/nvblox_msgs/include/nvblox_msgs/nvblox_msgs/msg/detail/index3_d__type_support.h
[7.529s] -- Symlinking: /workspaces/isaac_ros-dev/src/isaac_ros_nvblox/install/nvblox_msgs/include/nvblox_msgs/nvblox_msgs/msg/detail/mesh__functions.h
[7.537s] -- Symlinking: /workspaces/isaac_ros-dev/src/isaac_ros_nvblox/install/nvblox_msgs/include/nvblox_msgs/nvblox_msgs/msg/detail/mesh__struct.h
[7.545s] -- Symlinking: /workspaces/isaac_ros-dev/src/isaac_ros_nvblox/install/nvblox_msgs/include/nvblox_msgs/nvblox_msgs/msg/detail/mesh__type_support.h
[7.553s] -- Symlinking: /workspaces/isaac_ros-dev/src/isaac_ros_nvblox/install/nvblox_msgs/include/nvblox_msgs/nvblox_msgs/msg/detail/mesh_block__functions.h
[7.561s] -- Symlinking: /workspaces/isaac_ros-dev/src/isaac_ros_nvblox/install/nvblox_msgs/include/nvblox_msgs/nvblox_msgs/msg/detail/mesh_block__struct.h
[7.569s] -- Symlinking: /workspaces/isaac_ros-dev/src/isaac_ros_nvblox/install/nvblox_msgs/include/nvblox_msgs/nvblox_msgs/msg/detail/mesh_block__type_support.h
[7.577s] -- Symlinking: /workspaces/isaac_ros-dev/src/isaac_ros_nvblox/install/nvblox_msgs/include/nvblox_msgs/nvblox_msgs/msg/detail/semantic_labels_stamped__functions.h
[7.585s] -- Symlinking: /workspaces/isaac_ros-dev/src/isaac_ros_nvblox/install/nvblox_msgs/include/nvblox_msgs/nvblox_msgs/msg/detail/semantic_labels_stamped__struct.h
[7.593s] -- Symlinking: /workspaces/isaac_ros-dev/src/isaac_ros_nvblox/install/nvblox_msgs/include/nvblox_msgs/nvblox_msgs/msg/detail/semantic_labels_stamped__type_support.h
[7.601s] -- Symlinking: /workspaces/isaac_ros-dev/src/isaac_ros_nvblox/install/nvblox_msgs/include/nvblox_msgs/nvblox_msgs/msg/distance_map_slice.h
[7.609s] -- Symlinking: /workspaces/isaac_ros-dev/src/isaac_ros_nvblox/install/nvblox_msgs/include/nvblox_msgs/nvblox_msgs/msg/index3_d.h
[7.617s] -- Symlinking: /workspaces/isaac_ros-dev/src/isaac_ros_nvblox/install/nvblox_msgs/include/nvblox_msgs/nvblox_msgs/msg/mesh.h
[7.625s] -- Symlinking: /workspaces/isaac_ros-dev/src/isaac_ros_nvblox/install/nvblox_msgs/include/nvblox_msgs/nvblox_msgs/msg/mesh_block.h
[7.634s] -- Symlinking: /workspaces/isaac_ros-dev/src/isaac_ros_nvblox/install/nvblox_msgs/include/nvblox_msgs/nvblox_msgs/msg/rosidl_generator_c__visibility_control.h
[7.642s] -- Symlinking: /workspaces/isaac_ros-dev/src/isaac_ros_nvblox/install/nvblox_msgs/include/nvblox_msgs/nvblox_msgs/msg/semantic_labels_stamped.h
[7.652s] -- Symlinking: /workspaces/isaac_ros-dev/src/isaac_ros_nvblox/install/nvblox_msgs/include/nvblox_msgs/nvblox_msgs/srv/detail/esdf_and_gradients__functions.h
[7.660s] -- Symlinking: /workspaces/isaac_ros-dev/src/isaac_ros_nvblox/install/nvblox_msgs/include/nvblox_msgs/nvblox_msgs/srv/detail/esdf_and_gradients__struct.h
[7.669s] -- Symlinking: /workspaces/isaac_ros-dev/src/isaac_ros_nvblox/install/nvblox_msgs/include/nvblox_msgs/nvblox_msgs/srv/detail/esdf_and_gradients__type_support.h
[7.677s] -- Symlinking: /workspaces/isaac_ros-dev/src/isaac_ros_nvblox/install/nvblox_msgs/include/nvblox_msgs/nvblox_msgs/srv/detail/file_path__functions.h
[7.685s] -- Symlinking: /workspaces/isaac_ros-dev/src/isaac_ros_nvblox/install/nvblox_msgs/include/nvblox_msgs/nvblox_msgs/srv/detail/file_path__struct.h
[7.693s] -- Symlinking: /workspaces/isaac_ros-dev/src/isaac_ros_nvblox/install/nvblox_msgs/include/nvblox_msgs/nvblox_msgs/srv/detail/file_path__type_support.h
[7.702s] -- Symlinking: /workspaces/isaac_ros-dev/src/isaac_ros_nvblox/install/nvblox_msgs/include/nvblox_msgs/nvblox_msgs/srv/esdf_and_gradients.h
[7.710s] -- Symlinking: /workspaces/isaac_ros-dev/src/isaac_ros_nvblox/install/nvblox_msgs/include/nvblox_msgs/nvblox_msgs/srv/file_path.h
[7.719s] -- Symlinking: /workspaces/isaac_ros-dev/src/isaac_ros_nvblox/install/nvblox_msgs/share/nvblox_msgs/environment/library_path.sh
[7.727s] -- Symlinking: /workspaces/isaac_ros-dev/src/isaac_ros_nvblox/install/nvblox_msgs/share/nvblox_msgs/environment/library_path.dsv
[7.736s] -- Symlinking: /workspaces/isaac_ros-dev/src/isaac_ros_nvblox/install/nvblox_msgs/include/nvblox_msgs/nvblox_msgs/msg/detail/distance_map_slice__rosidl_typesupport_fastrtps_c.h
[7.744s] -- Symlinking: /workspaces/isaac_ros-dev/src/isaac_ros_nvblox/install/nvblox_msgs/include/nvblox_msgs/nvblox_msgs/msg/detail/index3_d__rosidl_typesupport_fastrtps_c.h
[7.752s] -- Symlinking: /workspaces/isaac_ros-dev/src/isaac_ros_nvblox/install/nvblox_msgs/include/nvblox_msgs/nvblox_msgs/msg/detail/mesh__rosidl_typesupport_fastrtps_c.h
[7.760s] -- Symlinking: /workspaces/isaac_ros-dev/src/isaac_ros_nvblox/install/nvblox_msgs/include/nvblox_msgs/nvblox_msgs/msg/detail/mesh_block__rosidl_typesupport_fastrtps_c.h
[7.768s] -- Symlinking: /workspaces/isaac_ros-dev/src/isaac_ros_nvblox/install/nvblox_msgs/include/nvblox_msgs/nvblox_msgs/msg/detail/semantic_labels_stamped__rosidl_typesupport_fastrtps_c.h
[7.776s] -- Symlinking: /workspaces/isaac_ros-dev/src/isaac_ros_nvblox/install/nvblox_msgs/include/nvblox_msgs/nvblox_msgs/msg/rosidl_typesupport_fastrtps_c__visibility_control.h
[7.784s] -- Symlinking: /workspaces/isaac_ros-dev/src/isaac_ros_nvblox/install/nvblox_msgs/include/nvblox_msgs/nvblox_msgs/srv/detail/esdf_and_gradients__rosidl_typesupport_fastrtps_c.h
[7.792s] -- Symlinking: /workspaces/isaac_ros-dev/src/isaac_ros_nvblox/install/nvblox_msgs/include/nvblox_msgs/nvblox_msgs/srv/detail/file_path__rosidl_typesupport_fastrtps_c.h
[7.800s] -- Symlinking: /workspaces/isaac_ros-dev/src/isaac_ros_nvblox/install/nvblox_msgs/include/nvblox_msgs/nvblox_msgs/msg/detail/distance_map_slice__rosidl_typesupport_introspection_c.h
[7.808s] -- Symlinking: /workspaces/isaac_ros-dev/src/isaac_ros_nvblox/install/nvblox_msgs/include/nvblox_msgs/nvblox_msgs/msg/detail/index3_d__rosidl_typesupport_introspection_c.h
[7.818s] -- Symlinking: /workspaces/isaac_ros-dev/src/isaac_ros_nvblox/install/nvblox_msgs/include/nvblox_msgs/nvblox_msgs/msg/detail/mesh__rosidl_typesupport_introspection_c.h
[7.827s] -- Symlinking: /workspaces/isaac_ros-dev/src/isaac_ros_nvblox/install/nvblox_msgs/include/nvblox_msgs/nvblox_msgs/msg/detail/mesh_block__rosidl_typesupport_introspection_c.h
[7.836s] -- Symlinking: /workspaces/isaac_ros-dev/src/isaac_ros_nvblox/install/nvblox_msgs/include/nvblox_msgs/nvblox_msgs/msg/detail/semantic_labels_stamped__rosidl_typesupport_introspection_c.h
[7.845s] -- Symlinking: /workspaces/isaac_ros-dev/src/isaac_ros_nvblox/install/nvblox_msgs/include/nvblox_msgs/nvblox_msgs/msg/rosidl_typesupport_introspection_c__visibility_control.h
[7.853s] -- Symlinking: /workspaces/isaac_ros-dev/src/isaac_ros_nvblox/install/nvblox_msgs/include/nvblox_msgs/nvblox_msgs/srv/detail/esdf_and_gradients__rosidl_typesupport_introspection_c.h
[7.862s] -- Symlinking: /workspaces/isaac_ros-dev/src/isaac_ros_nvblox/install/nvblox_msgs/include/nvblox_msgs/nvblox_msgs/srv/detail/file_path__rosidl_typesupport_introspection_c.h
[7.872s] -- Symlinking: /workspaces/isaac_ros-dev/src/isaac_ros_nvblox/install/nvblox_msgs/include/nvblox_msgs/nvblox_msgs/msg/detail/distance_map_slice__builder.hpp
[7.881s] -- Symlinking: /workspaces/isaac_ros-dev/src/isaac_ros_nvblox/install/nvblox_msgs/include/nvblox_msgs/nvblox_msgs/msg/detail/distance_map_slice__struct.hpp
[7.889s] -- Symlinking: /workspaces/isaac_ros-dev/src/isaac_ros_nvblox/install/nvblox_msgs/include/nvblox_msgs/nvblox_msgs/msg/detail/distance_map_slice__traits.hpp
[7.900s] -- Symlinking: /workspaces/isaac_ros-dev/src/isaac_ros_nvblox/install/nvblox_msgs/include/nvblox_msgs/nvblox_msgs/msg/detail/index3_d__builder.hpp
[7.909s] -- Symlinking: /workspaces/isaac_ros-dev/src/isaac_ros_nvblox/install/nvblox_msgs/include/nvblox_msgs/nvblox_msgs/msg/detail/index3_d__struct.hpp
[7.917s] -- Symlinking: /workspaces/isaac_ros-dev/src/isaac_ros_nvblox/install/nvblox_msgs/include/nvblox_msgs/nvblox_msgs/msg/detail/index3_d__traits.hpp
[7.926s] -- Symlinking: /workspaces/isaac_ros-dev/src/isaac_ros_nvblox/install/nvblox_msgs/include/nvblox_msgs/nvblox_msgs/msg/detail/mesh__builder.hpp
[7.935s] -- Symlinking: /workspaces/isaac_ros-dev/src/isaac_ros_nvblox/install/nvblox_msgs/include/nvblox_msgs/nvblox_msgs/msg/detail/mesh__struct.hpp
[7.943s] -- Symlinking: /workspaces/isaac_ros-dev/src/isaac_ros_nvblox/install/nvblox_msgs/include/nvblox_msgs/nvblox_msgs/msg/detail/mesh__traits.hpp
[7.952s] -- Symlinking: /workspaces/isaac_ros-dev/src/isaac_ros_nvblox/install/nvblox_msgs/include/nvblox_msgs/nvblox_msgs/msg/detail/mesh_block__builder.hpp
[7.960s] -- Symlinking: /workspaces/isaac_ros-dev/src/isaac_ros_nvblox/install/nvblox_msgs/include/nvblox_msgs/nvblox_msgs/msg/detail/mesh_block__struct.hpp
[7.969s] -- Symlinking: /workspaces/isaac_ros-dev/src/isaac_ros_nvblox/install/nvblox_msgs/include/nvblox_msgs/nvblox_msgs/msg/detail/mesh_block__traits.hpp
[7.978s] -- Symlinking: /workspaces/isaac_ros-dev/src/isaac_ros_nvblox/install/nvblox_msgs/include/nvblox_msgs/nvblox_msgs/msg/detail/semantic_labels_stamped__builder.hpp
[7.987s] -- Symlinking: /workspaces/isaac_ros-dev/src/isaac_ros_nvblox/install/nvblox_msgs/include/nvblox_msgs/nvblox_msgs/msg/detail/semantic_labels_stamped__struct.hpp
[7.995s] -- Symlinking: /workspaces/isaac_ros-dev/src/isaac_ros_nvblox/install/nvblox_msgs/include/nvblox_msgs/nvblox_msgs/msg/detail/semantic_labels_stamped__traits.hpp
[8.004s] -- Symlinking: /workspaces/isaac_ros-dev/src/isaac_ros_nvblox/install/nvblox_msgs/include/nvblox_msgs/nvblox_msgs/msg/distance_map_slice.hpp
[8.015s] -- Symlinking: /workspaces/isaac_ros-dev/src/isaac_ros_nvblox/install/nvblox_msgs/include/nvblox_msgs/nvblox_msgs/msg/index3_d.hpp
[8.023s] -- Symlinking: /workspaces/isaac_ros-dev/src/isaac_ros_nvblox/install/nvblox_msgs/include/nvblox_msgs/nvblox_msgs/msg/mesh.hpp
[8.032s] -- Symlinking: /workspaces/isaac_ros-dev/src/isaac_ros_nvblox/install/nvblox_msgs/include/nvblox_msgs/nvblox_msgs/msg/mesh_block.hpp
[8.040s] -- Symlinking: /workspaces/isaac_ros-dev/src/isaac_ros_nvblox/install/nvblox_msgs/include/nvblox_msgs/nvblox_msgs/msg/semantic_labels_stamped.hpp
[8.049s] -- Symlinking: /workspaces/isaac_ros-dev/src/isaac_ros_nvblox/install/nvblox_msgs/include/nvblox_msgs/nvblox_msgs/srv/detail/esdf_and_gradients__builder.hpp
[8.058s] -- Symlinking: /workspaces/isaac_ros-dev/src/isaac_ros_nvblox/install/nvblox_msgs/include/nvblox_msgs/nvblox_msgs/srv/detail/esdf_and_gradients__struct.hpp
[8.066s] -- Symlinking: /workspaces/isaac_ros-dev/src/isaac_ros_nvblox/install/nvblox_msgs/include/nvblox_msgs/nvblox_msgs/srv/detail/esdf_and_gradients__traits.hpp
[8.075s] -- Symlinking: /workspaces/isaac_ros-dev/src/isaac_ros_nvblox/install/nvblox_msgs/include/nvblox_msgs/nvblox_msgs/srv/detail/file_path__builder.hpp
[8.086s] -- Symlinking: /workspaces/isaac_ros-dev/src/isaac_ros_nvblox/install/nvblox_msgs/include/nvblox_msgs/nvblox_msgs/srv/detail/file_path__struct.hpp
[8.095s] -- Symlinking: /workspaces/isaac_ros-dev/src/isaac_ros_nvblox/install/nvblox_msgs/include/nvblox_msgs/nvblox_msgs/srv/detail/file_path__traits.hpp
[8.106s] -- Symlinking: /workspaces/isaac_ros-dev/src/isaac_ros_nvblox/install/nvblox_msgs/include/nvblox_msgs/nvblox_msgs/srv/esdf_and_gradients.hpp
[8.115s] -- Symlinking: /workspaces/isaac_ros-dev/src/isaac_ros_nvblox/install/nvblox_msgs/include/nvblox_msgs/nvblox_msgs/srv/file_path.hpp
[8.125s] -- Symlinking: /workspaces/isaac_ros-dev/src/isaac_ros_nvblox/install/nvblox_msgs/include/nvblox_msgs/nvblox_msgs/msg/detail/distance_map_slice__rosidl_typesupport_fastrtps_cpp.hpp
[8.135s] -- Symlinking: /workspaces/isaac_ros-dev/src/isaac_ros_nvblox/install/nvblox_msgs/include/nvblox_msgs/nvblox_msgs/msg/detail/index3_d__rosidl_typesupport_fastrtps_cpp.hpp
[8.144s] -- Symlinking: /workspaces/isaac_ros-dev/src/isaac_ros_nvblox/install/nvblox_msgs/include/nvblox_msgs/nvblox_msgs/msg/detail/mesh__rosidl_typesupport_fastrtps_cpp.hpp
[8.155s] -- Symlinking: /workspaces/isaac_ros-dev/src/isaac_ros_nvblox/install/nvblox_msgs/include/nvblox_msgs/nvblox_msgs/msg/detail/mesh_block__rosidl_typesupport_fastrtps_cpp.hpp
[8.166s] -- Symlinking: /workspaces/isaac_ros-dev/src/isaac_ros_nvblox/install/nvblox_msgs/include/nvblox_msgs/nvblox_msgs/msg/detail/semantic_labels_stamped__rosidl_typesupport_fastrtps_cpp.hpp
[8.176s] -- Symlinking: /workspaces/isaac_ros-dev/src/isaac_ros_nvblox/install/nvblox_msgs/include/nvblox_msgs/nvblox_msgs/msg/rosidl_typesupport_fastrtps_cpp__visibility_control.h
[8.185s] -- Symlinking: /workspaces/isaac_ros-dev/src/isaac_ros_nvblox/install/nvblox_msgs/include/nvblox_msgs/nvblox_msgs/srv/detail/esdf_and_gradients__rosidl_typesupport_fastrtps_cpp.hpp
[8.194s] -- Symlinking: /workspaces/isaac_ros-dev/src/isaac_ros_nvblox/install/nvblox_msgs/include/nvblox_msgs/nvblox_msgs/srv/detail/file_path__rosidl_typesupport_fastrtps_cpp.hpp
[8.203s] -- Symlinking: /workspaces/isaac_ros-dev/src/isaac_ros_nvblox/install/nvblox_msgs/include/nvblox_msgs/nvblox_msgs/msg/detail/distance_map_slice__rosidl_typesupport_introspection_cpp.hpp
[8.211s] -- Symlinking: /workspaces/isaac_ros-dev/src/isaac_ros_nvblox/install/nvblox_msgs/include/nvblox_msgs/nvblox_msgs/msg/detail/index3_d__rosidl_typesupport_introspection_cpp.hpp
[8.220s] -- Symlinking: /workspaces/isaac_ros-dev/src/isaac_ros_nvblox/install/nvblox_msgs/include/nvblox_msgs/nvblox_msgs/msg/detail/mesh__rosidl_typesupport_introspection_cpp.hpp
[8.229s] -- Symlinking: /workspaces/isaac_ros-dev/src/isaac_ros_nvblox/install/nvblox_msgs/include/nvblox_msgs/nvblox_msgs/msg/detail/mesh_block__rosidl_typesupport_introspection_cpp.hpp
[8.239s] -- Symlinking: /workspaces/isaac_ros-dev/src/isaac_ros_nvblox/install/nvblox_msgs/include/nvblox_msgs/nvblox_msgs/msg/detail/semantic_labels_stamped__rosidl_typesupport_introspection_cpp.hpp
[8.248s] -- Symlinking: /workspaces/isaac_ros-dev/src/isaac_ros_nvblox/install/nvblox_msgs/include/nvblox_msgs/nvblox_msgs/srv/detail/esdf_and_gradients__rosidl_typesupport_introspection_cpp.hpp
[8.259s] -- Symlinking: /workspaces/isaac_ros-dev/src/isaac_ros_nvblox/install/nvblox_msgs/include/nvblox_msgs/nvblox_msgs/srv/detail/file_path__rosidl_typesupport_introspection_cpp.hpp
[8.271s] -- Symlinking: /workspaces/isaac_ros-dev/src/isaac_ros_nvblox/install/nvblox_msgs/share/nvblox_msgs/environment/pythonpath.sh
[8.280s] -- Symlinking: /workspaces/isaac_ros-dev/src/isaac_ros_nvblox/install/nvblox_msgs/share/nvblox_msgs/environment/pythonpath.dsv
[8.291s] -- Symlinking: /workspaces/isaac_ros-dev/src/isaac_ros_nvblox/install/nvblox_msgs/local/lib/python3.10/dist-packages/nvblox_msgs-3.0.1-py3.10.egg-info/PKG-INFO
[8.301s] -- Symlinking: /workspaces/isaac_ros-dev/src/isaac_ros_nvblox/install/nvblox_msgs/local/lib/python3.10/dist-packages/nvblox_msgs-3.0.1-py3.10.egg-info/SOURCES.txt
[8.312s] -- Symlinking: /workspaces/isaac_ros-dev/src/isaac_ros_nvblox/install/nvblox_msgs/local/lib/python3.10/dist-packages/nvblox_msgs-3.0.1-py3.10.egg-info/dependency_links.txt
[8.321s] -- Symlinking: /workspaces/isaac_ros-dev/src/isaac_ros_nvblox/install/nvblox_msgs/local/lib/python3.10/dist-packages/nvblox_msgs-3.0.1-py3.10.egg-info/top_level.txt
[8.332s] -- Symlinking: /workspaces/isaac_ros-dev/src/isaac_ros_nvblox/install/nvblox_msgs/local/lib/python3.10/dist-packages/nvblox_msgs/__init__.py
[8.340s] -- Symlinking: /workspaces/isaac_ros-dev/src/isaac_ros_nvblox/install/nvblox_msgs/local/lib/python3.10/dist-packages/nvblox_msgs/_nvblox_msgs_s.ep.rosidl_typesupport_c.c
[8.349s] -- Symlinking: /workspaces/isaac_ros-dev/src/isaac_ros_nvblox/install/nvblox_msgs/local/lib/python3.10/dist-packages/nvblox_msgs/_nvblox_msgs_s.ep.rosidl_typesupport_fastrtps_c.c
[8.358s] -- Symlinking: /workspaces/isaac_ros-dev/src/isaac_ros_nvblox/install/nvblox_msgs/local/lib/python3.10/dist-packages/nvblox_msgs/_nvblox_msgs_s.ep.rosidl_typesupport_introspection_c.c
[8.366s] -- Symlinking: /workspaces/isaac_ros-dev/src/isaac_ros_nvblox/install/nvblox_msgs/local/lib/python3.10/dist-packages/nvblox_msgs/libnvblox_msgs__rosidl_generator_py.so
[8.377s] -- Symlinking: /workspaces/isaac_ros-dev/src/isaac_ros_nvblox/install/nvblox_msgs/local/lib/python3.10/dist-packages/nvblox_msgs/msg/__init__.py
[8.386s] -- Symlinking: /workspaces/isaac_ros-dev/src/isaac_ros_nvblox/install/nvblox_msgs/local/lib/python3.10/dist-packages/nvblox_msgs/msg/_distance_map_slice.py
[8.395s] -- Symlinking: /workspaces/isaac_ros-dev/src/isaac_ros_nvblox/install/nvblox_msgs/local/lib/python3.10/dist-packages/nvblox_msgs/msg/_distance_map_slice_s.c
[8.403s] -- Symlinking: /workspaces/isaac_ros-dev/src/isaac_ros_nvblox/install/nvblox_msgs/local/lib/python3.10/dist-packages/nvblox_msgs/msg/_index3_d.py
[8.412s] -- Symlinking: /workspaces/isaac_ros-dev/src/isaac_ros_nvblox/install/nvblox_msgs/local/lib/python3.10/dist-packages/nvblox_msgs/msg/_index3_d_s.c
[8.422s] -- Symlinking: /workspaces/isaac_ros-dev/src/isaac_ros_nvblox/install/nvblox_msgs/local/lib/python3.10/dist-packages/nvblox_msgs/msg/_mesh.py
[8.431s] -- Symlinking: /workspaces/isaac_ros-dev/src/isaac_ros_nvblox/install/nvblox_msgs/local/lib/python3.10/dist-packages/nvblox_msgs/msg/_mesh_block.py
[8.439s] -- Symlinking: /workspaces/isaac_ros-dev/src/isaac_ros_nvblox/install/nvblox_msgs/local/lib/python3.10/dist-packages/nvblox_msgs/msg/_mesh_block_s.c
[8.448s] -- Symlinking: /workspaces/isaac_ros-dev/src/isaac_ros_nvblox/install/nvblox_msgs/local/lib/python3.10/dist-packages/nvblox_msgs/msg/_mesh_s.c
[8.456s] -- Symlinking: /workspaces/isaac_ros-dev/src/isaac_ros_nvblox/install/nvblox_msgs/local/lib/python3.10/dist-packages/nvblox_msgs/msg/_semantic_labels_stamped.py
[8.464s] -- Symlinking: /workspaces/isaac_ros-dev/src/isaac_ros_nvblox/install/nvblox_msgs/local/lib/python3.10/dist-packages/nvblox_msgs/msg/_semantic_labels_stamped_s.c
[8.473s] -- Symlinking: /workspaces/isaac_ros-dev/src/isaac_ros_nvblox/install/nvblox_msgs/local/lib/python3.10/dist-packages/nvblox_msgs/nvblox_msgs_s__rosidl_typesupport_c.cpython-310-x86_64-linux-gnu.so
[8.482s] -- Symlinking: /workspaces/isaac_ros-dev/src/isaac_ros_nvblox/install/nvblox_msgs/local/lib/python3.10/dist-packages/nvblox_msgs/nvblox_msgs_s__rosidl_typesupport_fastrtps_c.cpython-310-x86_64-linux-gnu.so
[8.491s] -- Symlinking: /workspaces/isaac_ros-dev/src/isaac_ros_nvblox/install/nvblox_msgs/local/lib/python3.10/dist-packages/nvblox_msgs/nvblox_msgs_s__rosidl_typesupport_introspection_c.cpython-310-x86_64-linux-gnu.so
[8.500s] -- Symlinking: /workspaces/isaac_ros-dev/src/isaac_ros_nvblox/install/nvblox_msgs/local/lib/python3.10/dist-packages/nvblox_msgs/srv/__init__.py
[8.509s] -- Symlinking: /workspaces/isaac_ros-dev/src/isaac_ros_nvblox/install/nvblox_msgs/local/lib/python3.10/dist-packages/nvblox_msgs/srv/_esdf_and_gradients.py
[8.518s] -- Symlinking: /workspaces/isaac_ros-dev/src/isaac_ros_nvblox/install/nvblox_msgs/local/lib/python3.10/dist-packages/nvblox_msgs/srv/_esdf_and_gradients_s.c
[8.527s] -- Symlinking: /workspaces/isaac_ros-dev/src/isaac_ros_nvblox/install/nvblox_msgs/local/lib/python3.10/dist-packages/nvblox_msgs/srv/_file_path.py
[8.537s] -- Symlinking: /workspaces/isaac_ros-dev/src/isaac_ros_nvblox/install/nvblox_msgs/local/lib/python3.10/dist-packages/nvblox_msgs/srv/_file_path_s.c
[8.547s] -- Up-to-date symlink: /workspaces/isaac_ros-dev/src/isaac_ros_nvblox/install/nvblox_msgs/local/lib/python3.10/dist-packages/nvblox_msgs/nvblox_msgs_s__rosidl_typesupport_fastrtps_c.cpython-310-x86_64-linux-gnu.so
[8.548s] -- Up-to-date symlink: /workspaces/isaac_ros-dev/src/isaac_ros_nvblox/install/nvblox_msgs/local/lib/python3.10/dist-packages/nvblox_msgs/nvblox_msgs_s__rosidl_typesupport_introspection_c.cpython-310-x86_64-linux-gnu.so
[8.548s] -- Up-to-date symlink: /workspaces/isaac_ros-dev/src/isaac_ros_nvblox/install/nvblox_msgs/local/lib/python3.10/dist-packages/nvblox_msgs/nvblox_msgs_s__rosidl_typesupport_c.cpython-310-x86_64-linux-gnu.so
[8.548s] -- Symlinking: /workspaces/isaac_ros-dev/src/isaac_ros_nvblox/install/nvblox_msgs/share/nvblox_msgs/srv/FilePath.idl
[8.559s] -- Symlinking: /workspaces/isaac_ros-dev/src/isaac_ros_nvblox/install/nvblox_msgs/share/nvblox_msgs/srv/EsdfAndGradients.idl
[8.569s] -- Symlinking: /workspaces/isaac_ros-dev/src/isaac_ros_nvblox/install/nvblox_msgs/share/nvblox_msgs/msg/SemanticLabelsStamped.idl
[8.579s] -- Symlinking: /workspaces/isaac_ros-dev/src/isaac_ros_nvblox/install/nvblox_msgs/share/nvblox_msgs/msg/MeshBlock.idl
[8.588s] -- Symlinking: /workspaces/isaac_ros-dev/src/isaac_ros_nvblox/install/nvblox_msgs/share/nvblox_msgs/msg/Mesh.idl
[8.598s] -- Symlinking: /workspaces/isaac_ros-dev/src/isaac_ros_nvblox/install/nvblox_msgs/share/nvblox_msgs/msg/Index3D.idl
[8.607s] -- Symlinking: /workspaces/isaac_ros-dev/src/isaac_ros_nvblox/install/nvblox_msgs/share/nvblox_msgs/msg/DistanceMapSlice.idl
[8.616s] -- Symlinking: /workspaces/isaac_ros-dev/src/isaac_ros_nvblox/install/nvblox_msgs/share/nvblox_msgs/srv/FilePath.srv
[8.624s] -- Symlinking: /workspaces/isaac_ros-dev/src/isaac_ros_nvblox/install/nvblox_msgs/share/nvblox_msgs/srv/FilePath_Request.msg
[8.633s] -- Symlinking: /workspaces/isaac_ros-dev/src/isaac_ros_nvblox/install/nvblox_msgs/share/nvblox_msgs/srv/FilePath_Response.msg
[8.641s] -- Symlinking: /workspaces/isaac_ros-dev/src/isaac_ros_nvblox/install/nvblox_msgs/share/nvblox_msgs/srv/EsdfAndGradients.srv
[8.649s] -- Symlinking: /workspaces/isaac_ros-dev/src/isaac_ros_nvblox/install/nvblox_msgs/share/nvblox_msgs/srv/EsdfAndGradients_Request.msg
[8.657s] -- Symlinking: /workspaces/isaac_ros-dev/src/isaac_ros_nvblox/install/nvblox_msgs/share/nvblox_msgs/srv/EsdfAndGradients_Response.msg
[8.665s] -- Symlinking: /workspaces/isaac_ros-dev/src/isaac_ros_nvblox/install/nvblox_msgs/share/nvblox_msgs/msg/SemanticLabelsStamped.msg
[8.673s] -- Symlinking: /workspaces/isaac_ros-dev/src/isaac_ros_nvblox/install/nvblox_msgs/share/nvblox_msgs/msg/MeshBlock.msg
[8.683s] -- Symlinking: /workspaces/isaac_ros-dev/src/isaac_ros_nvblox/install/nvblox_msgs/share/nvblox_msgs/msg/Mesh.msg
[8.692s] -- Symlinking: /workspaces/isaac_ros-dev/src/isaac_ros_nvblox/install/nvblox_msgs/share/nvblox_msgs/msg/Index3D.msg
[8.701s] -- Symlinking: /workspaces/isaac_ros-dev/src/isaac_ros_nvblox/install/nvblox_msgs/share/nvblox_msgs/msg/DistanceMapSlice.msg
[8.710s] -- Symlinking: /workspaces/isaac_ros-dev/src/isaac_ros_nvblox/install/nvblox_msgs/share/ament_index/resource_index/package_run_dependencies/nvblox_msgs
[8.719s] -- Symlinking: /workspaces/isaac_ros-dev/src/isaac_ros_nvblox/install/nvblox_msgs/share/ament_index/resource_index/parent_prefix_path/nvblox_msgs
[8.729s] -- Symlinking: /workspaces/isaac_ros-dev/src/isaac_ros_nvblox/install/nvblox_msgs/share/nvblox_msgs/environment/ament_prefix_path.sh
[8.738s] -- Symlinking: /workspaces/isaac_ros-dev/src/isaac_ros_nvblox/install/nvblox_msgs/share/nvblox_msgs/environment/ament_prefix_path.dsv
[8.747s] -- Symlinking: /workspaces/isaac_ros-dev/src/isaac_ros_nvblox/install/nvblox_msgs/share/nvblox_msgs/environment/path.sh
[8.755s] -- Symlinking: /workspaces/isaac_ros-dev/src/isaac_ros_nvblox/install/nvblox_msgs/share/nvblox_msgs/environment/path.dsv
[8.764s] -- Symlinking: /workspaces/isaac_ros-dev/src/isaac_ros_nvblox/install/nvblox_msgs/share/nvblox_msgs/local_setup.bash
[8.774s] -- Symlinking: /workspaces/isaac_ros-dev/src/isaac_ros_nvblox/install/nvblox_msgs/share/nvblox_msgs/local_setup.sh
[8.784s] -- Symlinking: /workspaces/isaac_ros-dev/src/isaac_ros_nvblox/install/nvblox_msgs/share/nvblox_msgs/local_setup.zsh
[8.795s] -- Symlinking: /workspaces/isaac_ros-dev/src/isaac_ros_nvblox/install/nvblox_msgs/share/nvblox_msgs/local_setup.dsv
[8.804s] -- Symlinking: /workspaces/isaac_ros-dev/src/isaac_ros_nvblox/install/nvblox_msgs/share/nvblox_msgs/package.dsv
[8.813s] -- Symlinking: /workspaces/isaac_ros-dev/src/isaac_ros_nvblox/install/nvblox_msgs/share/ament_index/resource_index/packages/nvblox_msgs
[8.823s] -- Symlinking: /workspaces/isaac_ros-dev/src/isaac_ros_nvblox/install/nvblox_msgs/share/nvblox_msgs/cmake/rosidl_cmake-extras.cmake
[8.832s] -- Symlinking: /workspaces/isaac_ros-dev/src/isaac_ros_nvblox/install/nvblox_msgs/share/nvblox_msgs/cmake/ament_cmake_export_dependencies-extras.cmake
[8.841s] -- Symlinking: /workspaces/isaac_ros-dev/src/isaac_ros_nvblox/install/nvblox_msgs/share/nvblox_msgs/cmake/ament_cmake_export_include_directories-extras.cmake
[8.850s] -- Symlinking: /workspaces/isaac_ros-dev/src/isaac_ros_nvblox/install/nvblox_msgs/share/nvblox_msgs/cmake/ament_cmake_export_libraries-extras.cmake
[8.858s] -- Symlinking: /workspaces/isaac_ros-dev/src/isaac_ros_nvblox/install/nvblox_msgs/share/nvblox_msgs/cmake/ament_cmake_export_targets-extras.cmake
[8.867s] -- Symlinking: /workspaces/isaac_ros-dev/src/isaac_ros_nvblox/install/nvblox_msgs/share/nvblox_msgs/cmake/rosidl_cmake_export_typesupport_targets-extras.cmake
[8.876s] -- Symlinking: /workspaces/isaac_ros-dev/src/isaac_ros_nvblox/install/nvblox_msgs/share/nvblox_msgs/cmake/rosidl_cmake_export_typesupport_libraries-extras.cmake
[8.887s] -- Symlinking: /workspaces/isaac_ros-dev/src/isaac_ros_nvblox/install/nvblox_msgs/share/nvblox_msgs/cmake/nvblox_msgsConfig.cmake
[8.896s] -- Symlinking: /workspaces/isaac_ros-dev/src/isaac_ros_nvblox/install/nvblox_msgs/share/nvblox_msgs/cmake/nvblox_msgsConfig-version.cmake
[8.905s] -- Symlinking: /workspaces/isaac_ros-dev/src/isaac_ros_nvblox/install/nvblox_msgs/share/nvblox_msgs/package.xml
[8.914s] -- Installing: /workspaces/isaac_ros-dev/src/isaac_ros_nvblox/install/nvblox_msgs/lib/libnvblox_msgs__rosidl_generator_c.so
[8.915s] -- Set runtime path of "/workspaces/isaac_ros-dev/src/isaac_ros_nvblox/install/nvblox_msgs/lib/libnvblox_msgs__rosidl_generator_c.so" to ""
[8.915s] -- Installing: /workspaces/isaac_ros-dev/src/isaac_ros_nvblox/install/nvblox_msgs/lib/libnvblox_msgs__rosidl_typesupport_fastrtps_c.so
[8.916s] -- Set runtime path of "/workspaces/isaac_ros-dev/src/isaac_ros_nvblox/install/nvblox_msgs/lib/libnvblox_msgs__rosidl_typesupport_fastrtps_c.so" to ""
[8.916s] -- Installing: /workspaces/isaac_ros-dev/src/isaac_ros_nvblox/install/nvblox_msgs/lib/libnvblox_msgs__rosidl_typesupport_introspection_c.so
[8.917s] -- Set runtime path of "/workspaces/isaac_ros-dev/src/isaac_ros_nvblox/install/nvblox_msgs/lib/libnvblox_msgs__rosidl_typesupport_introspection_c.so" to ""
[8.917s] -- Installing: /workspaces/isaac_ros-dev/src/isaac_ros_nvblox/install/nvblox_msgs/lib/libnvblox_msgs__rosidl_typesupport_c.so
[8.918s] -- Set runtime path of "/workspaces/isaac_ros-dev/src/isaac_ros_nvblox/install/nvblox_msgs/lib/libnvblox_msgs__rosidl_typesupport_c.so" to ""
[8.918s] -- Installing: /workspaces/isaac_ros-dev/src/isaac_ros_nvblox/install/nvblox_msgs/lib/libnvblox_msgs__rosidl_typesupport_fastrtps_cpp.so
[8.919s] -- Set runtime path of "/workspaces/isaac_ros-dev/src/isaac_ros_nvblox/install/nvblox_msgs/lib/libnvblox_msgs__rosidl_typesupport_fastrtps_cpp.so" to ""
[8.920s] -- Installing: /workspaces/isaac_ros-dev/src/isaac_ros_nvblox/install/nvblox_msgs/lib/libnvblox_msgs__rosidl_typesupport_introspection_cpp.so
[8.921s] -- Set runtime path of "/workspaces/isaac_ros-dev/src/isaac_ros_nvblox/install/nvblox_msgs/lib/libnvblox_msgs__rosidl_typesupport_introspection_cpp.so" to ""
[8.921s] -- Installing: /workspaces/isaac_ros-dev/src/isaac_ros_nvblox/install/nvblox_msgs/lib/libnvblox_msgs__rosidl_typesupport_cpp.so
[8.922s] -- Set runtime path of "/workspaces/isaac_ros-dev/src/isaac_ros_nvblox/install/nvblox_msgs/lib/libnvblox_msgs__rosidl_typesupport_cpp.so" to ""
[8.956s] Listing '/workspaces/isaac_ros-dev/src/isaac_ros_nvblox/install/nvblox_msgs/local/lib/python3.10/dist-packages/nvblox_msgs'...
[8.956s] Compiling '/workspaces/isaac_ros-dev/src/isaac_ros_nvblox/install/nvblox_msgs/local/lib/python3.10/dist-packages/nvblox_msgs/__init__.py'...
[8.956s] Listing '/workspaces/isaac_ros-dev/src/isaac_ros_nvblox/install/nvblox_msgs/local/lib/python3.10/dist-packages/nvblox_msgs/msg'...
[8.956s] Compiling '/workspaces/isaac_ros-dev/src/isaac_ros_nvblox/install/nvblox_msgs/local/lib/python3.10/dist-packages/nvblox_msgs/msg/__init__.py'...
[8.956s] Compiling '/workspaces/isaac_ros-dev/src/isaac_ros_nvblox/install/nvblox_msgs/local/lib/python3.10/dist-packages/nvblox_msgs/msg/_distance_map_slice.py'...
[8.956s] Compiling '/workspaces/isaac_ros-dev/src/isaac_ros_nvblox/install/nvblox_msgs/local/lib/python3.10/dist-packages/nvblox_msgs/msg/_index3_d.py'...
[8.956s] Compiling '/workspaces/isaac_ros-dev/src/isaac_ros_nvblox/install/nvblox_msgs/local/lib/python3.10/dist-packages/nvblox_msgs/msg/_mesh.py'...
[8.956s] Compiling '/workspaces/isaac_ros-dev/src/isaac_ros_nvblox/install/nvblox_msgs/local/lib/python3.10/dist-packages/nvblox_msgs/msg/_mesh_block.py'...
[8.957s] Compiling '/workspaces/isaac_ros-dev/src/isaac_ros_nvblox/install/nvblox_msgs/local/lib/python3.10/dist-packages/nvblox_msgs/msg/_semantic_labels_stamped.py'...
[8.957s] Listing '/workspaces/isaac_ros-dev/src/isaac_ros_nvblox/install/nvblox_msgs/local/lib/python3.10/dist-packages/nvblox_msgs/srv'...
[8.957s] Compiling '/workspaces/isaac_ros-dev/src/isaac_ros_nvblox/install/nvblox_msgs/local/lib/python3.10/dist-packages/nvblox_msgs/srv/__init__.py'...
[8.957s] Compiling '/workspaces/isaac_ros-dev/src/isaac_ros_nvblox/install/nvblox_msgs/local/lib/python3.10/dist-packages/nvblox_msgs/srv/_esdf_and_gradients.py'...
[8.957s] Compiling '/workspaces/isaac_ros-dev/src/isaac_ros_nvblox/install/nvblox_msgs/local/lib/python3.10/dist-packages/nvblox_msgs/srv/_file_path.py'...
[8.960s] -- Installing: /workspaces/isaac_ros-dev/src/isaac_ros_nvblox/install/nvblox_msgs/lib/libnvblox_msgs__rosidl_generator_py.so
[8.961s] -- Set runtime path of "/workspaces/isaac_ros-dev/src/isaac_ros_nvblox/install/nvblox_msgs/lib/libnvblox_msgs__rosidl_generator_py.so" to ""
[8.961s] -- Installing: /workspaces/isaac_ros-dev/src/isaac_ros_nvblox/install/nvblox_msgs/share/nvblox_msgs/cmake/export_nvblox_msgs__rosidl_generator_cExport.cmake
[8.961s] -- Installing: /workspaces/isaac_ros-dev/src/isaac_ros_nvblox/install/nvblox_msgs/share/nvblox_msgs/cmake/export_nvblox_msgs__rosidl_generator_cExport-release.cmake
[8.962s] -- Installing: /workspaces/isaac_ros-dev/src/isaac_ros_nvblox/install/nvblox_msgs/share/nvblox_msgs/cmake/export_nvblox_msgs__rosidl_typesupport_fastrtps_cExport.cmake
[8.962s] -- Installing: /workspaces/isaac_ros-dev/src/isaac_ros_nvblox/install/nvblox_msgs/share/nvblox_msgs/cmake/export_nvblox_msgs__rosidl_typesupport_fastrtps_cExport-release.cmake
[8.963s] -- Installing: /workspaces/isaac_ros-dev/src/isaac_ros_nvblox/install/nvblox_msgs/share/nvblox_msgs/cmake/nvblox_msgs__rosidl_typesupport_introspection_cExport.cmake
[8.963s] -- Installing: /workspaces/isaac_ros-dev/src/isaac_ros_nvblox/install/nvblox_msgs/share/nvblox_msgs/cmake/nvblox_msgs__rosidl_typesupport_introspection_cExport-release.cmake
[8.964s] -- Installing: /workspaces/isaac_ros-dev/src/isaac_ros_nvblox/install/nvblox_msgs/share/nvblox_msgs/cmake/nvblox_msgs__rosidl_typesupport_cExport.cmake
[8.964s] -- Installing: /workspaces/isaac_ros-dev/src/isaac_ros_nvblox/install/nvblox_msgs/share/nvblox_msgs/cmake/nvblox_msgs__rosidl_typesupport_cExport-release.cmake
[8.965s] -- Installing: /workspaces/isaac_ros-dev/src/isaac_ros_nvblox/install/nvblox_msgs/share/nvblox_msgs/cmake/export_nvblox_msgs__rosidl_generator_cppExport.cmake
[8.965s] -- Installing: /workspaces/isaac_ros-dev/src/isaac_ros_nvblox/install/nvblox_msgs/share/nvblox_msgs/cmake/export_nvblox_msgs__rosidl_typesupport_fastrtps_cppExport.cmake
[8.965s] -- Installing: /workspaces/isaac_ros-dev/src/isaac_ros_nvblox/install/nvblox_msgs/share/nvblox_msgs/cmake/export_nvblox_msgs__rosidl_typesupport_fastrtps_cppExport-release.cmake
[8.966s] -- Installing: /workspaces/isaac_ros-dev/src/isaac_ros_nvblox/install/nvblox_msgs/share/nvblox_msgs/cmake/nvblox_msgs__rosidl_typesupport_introspection_cppExport.cmake
[8.966s] -- Installing: /workspaces/isaac_ros-dev/src/isaac_ros_nvblox/install/nvblox_msgs/share/nvblox_msgs/cmake/nvblox_msgs__rosidl_typesupport_introspection_cppExport-release.cmake
[8.967s] -- Installing: /workspaces/isaac_ros-dev/src/isaac_ros_nvblox/install/nvblox_msgs/share/nvblox_msgs/cmake/nvblox_msgs__rosidl_typesupport_cppExport.cmake
[8.967s] -- Installing: /workspaces/isaac_ros-dev/src/isaac_ros_nvblox/install/nvblox_msgs/share/nvblox_msgs/cmake/nvblox_msgs__rosidl_typesupport_cppExport-release.cmake
[8.968s] -- Installing: /workspaces/isaac_ros-dev/src/isaac_ros_nvblox/install/nvblox_msgs/share/nvblox_msgs/cmake/export_nvblox_msgs__rosidl_generator_pyExport.cmake
[8.968s] -- Installing: /workspaces/isaac_ros-dev/src/isaac_ros_nvblox/install/nvblox_msgs/share/nvblox_msgs/cmake/export_nvblox_msgs__rosidl_generator_pyExport-release.cmake
[8.973s] Invoked command in '/workspaces/isaac_ros-dev/src/isaac_ros_nvblox/build/nvblox_msgs' returned '0': CMAKE_PREFIX_PATH=/opt/ros/humble _=/usr/bin/env /usr/bin/cmake --install /workspaces/isaac_ros-dev/src/isaac_ros_nvblox/build/nvblox_msgs
