[0.021s] Invoking command in '/workspaces/isaac_ros-dev/src/isaac_ros_nvblox/build/nvblox_msgs': CMAKE_PREFIX_PATH=/opt/ros/humble _=/usr/bin/env /usr/bin/cmake --build /workspaces/isaac_ros-dev/src/isaac_ros_nvblox/build/nvblox_msgs -- -j48 -l48
[0.096s] [  1%] Built target nvblox_msgs__cpp
[0.144s] [  1%] Built target ament_cmake_python_symlink_nvblox_msgs
[0.188s] [ 12%] Built target nvblox_msgs__rosidl_typesupport_introspection_cpp
[0.478s] running egg_info
[0.489s] writing nvblox_msgs.egg-info/PKG-INFO
[0.489s] writing dependency_links to nvblox_msgs.egg-info/dependency_links.txt
[0.489s] writing top-level names to nvblox_msgs.egg-info/top_level.txt
[0.790s] reading manifest file 'nvblox_msgs.egg-info/SOURCES.txt'
[0.791s] writing manifest file 'nvblox_msgs.egg-info/SOURCES.txt'
[0.843s] [ 12%] Built target ament_cmake_python_build_nvblox_msgs_egg
[0.890s] [ 24%] Built target nvblox_msgs__rosidl_typesupport_fastrtps_cpp
[0.934s] [ 35%] Built target nvblox_msgs__rosidl_typesupport_cpp
[0.987s] [ 46%] Built target nvblox_msgs__rosidl_generator_c
[1.033s] [ 58%] Built target nvblox_msgs__rosidl_typesupport_fastrtps_c
[1.073s] [ 69%] Built target nvblox_msgs__rosidl_typesupport_c
[1.114s] [ 81%] Built target nvblox_msgs__rosidl_typesupport_introspection_c
[1.154s] [ 81%] Built target nvblox_msgs
[1.194s] [ 82%] Built target nvblox_msgs__py
[1.240s] [ 92%] Built target nvblox_msgs__rosidl_generator_py
[1.280s] [ 94%] Built target nvblox_msgs__rosidl_typesupport_fastrtps_c__pyext
[1.321s] [ 97%] Built target nvblox_msgs__rosidl_typesupport_c__pyext
[1.359s] [100%] Built target nvblox_msgs__rosidl_typesupport_introspection_c__pyext
[1.372s] Invoked command in '/workspaces/isaac_ros-dev/src/isaac_ros_nvblox/build/nvblox_msgs' returned '0': CMAKE_PREFIX_PATH=/opt/ros/humble _=/usr/bin/env /usr/bin/cmake --build /workspaces/isaac_ros-dev/src/isaac_ros_nvblox/build/nvblox_msgs -- -j48 -l48
[3.250s] Invoking command in '/workspaces/isaac_ros-dev/src/isaac_ros_nvblox/build/nvblox_msgs': CMAKE_PREFIX_PATH=/opt/ros/humble _=/usr/bin/env /usr/bin/cmake --install /workspaces/isaac_ros-dev/src/isaac_ros_nvblox/build/nvblox_msgs
[3.258s] -- Install configuration: "Release"
[3.258s] -- Execute custom install script
[3.259s] -- Up-to-date symlink: /workspaces/isaac_ros-dev/src/isaac_ros_nvblox/install/nvblox_msgs/share/ament_index/resource_index/rosidl_interfaces/nvblox_msgs
[3.259s] -- Up-to-date symlink: /workspaces/isaac_ros-dev/src/isaac_ros_nvblox/install/nvblox_msgs/include/nvblox_msgs/nvblox_msgs/msg/detail/distance_map_slice__functions.h
[3.259s] -- Up-to-date symlink: /workspaces/isaac_ros-dev/src/isaac_ros_nvblox/install/nvblox_msgs/include/nvblox_msgs/nvblox_msgs/msg/detail/distance_map_slice__struct.h
[3.259s] -- Up-to-date symlink: /workspaces/isaac_ros-dev/src/isaac_ros_nvblox/install/nvblox_msgs/include/nvblox_msgs/nvblox_msgs/msg/detail/distance_map_slice__type_support.h
[3.260s] -- Up-to-date symlink: /workspaces/isaac_ros-dev/src/isaac_ros_nvblox/install/nvblox_msgs/include/nvblox_msgs/nvblox_msgs/msg/detail/index3_d__functions.h
[3.260s] -- Up-to-date symlink: /workspaces/isaac_ros-dev/src/isaac_ros_nvblox/install/nvblox_msgs/include/nvblox_msgs/nvblox_msgs/msg/detail/index3_d__struct.h
[3.260s] -- Up-to-date symlink: /workspaces/isaac_ros-dev/src/isaac_ros_nvblox/install/nvblox_msgs/include/nvblox_msgs/nvblox_msgs/msg/detail/index3_d__type_support.h
[3.260s] -- Up-to-date symlink: /workspaces/isaac_ros-dev/src/isaac_ros_nvblox/install/nvblox_msgs/include/nvblox_msgs/nvblox_msgs/msg/detail/mesh__functions.h
[3.260s] -- Up-to-date symlink: /workspaces/isaac_ros-dev/src/isaac_ros_nvblox/install/nvblox_msgs/include/nvblox_msgs/nvblox_msgs/msg/detail/mesh__struct.h
[3.260s] -- Up-to-date symlink: /workspaces/isaac_ros-dev/src/isaac_ros_nvblox/install/nvblox_msgs/include/nvblox_msgs/nvblox_msgs/msg/detail/mesh__type_support.h
[3.260s] -- Up-to-date symlink: /workspaces/isaac_ros-dev/src/isaac_ros_nvblox/install/nvblox_msgs/include/nvblox_msgs/nvblox_msgs/msg/detail/mesh_block__functions.h
[3.260s] -- Up-to-date symlink: /workspaces/isaac_ros-dev/src/isaac_ros_nvblox/install/nvblox_msgs/include/nvblox_msgs/nvblox_msgs/msg/detail/mesh_block__struct.h
[3.260s] -- Up-to-date symlink: /workspaces/isaac_ros-dev/src/isaac_ros_nvblox/install/nvblox_msgs/include/nvblox_msgs/nvblox_msgs/msg/detail/mesh_block__type_support.h
[3.260s] -- Up-to-date symlink: /workspaces/isaac_ros-dev/src/isaac_ros_nvblox/install/nvblox_msgs/include/nvblox_msgs/nvblox_msgs/msg/detail/semantic_labels_stamped__functions.h
[3.261s] -- Up-to-date symlink: /workspaces/isaac_ros-dev/src/isaac_ros_nvblox/install/nvblox_msgs/include/nvblox_msgs/nvblox_msgs/msg/detail/semantic_labels_stamped__struct.h
[3.261s] -- Up-to-date symlink: /workspaces/isaac_ros-dev/src/isaac_ros_nvblox/install/nvblox_msgs/include/nvblox_msgs/nvblox_msgs/msg/detail/semantic_labels_stamped__type_support.h
[3.261s] -- Up-to-date symlink: /workspaces/isaac_ros-dev/src/isaac_ros_nvblox/install/nvblox_msgs/include/nvblox_msgs/nvblox_msgs/msg/distance_map_slice.h
[3.261s] -- Up-to-date symlink: /workspaces/isaac_ros-dev/src/isaac_ros_nvblox/install/nvblox_msgs/include/nvblox_msgs/nvblox_msgs/msg/index3_d.h
[3.261s] -- Up-to-date symlink: /workspaces/isaac_ros-dev/src/isaac_ros_nvblox/install/nvblox_msgs/include/nvblox_msgs/nvblox_msgs/msg/mesh.h
[3.261s] -- Up-to-date symlink: /workspaces/isaac_ros-dev/src/isaac_ros_nvblox/install/nvblox_msgs/include/nvblox_msgs/nvblox_msgs/msg/mesh_block.h
[3.261s] -- Up-to-date symlink: /workspaces/isaac_ros-dev/src/isaac_ros_nvblox/install/nvblox_msgs/include/nvblox_msgs/nvblox_msgs/msg/rosidl_generator_c__visibility_control.h
[3.261s] -- Up-to-date symlink: /workspaces/isaac_ros-dev/src/isaac_ros_nvblox/install/nvblox_msgs/include/nvblox_msgs/nvblox_msgs/msg/semantic_labels_stamped.h
[3.261s] -- Up-to-date symlink: /workspaces/isaac_ros-dev/src/isaac_ros_nvblox/install/nvblox_msgs/include/nvblox_msgs/nvblox_msgs/srv/detail/esdf_and_gradients__functions.h
[3.261s] -- Up-to-date symlink: /workspaces/isaac_ros-dev/src/isaac_ros_nvblox/install/nvblox_msgs/include/nvblox_msgs/nvblox_msgs/srv/detail/esdf_and_gradients__struct.h
[3.262s] -- Up-to-date symlink: /workspaces/isaac_ros-dev/src/isaac_ros_nvblox/install/nvblox_msgs/include/nvblox_msgs/nvblox_msgs/srv/detail/esdf_and_gradients__type_support.h
[3.262s] -- Up-to-date symlink: /workspaces/isaac_ros-dev/src/isaac_ros_nvblox/install/nvblox_msgs/include/nvblox_msgs/nvblox_msgs/srv/detail/file_path__functions.h
[3.262s] -- Up-to-date symlink: /workspaces/isaac_ros-dev/src/isaac_ros_nvblox/install/nvblox_msgs/include/nvblox_msgs/nvblox_msgs/srv/detail/file_path__struct.h
[3.262s] -- Up-to-date symlink: /workspaces/isaac_ros-dev/src/isaac_ros_nvblox/install/nvblox_msgs/include/nvblox_msgs/nvblox_msgs/srv/detail/file_path__type_support.h
[3.262s] -- Up-to-date symlink: /workspaces/isaac_ros-dev/src/isaac_ros_nvblox/install/nvblox_msgs/include/nvblox_msgs/nvblox_msgs/srv/esdf_and_gradients.h
[3.262s] -- Up-to-date symlink: /workspaces/isaac_ros-dev/src/isaac_ros_nvblox/install/nvblox_msgs/include/nvblox_msgs/nvblox_msgs/srv/file_path.h
[3.262s] -- Up-to-date symlink: /workspaces/isaac_ros-dev/src/isaac_ros_nvblox/install/nvblox_msgs/share/nvblox_msgs/environment/library_path.sh
[3.262s] -- Up-to-date symlink: /workspaces/isaac_ros-dev/src/isaac_ros_nvblox/install/nvblox_msgs/share/nvblox_msgs/environment/library_path.dsv
[3.263s] -- Up-to-date symlink: /workspaces/isaac_ros-dev/src/isaac_ros_nvblox/install/nvblox_msgs/include/nvblox_msgs/nvblox_msgs/msg/detail/distance_map_slice__rosidl_typesupport_fastrtps_c.h
[3.263s] -- Up-to-date symlink: /workspaces/isaac_ros-dev/src/isaac_ros_nvblox/install/nvblox_msgs/include/nvblox_msgs/nvblox_msgs/msg/detail/index3_d__rosidl_typesupport_fastrtps_c.h
[3.263s] -- Up-to-date symlink: /workspaces/isaac_ros-dev/src/isaac_ros_nvblox/install/nvblox_msgs/include/nvblox_msgs/nvblox_msgs/msg/detail/mesh__rosidl_typesupport_fastrtps_c.h
[3.263s] -- Up-to-date symlink: /workspaces/isaac_ros-dev/src/isaac_ros_nvblox/install/nvblox_msgs/include/nvblox_msgs/nvblox_msgs/msg/detail/mesh_block__rosidl_typesupport_fastrtps_c.h
[3.263s] -- Up-to-date symlink: /workspaces/isaac_ros-dev/src/isaac_ros_nvblox/install/nvblox_msgs/include/nvblox_msgs/nvblox_msgs/msg/detail/semantic_labels_stamped__rosidl_typesupport_fastrtps_c.h
[3.264s] -- Up-to-date symlink: /workspaces/isaac_ros-dev/src/isaac_ros_nvblox/install/nvblox_msgs/include/nvblox_msgs/nvblox_msgs/msg/rosidl_typesupport_fastrtps_c__visibility_control.h
[3.264s] -- Up-to-date symlink: /workspaces/isaac_ros-dev/src/isaac_ros_nvblox/install/nvblox_msgs/include/nvblox_msgs/nvblox_msgs/srv/detail/esdf_and_gradients__rosidl_typesupport_fastrtps_c.h
[3.264s] -- Up-to-date symlink: /workspaces/isaac_ros-dev/src/isaac_ros_nvblox/install/nvblox_msgs/include/nvblox_msgs/nvblox_msgs/srv/detail/file_path__rosidl_typesupport_fastrtps_c.h
[3.264s] -- Up-to-date symlink: /workspaces/isaac_ros-dev/src/isaac_ros_nvblox/install/nvblox_msgs/include/nvblox_msgs/nvblox_msgs/msg/detail/distance_map_slice__rosidl_typesupport_introspection_c.h
[3.264s] -- Up-to-date symlink: /workspaces/isaac_ros-dev/src/isaac_ros_nvblox/install/nvblox_msgs/include/nvblox_msgs/nvblox_msgs/msg/detail/index3_d__rosidl_typesupport_introspection_c.h
[3.264s] -- Up-to-date symlink: /workspaces/isaac_ros-dev/src/isaac_ros_nvblox/install/nvblox_msgs/include/nvblox_msgs/nvblox_msgs/msg/detail/mesh__rosidl_typesupport_introspection_c.h
[3.264s] -- Up-to-date symlink: /workspaces/isaac_ros-dev/src/isaac_ros_nvblox/install/nvblox_msgs/include/nvblox_msgs/nvblox_msgs/msg/detail/mesh_block__rosidl_typesupport_introspection_c.h
[3.265s] -- Up-to-date symlink: /workspaces/isaac_ros-dev/src/isaac_ros_nvblox/install/nvblox_msgs/include/nvblox_msgs/nvblox_msgs/msg/detail/semantic_labels_stamped__rosidl_typesupport_introspection_c.h
[3.265s] -- Up-to-date symlink: /workspaces/isaac_ros-dev/src/isaac_ros_nvblox/install/nvblox_msgs/include/nvblox_msgs/nvblox_msgs/msg/rosidl_typesupport_introspection_c__visibility_control.h
[3.265s] -- Up-to-date symlink: /workspaces/isaac_ros-dev/src/isaac_ros_nvblox/install/nvblox_msgs/include/nvblox_msgs/nvblox_msgs/srv/detail/esdf_and_gradients__rosidl_typesupport_introspection_c.h
[3.265s] -- Up-to-date symlink: /workspaces/isaac_ros-dev/src/isaac_ros_nvblox/install/nvblox_msgs/include/nvblox_msgs/nvblox_msgs/srv/detail/file_path__rosidl_typesupport_introspection_c.h
[3.265s] -- Up-to-date symlink: /workspaces/isaac_ros-dev/src/isaac_ros_nvblox/install/nvblox_msgs/include/nvblox_msgs/nvblox_msgs/msg/detail/distance_map_slice__builder.hpp
[3.265s] -- Up-to-date symlink: /workspaces/isaac_ros-dev/src/isaac_ros_nvblox/install/nvblox_msgs/include/nvblox_msgs/nvblox_msgs/msg/detail/distance_map_slice__struct.hpp
[3.266s] -- Up-to-date symlink: /workspaces/isaac_ros-dev/src/isaac_ros_nvblox/install/nvblox_msgs/include/nvblox_msgs/nvblox_msgs/msg/detail/distance_map_slice__traits.hpp
[3.266s] -- Up-to-date symlink: /workspaces/isaac_ros-dev/src/isaac_ros_nvblox/install/nvblox_msgs/include/nvblox_msgs/nvblox_msgs/msg/detail/index3_d__builder.hpp
[3.266s] -- Up-to-date symlink: /workspaces/isaac_ros-dev/src/isaac_ros_nvblox/install/nvblox_msgs/include/nvblox_msgs/nvblox_msgs/msg/detail/index3_d__struct.hpp
[3.266s] -- Up-to-date symlink: /workspaces/isaac_ros-dev/src/isaac_ros_nvblox/install/nvblox_msgs/include/nvblox_msgs/nvblox_msgs/msg/detail/index3_d__traits.hpp
[3.266s] -- Up-to-date symlink: /workspaces/isaac_ros-dev/src/isaac_ros_nvblox/install/nvblox_msgs/include/nvblox_msgs/nvblox_msgs/msg/detail/mesh__builder.hpp
[3.266s] -- Up-to-date symlink: /workspaces/isaac_ros-dev/src/isaac_ros_nvblox/install/nvblox_msgs/include/nvblox_msgs/nvblox_msgs/msg/detail/mesh__struct.hpp
[3.266s] -- Up-to-date symlink: /workspaces/isaac_ros-dev/src/isaac_ros_nvblox/install/nvblox_msgs/include/nvblox_msgs/nvblox_msgs/msg/detail/mesh__traits.hpp
[3.266s] -- Up-to-date symlink: /workspaces/isaac_ros-dev/src/isaac_ros_nvblox/install/nvblox_msgs/include/nvblox_msgs/nvblox_msgs/msg/detail/mesh_block__builder.hpp
[3.266s] -- Up-to-date symlink: /workspaces/isaac_ros-dev/src/isaac_ros_nvblox/install/nvblox_msgs/include/nvblox_msgs/nvblox_msgs/msg/detail/mesh_block__struct.hpp
[3.267s] -- Up-to-date symlink: /workspaces/isaac_ros-dev/src/isaac_ros_nvblox/install/nvblox_msgs/include/nvblox_msgs/nvblox_msgs/msg/detail/mesh_block__traits.hpp
[3.267s] -- Up-to-date symlink: /workspaces/isaac_ros-dev/src/isaac_ros_nvblox/install/nvblox_msgs/include/nvblox_msgs/nvblox_msgs/msg/detail/semantic_labels_stamped__builder.hpp
[3.267s] -- Up-to-date symlink: /workspaces/isaac_ros-dev/src/isaac_ros_nvblox/install/nvblox_msgs/include/nvblox_msgs/nvblox_msgs/msg/detail/semantic_labels_stamped__struct.hpp
[3.267s] -- Up-to-date symlink: /workspaces/isaac_ros-dev/src/isaac_ros_nvblox/install/nvblox_msgs/include/nvblox_msgs/nvblox_msgs/msg/detail/semantic_labels_stamped__traits.hpp
[3.267s] -- Up-to-date symlink: /workspaces/isaac_ros-dev/src/isaac_ros_nvblox/install/nvblox_msgs/include/nvblox_msgs/nvblox_msgs/msg/distance_map_slice.hpp
[3.267s] -- Up-to-date symlink: /workspaces/isaac_ros-dev/src/isaac_ros_nvblox/install/nvblox_msgs/include/nvblox_msgs/nvblox_msgs/msg/index3_d.hpp
[3.267s] -- Up-to-date symlink: /workspaces/isaac_ros-dev/src/isaac_ros_nvblox/install/nvblox_msgs/include/nvblox_msgs/nvblox_msgs/msg/mesh.hpp
[3.267s] -- Up-to-date symlink: /workspaces/isaac_ros-dev/src/isaac_ros_nvblox/install/nvblox_msgs/include/nvblox_msgs/nvblox_msgs/msg/mesh_block.hpp
[3.267s] -- Up-to-date symlink: /workspaces/isaac_ros-dev/src/isaac_ros_nvblox/install/nvblox_msgs/include/nvblox_msgs/nvblox_msgs/msg/semantic_labels_stamped.hpp
[3.268s] -- Up-to-date symlink: /workspaces/isaac_ros-dev/src/isaac_ros_nvblox/install/nvblox_msgs/include/nvblox_msgs/nvblox_msgs/srv/detail/esdf_and_gradients__builder.hpp
[3.268s] -- Up-to-date symlink: /workspaces/isaac_ros-dev/src/isaac_ros_nvblox/install/nvblox_msgs/include/nvblox_msgs/nvblox_msgs/srv/detail/esdf_and_gradients__struct.hpp
[3.268s] -- Up-to-date symlink: /workspaces/isaac_ros-dev/src/isaac_ros_nvblox/install/nvblox_msgs/include/nvblox_msgs/nvblox_msgs/srv/detail/esdf_and_gradients__traits.hpp
[3.268s] -- Up-to-date symlink: /workspaces/isaac_ros-dev/src/isaac_ros_nvblox/install/nvblox_msgs/include/nvblox_msgs/nvblox_msgs/srv/detail/file_path__builder.hpp
[3.268s] -- Up-to-date symlink: /workspaces/isaac_ros-dev/src/isaac_ros_nvblox/install/nvblox_msgs/include/nvblox_msgs/nvblox_msgs/srv/detail/file_path__struct.hpp
[3.268s] -- Up-to-date symlink: /workspaces/isaac_ros-dev/src/isaac_ros_nvblox/install/nvblox_msgs/include/nvblox_msgs/nvblox_msgs/srv/detail/file_path__traits.hpp
[3.268s] -- Up-to-date symlink: /workspaces/isaac_ros-dev/src/isaac_ros_nvblox/install/nvblox_msgs/include/nvblox_msgs/nvblox_msgs/srv/esdf_and_gradients.hpp
[3.268s] -- Up-to-date symlink: /workspaces/isaac_ros-dev/src/isaac_ros_nvblox/install/nvblox_msgs/include/nvblox_msgs/nvblox_msgs/srv/file_path.hpp
[3.269s] -- Up-to-date symlink: /workspaces/isaac_ros-dev/src/isaac_ros_nvblox/install/nvblox_msgs/include/nvblox_msgs/nvblox_msgs/msg/detail/distance_map_slice__rosidl_typesupport_fastrtps_cpp.hpp
[3.269s] -- Up-to-date symlink: /workspaces/isaac_ros-dev/src/isaac_ros_nvblox/install/nvblox_msgs/include/nvblox_msgs/nvblox_msgs/msg/detail/index3_d__rosidl_typesupport_fastrtps_cpp.hpp
[3.269s] -- Up-to-date symlink: /workspaces/isaac_ros-dev/src/isaac_ros_nvblox/install/nvblox_msgs/include/nvblox_msgs/nvblox_msgs/msg/detail/mesh__rosidl_typesupport_fastrtps_cpp.hpp
[3.269s] -- Up-to-date symlink: /workspaces/isaac_ros-dev/src/isaac_ros_nvblox/install/nvblox_msgs/include/nvblox_msgs/nvblox_msgs/msg/detail/mesh_block__rosidl_typesupport_fastrtps_cpp.hpp
[3.269s] -- Up-to-date symlink: /workspaces/isaac_ros-dev/src/isaac_ros_nvblox/install/nvblox_msgs/include/nvblox_msgs/nvblox_msgs/msg/detail/semantic_labels_stamped__rosidl_typesupport_fastrtps_cpp.hpp
[3.269s] -- Up-to-date symlink: /workspaces/isaac_ros-dev/src/isaac_ros_nvblox/install/nvblox_msgs/include/nvblox_msgs/nvblox_msgs/msg/rosidl_typesupport_fastrtps_cpp__visibility_control.h
[3.269s] -- Up-to-date symlink: /workspaces/isaac_ros-dev/src/isaac_ros_nvblox/install/nvblox_msgs/include/nvblox_msgs/nvblox_msgs/srv/detail/esdf_and_gradients__rosidl_typesupport_fastrtps_cpp.hpp
[3.270s] -- Up-to-date symlink: /workspaces/isaac_ros-dev/src/isaac_ros_nvblox/install/nvblox_msgs/include/nvblox_msgs/nvblox_msgs/srv/detail/file_path__rosidl_typesupport_fastrtps_cpp.hpp
[3.270s] -- Up-to-date symlink: /workspaces/isaac_ros-dev/src/isaac_ros_nvblox/install/nvblox_msgs/include/nvblox_msgs/nvblox_msgs/msg/detail/distance_map_slice__rosidl_typesupport_introspection_cpp.hpp
[3.270s] -- Up-to-date symlink: /workspaces/isaac_ros-dev/src/isaac_ros_nvblox/install/nvblox_msgs/include/nvblox_msgs/nvblox_msgs/msg/detail/index3_d__rosidl_typesupport_introspection_cpp.hpp
[3.270s] -- Up-to-date symlink: /workspaces/isaac_ros-dev/src/isaac_ros_nvblox/install/nvblox_msgs/include/nvblox_msgs/nvblox_msgs/msg/detail/mesh__rosidl_typesupport_introspection_cpp.hpp
[3.270s] -- Up-to-date symlink: /workspaces/isaac_ros-dev/src/isaac_ros_nvblox/install/nvblox_msgs/include/nvblox_msgs/nvblox_msgs/msg/detail/mesh_block__rosidl_typesupport_introspection_cpp.hpp
[3.270s] -- Up-to-date symlink: /workspaces/isaac_ros-dev/src/isaac_ros_nvblox/install/nvblox_msgs/include/nvblox_msgs/nvblox_msgs/msg/detail/semantic_labels_stamped__rosidl_typesupport_introspection_cpp.hpp
[3.270s] -- Up-to-date symlink: /workspaces/isaac_ros-dev/src/isaac_ros_nvblox/install/nvblox_msgs/include/nvblox_msgs/nvblox_msgs/srv/detail/esdf_and_gradients__rosidl_typesupport_introspection_cpp.hpp
[3.271s] -- Up-to-date symlink: /workspaces/isaac_ros-dev/src/isaac_ros_nvblox/install/nvblox_msgs/include/nvblox_msgs/nvblox_msgs/srv/detail/file_path__rosidl_typesupport_introspection_cpp.hpp
[3.271s] -- Up-to-date symlink: /workspaces/isaac_ros-dev/src/isaac_ros_nvblox/install/nvblox_msgs/share/nvblox_msgs/environment/pythonpath.sh
[3.271s] -- Up-to-date symlink: /workspaces/isaac_ros-dev/src/isaac_ros_nvblox/install/nvblox_msgs/share/nvblox_msgs/environment/pythonpath.dsv
[3.271s] -- Up-to-date symlink: /workspaces/isaac_ros-dev/src/isaac_ros_nvblox/install/nvblox_msgs/local/lib/python3.10/dist-packages/nvblox_msgs-3.0.1-py3.10.egg-info/PKG-INFO
[3.271s] -- Up-to-date symlink: /workspaces/isaac_ros-dev/src/isaac_ros_nvblox/install/nvblox_msgs/local/lib/python3.10/dist-packages/nvblox_msgs-3.0.1-py3.10.egg-info/SOURCES.txt
[3.271s] -- Up-to-date symlink: /workspaces/isaac_ros-dev/src/isaac_ros_nvblox/install/nvblox_msgs/local/lib/python3.10/dist-packages/nvblox_msgs-3.0.1-py3.10.egg-info/dependency_links.txt
[3.271s] -- Up-to-date symlink: /workspaces/isaac_ros-dev/src/isaac_ros_nvblox/install/nvblox_msgs/local/lib/python3.10/dist-packages/nvblox_msgs-3.0.1-py3.10.egg-info/top_level.txt
[3.272s] -- Up-to-date symlink: /workspaces/isaac_ros-dev/src/isaac_ros_nvblox/install/nvblox_msgs/local/lib/python3.10/dist-packages/nvblox_msgs/__init__.py
[3.272s] -- Up-to-date symlink: /workspaces/isaac_ros-dev/src/isaac_ros_nvblox/install/nvblox_msgs/local/lib/python3.10/dist-packages/nvblox_msgs/_nvblox_msgs_s.ep.rosidl_typesupport_c.c
[3.272s] -- Up-to-date symlink: /workspaces/isaac_ros-dev/src/isaac_ros_nvblox/install/nvblox_msgs/local/lib/python3.10/dist-packages/nvblox_msgs/_nvblox_msgs_s.ep.rosidl_typesupport_fastrtps_c.c
[3.272s] -- Up-to-date symlink: /workspaces/isaac_ros-dev/src/isaac_ros_nvblox/install/nvblox_msgs/local/lib/python3.10/dist-packages/nvblox_msgs/_nvblox_msgs_s.ep.rosidl_typesupport_introspection_c.c
[3.272s] -- Up-to-date symlink: /workspaces/isaac_ros-dev/src/isaac_ros_nvblox/install/nvblox_msgs/local/lib/python3.10/dist-packages/nvblox_msgs/libnvblox_msgs__rosidl_generator_py.so
[3.273s] -- Up-to-date symlink: /workspaces/isaac_ros-dev/src/isaac_ros_nvblox/install/nvblox_msgs/local/lib/python3.10/dist-packages/nvblox_msgs/msg/__init__.py
[3.273s] -- Up-to-date symlink: /workspaces/isaac_ros-dev/src/isaac_ros_nvblox/install/nvblox_msgs/local/lib/python3.10/dist-packages/nvblox_msgs/msg/_distance_map_slice.py
[3.273s] -- Up-to-date symlink: /workspaces/isaac_ros-dev/src/isaac_ros_nvblox/install/nvblox_msgs/local/lib/python3.10/dist-packages/nvblox_msgs/msg/_distance_map_slice_s.c
[3.273s] -- Up-to-date symlink: /workspaces/isaac_ros-dev/src/isaac_ros_nvblox/install/nvblox_msgs/local/lib/python3.10/dist-packages/nvblox_msgs/msg/_index3_d.py
[3.273s] -- Up-to-date symlink: /workspaces/isaac_ros-dev/src/isaac_ros_nvblox/install/nvblox_msgs/local/lib/python3.10/dist-packages/nvblox_msgs/msg/_index3_d_s.c
[3.273s] -- Up-to-date symlink: /workspaces/isaac_ros-dev/src/isaac_ros_nvblox/install/nvblox_msgs/local/lib/python3.10/dist-packages/nvblox_msgs/msg/_mesh.py
[3.273s] -- Up-to-date symlink: /workspaces/isaac_ros-dev/src/isaac_ros_nvblox/install/nvblox_msgs/local/lib/python3.10/dist-packages/nvblox_msgs/msg/_mesh_block.py
[3.273s] -- Up-to-date symlink: /workspaces/isaac_ros-dev/src/isaac_ros_nvblox/install/nvblox_msgs/local/lib/python3.10/dist-packages/nvblox_msgs/msg/_mesh_block_s.c
[3.273s] -- Up-to-date symlink: /workspaces/isaac_ros-dev/src/isaac_ros_nvblox/install/nvblox_msgs/local/lib/python3.10/dist-packages/nvblox_msgs/msg/_mesh_s.c
[3.274s] -- Up-to-date symlink: /workspaces/isaac_ros-dev/src/isaac_ros_nvblox/install/nvblox_msgs/local/lib/python3.10/dist-packages/nvblox_msgs/msg/_semantic_labels_stamped.py
[3.274s] -- Up-to-date symlink: /workspaces/isaac_ros-dev/src/isaac_ros_nvblox/install/nvblox_msgs/local/lib/python3.10/dist-packages/nvblox_msgs/msg/_semantic_labels_stamped_s.c
[3.274s] -- Up-to-date symlink: /workspaces/isaac_ros-dev/src/isaac_ros_nvblox/install/nvblox_msgs/local/lib/python3.10/dist-packages/nvblox_msgs/nvblox_msgs_s__rosidl_typesupport_c.cpython-310-x86_64-linux-gnu.so
[3.274s] -- Up-to-date symlink: /workspaces/isaac_ros-dev/src/isaac_ros_nvblox/install/nvblox_msgs/local/lib/python3.10/dist-packages/nvblox_msgs/nvblox_msgs_s__rosidl_typesupport_fastrtps_c.cpython-310-x86_64-linux-gnu.so
[3.274s] -- Up-to-date symlink: /workspaces/isaac_ros-dev/src/isaac_ros_nvblox/install/nvblox_msgs/local/lib/python3.10/dist-packages/nvblox_msgs/nvblox_msgs_s__rosidl_typesupport_introspection_c.cpython-310-x86_64-linux-gnu.so
[3.274s] -- Up-to-date symlink: /workspaces/isaac_ros-dev/src/isaac_ros_nvblox/install/nvblox_msgs/local/lib/python3.10/dist-packages/nvblox_msgs/srv/__init__.py
[3.274s] -- Up-to-date symlink: /workspaces/isaac_ros-dev/src/isaac_ros_nvblox/install/nvblox_msgs/local/lib/python3.10/dist-packages/nvblox_msgs/srv/_esdf_and_gradients.py
[3.274s] -- Up-to-date symlink: /workspaces/isaac_ros-dev/src/isaac_ros_nvblox/install/nvblox_msgs/local/lib/python3.10/dist-packages/nvblox_msgs/srv/_esdf_and_gradients_s.c
[3.274s] -- Up-to-date symlink: /workspaces/isaac_ros-dev/src/isaac_ros_nvblox/install/nvblox_msgs/local/lib/python3.10/dist-packages/nvblox_msgs/srv/_file_path.py
[3.274s] -- Up-to-date symlink: /workspaces/isaac_ros-dev/src/isaac_ros_nvblox/install/nvblox_msgs/local/lib/python3.10/dist-packages/nvblox_msgs/srv/_file_path_s.c
[3.275s] -- Up-to-date symlink: /workspaces/isaac_ros-dev/src/isaac_ros_nvblox/install/nvblox_msgs/local/lib/python3.10/dist-packages/nvblox_msgs/nvblox_msgs_s__rosidl_typesupport_fastrtps_c.cpython-310-x86_64-linux-gnu.so
[3.275s] -- Up-to-date symlink: /workspaces/isaac_ros-dev/src/isaac_ros_nvblox/install/nvblox_msgs/local/lib/python3.10/dist-packages/nvblox_msgs/nvblox_msgs_s__rosidl_typesupport_introspection_c.cpython-310-x86_64-linux-gnu.so
[3.275s] -- Up-to-date symlink: /workspaces/isaac_ros-dev/src/isaac_ros_nvblox/install/nvblox_msgs/local/lib/python3.10/dist-packages/nvblox_msgs/nvblox_msgs_s__rosidl_typesupport_c.cpython-310-x86_64-linux-gnu.so
[3.275s] -- Up-to-date symlink: /workspaces/isaac_ros-dev/src/isaac_ros_nvblox/install/nvblox_msgs/share/nvblox_msgs/srv/FilePath.idl
[3.275s] -- Up-to-date symlink: /workspaces/isaac_ros-dev/src/isaac_ros_nvblox/install/nvblox_msgs/share/nvblox_msgs/srv/EsdfAndGradients.idl
[3.275s] -- Up-to-date symlink: /workspaces/isaac_ros-dev/src/isaac_ros_nvblox/install/nvblox_msgs/share/nvblox_msgs/msg/SemanticLabelsStamped.idl
[3.276s] -- Up-to-date symlink: /workspaces/isaac_ros-dev/src/isaac_ros_nvblox/install/nvblox_msgs/share/nvblox_msgs/msg/MeshBlock.idl
[3.276s] -- Up-to-date symlink: /workspaces/isaac_ros-dev/src/isaac_ros_nvblox/install/nvblox_msgs/share/nvblox_msgs/msg/Mesh.idl
[3.276s] -- Up-to-date symlink: /workspaces/isaac_ros-dev/src/isaac_ros_nvblox/install/nvblox_msgs/share/nvblox_msgs/msg/Index3D.idl
[3.276s] -- Up-to-date symlink: /workspaces/isaac_ros-dev/src/isaac_ros_nvblox/install/nvblox_msgs/share/nvblox_msgs/msg/DistanceMapSlice.idl
[3.276s] -- Up-to-date symlink: /workspaces/isaac_ros-dev/src/isaac_ros_nvblox/install/nvblox_msgs/share/nvblox_msgs/srv/FilePath.srv
[3.276s] -- Up-to-date symlink: /workspaces/isaac_ros-dev/src/isaac_ros_nvblox/install/nvblox_msgs/share/nvblox_msgs/srv/FilePath_Request.msg
[3.276s] -- Up-to-date symlink: /workspaces/isaac_ros-dev/src/isaac_ros_nvblox/install/nvblox_msgs/share/nvblox_msgs/srv/FilePath_Response.msg
[3.276s] -- Up-to-date symlink: /workspaces/isaac_ros-dev/src/isaac_ros_nvblox/install/nvblox_msgs/share/nvblox_msgs/srv/EsdfAndGradients.srv
[3.276s] -- Up-to-date symlink: /workspaces/isaac_ros-dev/src/isaac_ros_nvblox/install/nvblox_msgs/share/nvblox_msgs/srv/EsdfAndGradients_Request.msg
[3.277s] -- Up-to-date symlink: /workspaces/isaac_ros-dev/src/isaac_ros_nvblox/install/nvblox_msgs/share/nvblox_msgs/srv/EsdfAndGradients_Response.msg
[3.277s] -- Up-to-date symlink: /workspaces/isaac_ros-dev/src/isaac_ros_nvblox/install/nvblox_msgs/share/nvblox_msgs/msg/SemanticLabelsStamped.msg
[3.277s] -- Up-to-date symlink: /workspaces/isaac_ros-dev/src/isaac_ros_nvblox/install/nvblox_msgs/share/nvblox_msgs/msg/MeshBlock.msg
[3.277s] -- Up-to-date symlink: /workspaces/isaac_ros-dev/src/isaac_ros_nvblox/install/nvblox_msgs/share/nvblox_msgs/msg/Mesh.msg
[3.277s] -- Up-to-date symlink: /workspaces/isaac_ros-dev/src/isaac_ros_nvblox/install/nvblox_msgs/share/nvblox_msgs/msg/Index3D.msg
[3.277s] -- Up-to-date symlink: /workspaces/isaac_ros-dev/src/isaac_ros_nvblox/install/nvblox_msgs/share/nvblox_msgs/msg/DistanceMapSlice.msg
[3.277s] -- Up-to-date symlink: /workspaces/isaac_ros-dev/src/isaac_ros_nvblox/install/nvblox_msgs/share/ament_index/resource_index/package_run_dependencies/nvblox_msgs
[3.277s] -- Up-to-date symlink: /workspaces/isaac_ros-dev/src/isaac_ros_nvblox/install/nvblox_msgs/share/ament_index/resource_index/parent_prefix_path/nvblox_msgs
[3.278s] -- Up-to-date symlink: /workspaces/isaac_ros-dev/src/isaac_ros_nvblox/install/nvblox_msgs/share/nvblox_msgs/environment/ament_prefix_path.sh
[3.278s] -- Up-to-date symlink: /workspaces/isaac_ros-dev/src/isaac_ros_nvblox/install/nvblox_msgs/share/nvblox_msgs/environment/ament_prefix_path.dsv
[3.278s] -- Up-to-date symlink: /workspaces/isaac_ros-dev/src/isaac_ros_nvblox/install/nvblox_msgs/share/nvblox_msgs/environment/path.sh
[3.278s] -- Up-to-date symlink: /workspaces/isaac_ros-dev/src/isaac_ros_nvblox/install/nvblox_msgs/share/nvblox_msgs/environment/path.dsv
[3.278s] -- Up-to-date symlink: /workspaces/isaac_ros-dev/src/isaac_ros_nvblox/install/nvblox_msgs/share/nvblox_msgs/local_setup.bash
[3.278s] -- Up-to-date symlink: /workspaces/isaac_ros-dev/src/isaac_ros_nvblox/install/nvblox_msgs/share/nvblox_msgs/local_setup.sh
[3.278s] -- Up-to-date symlink: /workspaces/isaac_ros-dev/src/isaac_ros_nvblox/install/nvblox_msgs/share/nvblox_msgs/local_setup.zsh
[3.278s] -- Up-to-date symlink: /workspaces/isaac_ros-dev/src/isaac_ros_nvblox/install/nvblox_msgs/share/nvblox_msgs/local_setup.dsv
[3.278s] -- Symlinking: /workspaces/isaac_ros-dev/src/isaac_ros_nvblox/install/nvblox_msgs/share/nvblox_msgs/package.dsv
[3.288s] -- Up-to-date symlink: /workspaces/isaac_ros-dev/src/isaac_ros_nvblox/install/nvblox_msgs/share/ament_index/resource_index/packages/nvblox_msgs
[3.288s] -- Up-to-date symlink: /workspaces/isaac_ros-dev/src/isaac_ros_nvblox/install/nvblox_msgs/share/nvblox_msgs/cmake/rosidl_cmake-extras.cmake
[3.288s] -- Up-to-date symlink: /workspaces/isaac_ros-dev/src/isaac_ros_nvblox/install/nvblox_msgs/share/nvblox_msgs/cmake/ament_cmake_export_dependencies-extras.cmake
[3.288s] -- Up-to-date symlink: /workspaces/isaac_ros-dev/src/isaac_ros_nvblox/install/nvblox_msgs/share/nvblox_msgs/cmake/ament_cmake_export_include_directories-extras.cmake
[3.288s] -- Up-to-date symlink: /workspaces/isaac_ros-dev/src/isaac_ros_nvblox/install/nvblox_msgs/share/nvblox_msgs/cmake/ament_cmake_export_libraries-extras.cmake
[3.288s] -- Up-to-date symlink: /workspaces/isaac_ros-dev/src/isaac_ros_nvblox/install/nvblox_msgs/share/nvblox_msgs/cmake/ament_cmake_export_targets-extras.cmake
[3.289s] -- Up-to-date symlink: /workspaces/isaac_ros-dev/src/isaac_ros_nvblox/install/nvblox_msgs/share/nvblox_msgs/cmake/rosidl_cmake_export_typesupport_targets-extras.cmake
[3.289s] -- Up-to-date symlink: /workspaces/isaac_ros-dev/src/isaac_ros_nvblox/install/nvblox_msgs/share/nvblox_msgs/cmake/rosidl_cmake_export_typesupport_libraries-extras.cmake
[3.289s] -- Up-to-date symlink: /workspaces/isaac_ros-dev/src/isaac_ros_nvblox/install/nvblox_msgs/share/nvblox_msgs/cmake/nvblox_msgsConfig.cmake
[3.289s] -- Up-to-date symlink: /workspaces/isaac_ros-dev/src/isaac_ros_nvblox/install/nvblox_msgs/share/nvblox_msgs/cmake/nvblox_msgsConfig-version.cmake
[3.289s] -- Up-to-date symlink: /workspaces/isaac_ros-dev/src/isaac_ros_nvblox/install/nvblox_msgs/share/nvblox_msgs/package.xml
[3.289s] -- Up-to-date: /workspaces/isaac_ros-dev/src/isaac_ros_nvblox/install/nvblox_msgs/lib/libnvblox_msgs__rosidl_generator_c.so
[3.290s] -- Up-to-date: /workspaces/isaac_ros-dev/src/isaac_ros_nvblox/install/nvblox_msgs/lib/libnvblox_msgs__rosidl_typesupport_fastrtps_c.so
[3.290s] -- Up-to-date: /workspaces/isaac_ros-dev/src/isaac_ros_nvblox/install/nvblox_msgs/lib/libnvblox_msgs__rosidl_typesupport_introspection_c.so
[3.290s] -- Up-to-date: /workspaces/isaac_ros-dev/src/isaac_ros_nvblox/install/nvblox_msgs/lib/libnvblox_msgs__rosidl_typesupport_c.so
[3.290s] -- Up-to-date: /workspaces/isaac_ros-dev/src/isaac_ros_nvblox/install/nvblox_msgs/lib/libnvblox_msgs__rosidl_typesupport_fastrtps_cpp.so
[3.291s] -- Up-to-date: /workspaces/isaac_ros-dev/src/isaac_ros_nvblox/install/nvblox_msgs/lib/libnvblox_msgs__rosidl_typesupport_introspection_cpp.so
[3.291s] -- Up-to-date: /workspaces/isaac_ros-dev/src/isaac_ros_nvblox/install/nvblox_msgs/lib/libnvblox_msgs__rosidl_typesupport_cpp.so
[3.316s] Listing '/workspaces/isaac_ros-dev/src/isaac_ros_nvblox/install/nvblox_msgs/local/lib/python3.10/dist-packages/nvblox_msgs'...
[3.316s] Listing '/workspaces/isaac_ros-dev/src/isaac_ros_nvblox/install/nvblox_msgs/local/lib/python3.10/dist-packages/nvblox_msgs/msg'...
[3.316s] Listing '/workspaces/isaac_ros-dev/src/isaac_ros_nvblox/install/nvblox_msgs/local/lib/python3.10/dist-packages/nvblox_msgs/srv'...
[3.320s] -- Up-to-date: /workspaces/isaac_ros-dev/src/isaac_ros_nvblox/install/nvblox_msgs/lib/libnvblox_msgs__rosidl_generator_py.so
[3.320s] -- Up-to-date: /workspaces/isaac_ros-dev/src/isaac_ros_nvblox/install/nvblox_msgs/share/nvblox_msgs/cmake/export_nvblox_msgs__rosidl_generator_cExport.cmake
[3.320s] -- Up-to-date: /workspaces/isaac_ros-dev/src/isaac_ros_nvblox/install/nvblox_msgs/share/nvblox_msgs/cmake/export_nvblox_msgs__rosidl_generator_cExport-release.cmake
[3.320s] -- Up-to-date: /workspaces/isaac_ros-dev/src/isaac_ros_nvblox/install/nvblox_msgs/share/nvblox_msgs/cmake/export_nvblox_msgs__rosidl_typesupport_fastrtps_cExport.cmake
[3.320s] -- Up-to-date: /workspaces/isaac_ros-dev/src/isaac_ros_nvblox/install/nvblox_msgs/share/nvblox_msgs/cmake/export_nvblox_msgs__rosidl_typesupport_fastrtps_cExport-release.cmake
[3.320s] -- Up-to-date: /workspaces/isaac_ros-dev/src/isaac_ros_nvblox/install/nvblox_msgs/share/nvblox_msgs/cmake/nvblox_msgs__rosidl_typesupport_introspection_cExport.cmake
[3.320s] -- Up-to-date: /workspaces/isaac_ros-dev/src/isaac_ros_nvblox/install/nvblox_msgs/share/nvblox_msgs/cmake/nvblox_msgs__rosidl_typesupport_introspection_cExport-release.cmake
[3.320s] -- Up-to-date: /workspaces/isaac_ros-dev/src/isaac_ros_nvblox/install/nvblox_msgs/share/nvblox_msgs/cmake/nvblox_msgs__rosidl_typesupport_cExport.cmake
[3.320s] -- Up-to-date: /workspaces/isaac_ros-dev/src/isaac_ros_nvblox/install/nvblox_msgs/share/nvblox_msgs/cmake/nvblox_msgs__rosidl_typesupport_cExport-release.cmake
[3.320s] -- Up-to-date: /workspaces/isaac_ros-dev/src/isaac_ros_nvblox/install/nvblox_msgs/share/nvblox_msgs/cmake/export_nvblox_msgs__rosidl_generator_cppExport.cmake
[3.320s] -- Up-to-date: /workspaces/isaac_ros-dev/src/isaac_ros_nvblox/install/nvblox_msgs/share/nvblox_msgs/cmake/export_nvblox_msgs__rosidl_typesupport_fastrtps_cppExport.cmake
[3.320s] -- Up-to-date: /workspaces/isaac_ros-dev/src/isaac_ros_nvblox/install/nvblox_msgs/share/nvblox_msgs/cmake/export_nvblox_msgs__rosidl_typesupport_fastrtps_cppExport-release.cmake
[3.320s] -- Up-to-date: /workspaces/isaac_ros-dev/src/isaac_ros_nvblox/install/nvblox_msgs/share/nvblox_msgs/cmake/nvblox_msgs__rosidl_typesupport_introspection_cppExport.cmake
[3.321s] -- Up-to-date: /workspaces/isaac_ros-dev/src/isaac_ros_nvblox/install/nvblox_msgs/share/nvblox_msgs/cmake/nvblox_msgs__rosidl_typesupport_introspection_cppExport-release.cmake
[3.321s] -- Up-to-date: /workspaces/isaac_ros-dev/src/isaac_ros_nvblox/install/nvblox_msgs/share/nvblox_msgs/cmake/nvblox_msgs__rosidl_typesupport_cppExport.cmake
[3.321s] -- Up-to-date: /workspaces/isaac_ros-dev/src/isaac_ros_nvblox/install/nvblox_msgs/share/nvblox_msgs/cmake/nvblox_msgs__rosidl_typesupport_cppExport-release.cmake
[3.321s] -- Up-to-date: /workspaces/isaac_ros-dev/src/isaac_ros_nvblox/install/nvblox_msgs/share/nvblox_msgs/cmake/export_nvblox_msgs__rosidl_generator_pyExport.cmake
[3.321s] -- Up-to-date: /workspaces/isaac_ros-dev/src/isaac_ros_nvblox/install/nvblox_msgs/share/nvblox_msgs/cmake/export_nvblox_msgs__rosidl_generator_pyExport-release.cmake
[3.324s] Invoked command in '/workspaces/isaac_ros-dev/src/isaac_ros_nvblox/build/nvblox_msgs' returned '0': CMAKE_PREFIX_PATH=/opt/ros/humble _=/usr/bin/env /usr/bin/cmake --install /workspaces/isaac_ros-dev/src/isaac_ros_nvblox/build/nvblox_msgs
