[0.022s] Invoking command in '/workspaces/isaac_ros-dev/src/isaac_ros_nvblox/build/nvblox_rviz_plugin': AMENT_PREFIX_PATH=/workspaces/isaac_ros-dev/src/isaac_ros_nvblox/install/nvblox_msgs:${AMENT_PREFIX_PATH} CMAKE_PREFIX_PATH=/workspaces/isaac_ros-dev/src/isaac_ros_nvblox/install/nvblox_msgs:/opt/ros/humble LD_LIBRARY_PATH=/workspaces/isaac_ros-dev/src/isaac_ros_nvblox/install/nvblox_msgs/lib:${LD_LIBRARY_PATH} PYTHONPATH=/workspaces/isaac_ros-dev/src/isaac_ros_nvblox/install/nvblox_msgs/local/lib/python3.10/dist-packages:${PYTHONPATH} _=/usr/bin/env /usr/bin/cmake --build /workspaces/isaac_ros-dev/src/isaac_ros_nvblox/build/nvblox_rviz_plugin -- -j48 -l48
[0.100s] [ 20%] [34m[1mAutomatic MOC for target nvblox_rviz_plugin[0m
[0.132s] [ 20%] Built target nvblox_rviz_plugin_autogen
[0.154s] [35m[1mConsolidate compiler generated dependencies of target nvblox_rviz_plugin[0m
[0.194s] [100%] Built target nvblox_rviz_plugin
[0.206s] Invoked command in '/workspaces/isaac_ros-dev/src/isaac_ros_nvblox/build/nvblox_rviz_plugin' returned '0': AMENT_PREFIX_PATH=/workspaces/isaac_ros-dev/src/isaac_ros_nvblox/install/nvblox_msgs:${AMENT_PREFIX_PATH} CMAKE_PREFIX_PATH=/workspaces/isaac_ros-dev/src/isaac_ros_nvblox/install/nvblox_msgs:/opt/ros/humble LD_LIBRARY_PATH=/workspaces/isaac_ros-dev/src/isaac_ros_nvblox/install/nvblox_msgs/lib:${LD_LIBRARY_PATH} PYTHONPATH=/workspaces/isaac_ros-dev/src/isaac_ros_nvblox/install/nvblox_msgs/local/lib/python3.10/dist-packages:${PYTHONPATH} _=/usr/bin/env /usr/bin/cmake --build /workspaces/isaac_ros-dev/src/isaac_ros_nvblox/build/nvblox_rviz_plugin -- -j48 -l48
[0.439s] Invoking command in '/workspaces/isaac_ros-dev/src/isaac_ros_nvblox/build/nvblox_rviz_plugin': AMENT_PREFIX_PATH=/workspaces/isaac_ros-dev/src/isaac_ros_nvblox/install/nvblox_msgs:${AMENT_PREFIX_PATH} CMAKE_PREFIX_PATH=/workspaces/isaac_ros-dev/src/isaac_ros_nvblox/install/nvblox_msgs:/opt/ros/humble LD_LIBRARY_PATH=/workspaces/isaac_ros-dev/src/isaac_ros_nvblox/install/nvblox_msgs/lib:${LD_LIBRARY_PATH} PYTHONPATH=/workspaces/isaac_ros-dev/src/isaac_ros_nvblox/install/nvblox_msgs/local/lib/python3.10/dist-packages:${PYTHONPATH} _=/usr/bin/env /usr/bin/cmake --install /workspaces/isaac_ros-dev/src/isaac_ros_nvblox/build/nvblox_rviz_plugin
[0.447s] -- Install configuration: "Release"
[0.448s] -- Execute custom install script
[0.448s] -- Up-to-date symlink: /workspaces/isaac_ros-dev/src/isaac_ros_nvblox/install/nvblox_rviz_plugin/share/nvblox_rviz_plugin/environment/library_path.sh
[0.448s] -- Up-to-date symlink: /workspaces/isaac_ros-dev/src/isaac_ros_nvblox/install/nvblox_rviz_plugin/share/nvblox_rviz_plugin/environment/library_path.dsv
[0.448s] -- Up-to-date symlink: /workspaces/isaac_ros-dev/src/isaac_ros_nvblox/install/nvblox_rviz_plugin/include/nvblox_rviz_plugin/nvblox_hash_utils.h
[0.448s] -- Up-to-date symlink: /workspaces/isaac_ros-dev/src/isaac_ros_nvblox/install/nvblox_rviz_plugin/include/nvblox_rviz_plugin/nvblox_mesh_display.h
[0.448s] -- Up-to-date symlink: /workspaces/isaac_ros-dev/src/isaac_ros_nvblox/install/nvblox_rviz_plugin/include/nvblox_rviz_plugin/nvblox_mesh_visual.h
[0.449s] -- Up-to-date symlink: /workspaces/isaac_ros-dev/src/isaac_ros_nvblox/install/nvblox_rviz_plugin/share/nvblox_rviz_plugin/icons/classes/NvbloxMesh.png
[0.449s] -- Up-to-date symlink: /workspaces/isaac_ros-dev/src/isaac_ros_nvblox/install/nvblox_rviz_plugin/share/nvblox_rviz_plugin//plugins_description.xml
[0.449s] -- Up-to-date symlink: /workspaces/isaac_ros-dev/src/isaac_ros_nvblox/install/nvblox_rviz_plugin/share/ament_index/resource_index/package_run_dependencies/nvblox_rviz_plugin
[0.449s] -- Up-to-date symlink: /workspaces/isaac_ros-dev/src/isaac_ros_nvblox/install/nvblox_rviz_plugin/share/ament_index/resource_index/parent_prefix_path/nvblox_rviz_plugin
[0.449s] -- Up-to-date symlink: /workspaces/isaac_ros-dev/src/isaac_ros_nvblox/install/nvblox_rviz_plugin/share/nvblox_rviz_plugin/environment/ament_prefix_path.sh
[0.449s] -- Up-to-date symlink: /workspaces/isaac_ros-dev/src/isaac_ros_nvblox/install/nvblox_rviz_plugin/share/nvblox_rviz_plugin/environment/ament_prefix_path.dsv
[0.449s] -- Up-to-date symlink: /workspaces/isaac_ros-dev/src/isaac_ros_nvblox/install/nvblox_rviz_plugin/share/nvblox_rviz_plugin/environment/path.sh
[0.450s] -- Up-to-date symlink: /workspaces/isaac_ros-dev/src/isaac_ros_nvblox/install/nvblox_rviz_plugin/share/nvblox_rviz_plugin/environment/path.dsv
[0.450s] -- Up-to-date symlink: /workspaces/isaac_ros-dev/src/isaac_ros_nvblox/install/nvblox_rviz_plugin/share/nvblox_rviz_plugin/local_setup.bash
[0.450s] -- Up-to-date symlink: /workspaces/isaac_ros-dev/src/isaac_ros_nvblox/install/nvblox_rviz_plugin/share/nvblox_rviz_plugin/local_setup.sh
[0.450s] -- Up-to-date symlink: /workspaces/isaac_ros-dev/src/isaac_ros_nvblox/install/nvblox_rviz_plugin/share/nvblox_rviz_plugin/local_setup.zsh
[0.450s] -- Up-to-date symlink: /workspaces/isaac_ros-dev/src/isaac_ros_nvblox/install/nvblox_rviz_plugin/share/nvblox_rviz_plugin/local_setup.dsv
[0.450s] -- Symlinking: /workspaces/isaac_ros-dev/src/isaac_ros_nvblox/install/nvblox_rviz_plugin/share/nvblox_rviz_plugin/package.dsv
[0.459s] -- Up-to-date symlink: /workspaces/isaac_ros-dev/src/isaac_ros_nvblox/install/nvblox_rviz_plugin/share/ament_index/resource_index/packages/nvblox_rviz_plugin
[0.459s] -- Up-to-date symlink: /workspaces/isaac_ros-dev/src/isaac_ros_nvblox/install/nvblox_rviz_plugin/share/ament_index/resource_index/rviz_common__pluginlib__plugin/nvblox_rviz_plugin
[0.459s] -- Up-to-date symlink: /workspaces/isaac_ros-dev/src/isaac_ros_nvblox/install/nvblox_rviz_plugin/share/nvblox_rviz_plugin/cmake/ament_cmake_export_include_directories-extras.cmake
[0.459s] -- Up-to-date symlink: /workspaces/isaac_ros-dev/src/isaac_ros_nvblox/install/nvblox_rviz_plugin/share/nvblox_rviz_plugin/cmake/ament_cmake_export_targets-extras.cmake
[0.459s] -- Up-to-date symlink: /workspaces/isaac_ros-dev/src/isaac_ros_nvblox/install/nvblox_rviz_plugin/share/nvblox_rviz_plugin/cmake/ament_cmake_export_dependencies-extras.cmake
[0.460s] -- Up-to-date symlink: /workspaces/isaac_ros-dev/src/isaac_ros_nvblox/install/nvblox_rviz_plugin/share/nvblox_rviz_plugin/cmake/nvblox_rviz_pluginConfig.cmake
[0.460s] -- Up-to-date symlink: /workspaces/isaac_ros-dev/src/isaac_ros_nvblox/install/nvblox_rviz_plugin/share/nvblox_rviz_plugin/cmake/nvblox_rviz_pluginConfig-version.cmake
[0.460s] -- Up-to-date symlink: /workspaces/isaac_ros-dev/src/isaac_ros_nvblox/install/nvblox_rviz_plugin/share/nvblox_rviz_plugin/package.xml
[0.460s] -- Up-to-date: /workspaces/isaac_ros-dev/src/isaac_ros_nvblox/install/nvblox_rviz_plugin/lib/libnvblox_rviz_plugin.so
[0.460s] -- Up-to-date: /workspaces/isaac_ros-dev/src/isaac_ros_nvblox/install/nvblox_rviz_plugin/share/nvblox_rviz_plugin/cmake/nvblox_rviz_pluginExport.cmake
[0.460s] -- Up-to-date: /workspaces/isaac_ros-dev/src/isaac_ros_nvblox/install/nvblox_rviz_plugin/share/nvblox_rviz_plugin/cmake/nvblox_rviz_pluginExport-release.cmake
[0.463s] Invoked command in '/workspaces/isaac_ros-dev/src/isaac_ros_nvblox/build/nvblox_rviz_plugin' returned '0': AMENT_PREFIX_PATH=/workspaces/isaac_ros-dev/src/isaac_ros_nvblox/install/nvblox_msgs:${AMENT_PREFIX_PATH} CMAKE_PREFIX_PATH=/workspaces/isaac_ros-dev/src/isaac_ros_nvblox/install/nvblox_msgs:/opt/ros/humble LD_LIBRARY_PATH=/workspaces/isaac_ros-dev/src/isaac_ros_nvblox/install/nvblox_msgs/lib:${LD_LIBRARY_PATH} PYTHONPATH=/workspaces/isaac_ros-dev/src/isaac_ros_nvblox/install/nvblox_msgs/local/lib/python3.10/dist-packages:${PYTHONPATH} _=/usr/bin/env /usr/bin/cmake --install /workspaces/isaac_ros-dev/src/isaac_ros_nvblox/build/nvblox_rviz_plugin
