-- Install configuration: ""
-- Execute custom install script
-- Up-to-date symlink: /workspaces/isaac_ros-dev/src/isaac_ros_nvblox/install/nvblox_examples_bringup/share/nvblox_examples_bringup/config/nvblox/nvblox_base.yaml
-- Up-to-date symlink: /workspaces/isaac_ros-dev/src/isaac_ros_nvblox/install/nvblox_examples_bringup/share/nvblox_examples_bringup/config/nvblox/specializations/nvblox_dynamics.yaml
-- Up-to-date symlink: /workspaces/isaac_ros-dev/src/isaac_ros_nvblox/install/nvblox_examples_bringup/share/nvblox_examples_bringup/config/nvblox/specializations/nvblox_realsense.yaml
-- Up-to-date symlink: /workspaces/isaac_ros-dev/src/isaac_ros_nvblox/install/nvblox_examples_bringup/share/nvblox_examples_bringup/config/nvblox/specializations/nvblox_segmentation.yaml
-- Up-to-date symlink: /workspaces/isaac_ros-dev/src/isaac_ros_nvblox/install/nvblox_examples_bringup/share/nvblox_examples_bringup/config/nvblox/specializations/nvblox_sim.yaml
-- Up-to-date symlink: /workspaces/isaac_ros-dev/src/isaac_ros_nvblox/install/nvblox_examples_bringup/share/nvblox_examples_bringup/config/sensors/keti_realsense.yaml
-- Up-to-date symlink: /workspaces/isaac_ros-dev/src/isaac_ros_nvblox/install/nvblox_examples_bringup/share/nvblox_examples_bringup/config/sensors/realsense.yaml
-- Up-to-date symlink: /workspaces/isaac_ros-dev/src/isaac_ros_nvblox/install/nvblox_examples_bringup/share/nvblox_examples_bringup/config/visualization/isaac_sim_dynamics_example.rviz
-- Up-to-date symlink: /workspaces/isaac_ros-dev/src/isaac_ros_nvblox/install/nvblox_examples_bringup/share/nvblox_examples_bringup/config/visualization/isaac_sim_example.rviz
-- Up-to-date symlink: /workspaces/isaac_ros-dev/src/isaac_ros_nvblox/install/nvblox_examples_bringup/share/nvblox_examples_bringup/config/visualization/isaac_sim_people_example.rviz
-- Up-to-date symlink: /workspaces/isaac_ros-dev/src/isaac_ros_nvblox/install/nvblox_examples_bringup/share/nvblox_examples_bringup/config/visualization/realsense_dynamics_example.rviz
-- Up-to-date symlink: /workspaces/isaac_ros-dev/src/isaac_ros_nvblox/install/nvblox_examples_bringup/share/nvblox_examples_bringup/config/visualization/realsense_example.rviz
-- Up-to-date symlink: /workspaces/isaac_ros-dev/src/isaac_ros_nvblox/install/nvblox_examples_bringup/share/nvblox_examples_bringup/config/visualization/realsense_people_example.rviz
-- Up-to-date symlink: /workspaces/isaac_ros-dev/src/isaac_ros_nvblox/install/nvblox_examples_bringup/share/nvblox_examples_bringup/launch/compressed_realsense_example.launch.py
-- Up-to-date symlink: /workspaces/isaac_ros-dev/src/isaac_ros_nvblox/install/nvblox_examples_bringup/share/nvblox_examples_bringup/launch/isaac_sim_example.launch.py
-- Up-to-date symlink: /workspaces/isaac_ros-dev/src/isaac_ros_nvblox/install/nvblox_examples_bringup/share/nvblox_examples_bringup/launch/keti_compressed_realsense_receiver.launch.py
-- Up-to-date symlink: /workspaces/isaac_ros-dev/src/isaac_ros_nvblox/install/nvblox_examples_bringup/share/nvblox_examples_bringup/launch/keti_compressed_realsense_receiver_with_vslam.launch.py
-- Up-to-date symlink: /workspaces/isaac_ros-dev/src/isaac_ros_nvblox/install/nvblox_examples_bringup/share/nvblox_examples_bringup/launch/keti_compressed_realsense_receiver_without_vslam.launch.py
-- Up-to-date symlink: /workspaces/isaac_ros-dev/src/isaac_ros_nvblox/install/nvblox_examples_bringup/share/nvblox_examples_bringup/launch/keti_compressed_realsense_receiver_without_vslam_seg.launch.py
-- Up-to-date symlink: /workspaces/isaac_ros-dev/src/isaac_ros_nvblox/install/nvblox_examples_bringup/share/nvblox_examples_bringup/launch/keti_realsense_receiver.launch.py
-- Up-to-date symlink: /workspaces/isaac_ros-dev/src/isaac_ros_nvblox/install/nvblox_examples_bringup/share/nvblox_examples_bringup/launch/keti_realsense_receiver_.launch.py
-- Up-to-date symlink: /workspaces/isaac_ros-dev/src/isaac_ros_nvblox/install/nvblox_examples_bringup/share/nvblox_examples_bringup/launch/keti_realsense_receiver_without_vslam.launch.py
-- Up-to-date symlink: /workspaces/isaac_ros-dev/src/isaac_ros_nvblox/install/nvblox_examples_bringup/share/nvblox_examples_bringup/launch/keti_realsense_receiver_without_vslam_nvblox.launch.py
-- Up-to-date symlink: /workspaces/isaac_ros-dev/src/isaac_ros_nvblox/install/nvblox_examples_bringup/share/nvblox_examples_bringup/launch/keti_realsense_receiver_without_vslam_w_nvblox.launch.py
-- Up-to-date symlink: /workspaces/isaac_ros-dev/src/isaac_ros_nvblox/install/nvblox_examples_bringup/share/nvblox_examples_bringup/launch/keti_realsense_receiver_without_vslam_w_nvblox_lio.launch.py
-- Up-to-date symlink: /workspaces/isaac_ros-dev/src/isaac_ros_nvblox/install/nvblox_examples_bringup/share/nvblox_examples_bringup/launch/keti_visualization.launch.py
-- Up-to-date symlink: /workspaces/isaac_ros-dev/src/isaac_ros_nvblox/install/nvblox_examples_bringup/share/nvblox_examples_bringup/launch/navigation/nvblox_carter_navigation.launch.py
-- Up-to-date symlink: /workspaces/isaac_ros-dev/src/isaac_ros_nvblox/install/nvblox_examples_bringup/share/nvblox_examples_bringup/launch/perception/keti_segmentation.launch.py
-- Up-to-date symlink: /workspaces/isaac_ros-dev/src/isaac_ros_nvblox/install/nvblox_examples_bringup/share/nvblox_examples_bringup/launch/perception/nvblox.launch.py
-- Up-to-date symlink: /workspaces/isaac_ros-dev/src/isaac_ros_nvblox/install/nvblox_examples_bringup/share/nvblox_examples_bringup/launch/perception/segmentation.launch.py
-- Up-to-date symlink: /workspaces/isaac_ros-dev/src/isaac_ros_nvblox/install/nvblox_examples_bringup/share/nvblox_examples_bringup/launch/perception/vslam.launch.py
-- Up-to-date symlink: /workspaces/isaac_ros-dev/src/isaac_ros_nvblox/install/nvblox_examples_bringup/share/nvblox_examples_bringup/launch/realsense_example.launch.py
-- Up-to-date symlink: /workspaces/isaac_ros-dev/src/isaac_ros_nvblox/install/nvblox_examples_bringup/share/nvblox_examples_bringup/launch/realsense_receiver.launch.py
-- Up-to-date symlink: /workspaces/isaac_ros-dev/src/isaac_ros_nvblox/install/nvblox_examples_bringup/share/nvblox_examples_bringup/launch/republish_nodes.launch.py
-- Up-to-date symlink: /workspaces/isaac_ros-dev/src/isaac_ros_nvblox/install/nvblox_examples_bringup/share/nvblox_examples_bringup/launch/republish_nodes_without_vslam.launch.py
-- Up-to-date symlink: /workspaces/isaac_ros-dev/src/isaac_ros_nvblox/install/nvblox_examples_bringup/share/nvblox_examples_bringup/launch/sensors/keti_compressed_realsense.launch.py
-- Up-to-date symlink: /workspaces/isaac_ros-dev/src/isaac_ros_nvblox/install/nvblox_examples_bringup/share/nvblox_examples_bringup/launch/sensors/keti_compressed_realsense_without_realsense.launch.py
-- Up-to-date symlink: /workspaces/isaac_ros-dev/src/isaac_ros_nvblox/install/nvblox_examples_bringup/share/nvblox_examples_bringup/launch/sensors/realsense.launch.py
-- Up-to-date symlink: /workspaces/isaac_ros-dev/src/isaac_ros_nvblox/install/nvblox_examples_bringup/share/nvblox_examples_bringup/launch/sensors/realsense_sensor_receiver.launch.py
-- Up-to-date symlink: /workspaces/isaac_ros-dev/src/isaac_ros_nvblox/install/nvblox_examples_bringup/share/nvblox_examples_bringup/launch/sensors/record_realsense.launch.py
-- Up-to-date symlink: /workspaces/isaac_ros-dev/src/isaac_ros_nvblox/install/nvblox_examples_bringup/share/nvblox_examples_bringup/launch/visualization/foxglove_bridge.launch.py
-- Up-to-date symlink: /workspaces/isaac_ros-dev/src/isaac_ros_nvblox/install/nvblox_examples_bringup/share/nvblox_examples_bringup/launch/visualization/rviz.launch.py
-- Up-to-date symlink: /workspaces/isaac_ros-dev/src/isaac_ros_nvblox/install/nvblox_examples_bringup/share/nvblox_examples_bringup/launch/visualization/visualization.launch.py
-- Up-to-date symlink: /workspaces/isaac_ros-dev/src/isaac_ros_nvblox/install/nvblox_examples_bringup/share/ament_index/resource_index/package_run_dependencies/nvblox_examples_bringup
-- Up-to-date symlink: /workspaces/isaac_ros-dev/src/isaac_ros_nvblox/install/nvblox_examples_bringup/share/ament_index/resource_index/parent_prefix_path/nvblox_examples_bringup
-- Up-to-date symlink: /workspaces/isaac_ros-dev/src/isaac_ros_nvblox/install/nvblox_examples_bringup/share/nvblox_examples_bringup/environment/ament_prefix_path.sh
-- Up-to-date symlink: /workspaces/isaac_ros-dev/src/isaac_ros_nvblox/install/nvblox_examples_bringup/share/nvblox_examples_bringup/environment/ament_prefix_path.dsv
-- Up-to-date symlink: /workspaces/isaac_ros-dev/src/isaac_ros_nvblox/install/nvblox_examples_bringup/share/nvblox_examples_bringup/environment/path.sh
-- Up-to-date symlink: /workspaces/isaac_ros-dev/src/isaac_ros_nvblox/install/nvblox_examples_bringup/share/nvblox_examples_bringup/environment/path.dsv
-- Up-to-date symlink: /workspaces/isaac_ros-dev/src/isaac_ros_nvblox/install/nvblox_examples_bringup/share/nvblox_examples_bringup/local_setup.bash
-- Up-to-date symlink: /workspaces/isaac_ros-dev/src/isaac_ros_nvblox/install/nvblox_examples_bringup/share/nvblox_examples_bringup/local_setup.sh
-- Up-to-date symlink: /workspaces/isaac_ros-dev/src/isaac_ros_nvblox/install/nvblox_examples_bringup/share/nvblox_examples_bringup/local_setup.zsh
-- Up-to-date symlink: /workspaces/isaac_ros-dev/src/isaac_ros_nvblox/install/nvblox_examples_bringup/share/nvblox_examples_bringup/local_setup.dsv
-- Symlinking: /workspaces/isaac_ros-dev/src/isaac_ros_nvblox/install/nvblox_examples_bringup/share/nvblox_examples_bringup/package.dsv
-- Up-to-date symlink: /workspaces/isaac_ros-dev/src/isaac_ros_nvblox/install/nvblox_examples_bringup/share/ament_index/resource_index/packages/nvblox_examples_bringup
-- Up-to-date symlink: /workspaces/isaac_ros-dev/src/isaac_ros_nvblox/install/nvblox_examples_bringup/share/nvblox_examples_bringup/cmake/nvblox_examples_bringupConfig.cmake
-- Up-to-date symlink: /workspaces/isaac_ros-dev/src/isaac_ros_nvblox/install/nvblox_examples_bringup/share/nvblox_examples_bringup/cmake/nvblox_examples_bringupConfig-version.cmake
-- Up-to-date symlink: /workspaces/isaac_ros-dev/src/isaac_ros_nvblox/install/nvblox_examples_bringup/share/nvblox_examples_bringup/package.xml
